#! /c/Source/iverilog-install/bin/vvp
:ivl_version "12.0 (devel)" "(s20150603-1110-g18392a46)";
:ivl_delay_selection "TYPICAL";
:vpi_time_precision + 0;
:vpi_module "C:\iverilog\lib\ivl\system.vpi";
:vpi_module "C:\iverilog\lib\ivl\vhdl_sys.vpi";
:vpi_module "C:\iverilog\lib\ivl\vhdl_textio.vpi";
:vpi_module "C:\iverilog\lib\ivl\v2005_math.vpi";
:vpi_module "C:\iverilog\lib\ivl\va_math.vpi";
S_000001fd05612880 .scope module, "tb_traffic" "tb_traffic" 2 1;
 .timescale 0 0;
v000001fd0558d160_0 .var "clk", 0 0;
v000001fd0558d200_0 .net "o_green", 0 0, v000001fd05612ba0_0;  1 drivers
v000001fd05695c50_0 .net "o_red", 0 0, v000001fd05612c40_0;  1 drivers
v000001fd05695cf0_0 .net "o_yellow", 0 0, v000001fd05612ce0_0;  1 drivers
v000001fd05695d90_0 .var "rst", 0 0;
S_000001fd05612a10 .scope module, "uut" "traffic" 2 7, 3 1 0, S_000001fd05612880;
 .timescale 0 0;
    .port_info 0 /OUTPUT 1 "o_red";
    .port_info 1 /OUTPUT 1 "o_yellow";
    .port_info 2 /OUTPUT 1 "o_green";
    .port_info 3 /INPUT 1 "rst";
    .port_info 4 /INPUT 1 "clk";
P_000001fd0564ef10 .param/l "green" 1 3 11, C4<10>;
P_000001fd0564ef48 .param/l "red" 1 3 9, C4<00>;
P_000001fd0564ef80 .param/l "yellow" 1 3 10, C4<01>;
v000001fd056130c0_0 .var "baud_count", 4 0;
v000001fd05612eb0_0 .net "clk", 0 0, v000001fd0558d160_0;  1 drivers
v000001fd05612ba0_0 .var "o_green", 0 0;
v000001fd05612c40_0 .var "o_red", 0 0;
v000001fd05612ce0_0 .var "o_yellow", 0 0;
v000001fd0558cf80_0 .net "rst", 0 0, v000001fd05695d90_0;  1 drivers
v000001fd0558d020_0 .var "st", 1 0;
v000001fd0558d0c0_0 .var "timer_limit", 4 0;
E_000001fd0558a5b0 .event posedge, v000001fd05612eb0_0;
    .scope S_000001fd05612a10;
T_0 ;
    %wait E_000001fd0558a5b0;
    %load/vec4 v000001fd0558cf80_0;
    %flag_set/vec4 8;
    %jmp/0xz  T_0.0, 8;
    %pushi/vec4 0, 0, 5;
    %assign/vec4 v000001fd056130c0_0, 0;
    %jmp T_0.1;
T_0.0 ;
    %load/vec4 v000001fd056130c0_0;
    %load/vec4 v000001fd0558d0c0_0;
    %subi 1, 0, 5;
    %cmp/e;
    %jmp/0xz  T_0.2, 4;
    %pushi/vec4 0, 0, 5;
    %assign/vec4 v000001fd056130c0_0, 0;
    %jmp T_0.3;
T_0.2 ;
    %load/vec4 v000001fd056130c0_0;
    %addi 1, 0, 5;
    %assign/vec4 v000001fd056130c0_0, 0;
T_0.3 ;
T_0.1 ;
    %jmp T_0;
    .thread T_0;
    .scope S_000001fd05612a10;
T_1 ;
    %wait E_000001fd0558a5b0;
    %load/vec4 v000001fd0558cf80_0;
    %flag_set/vec4 8;
    %jmp/0xz  T_1.0, 8;
    %pushi/vec4 0, 0, 5;
    %assign/vec4 v000001fd0558d0c0_0, 0;
    %pushi/vec4 0, 0, 1;
    %assign/vec4 v000001fd05612ba0_0, 0;
    %pushi/vec4 0, 0, 1;
    %assign/vec4 v000001fd05612c40_0, 0;
    %pushi/vec4 0, 0, 1;
    %assign/vec4 v000001fd05612ce0_0, 0;
    %pushi/vec4 0, 0, 2;
    %assign/vec4 v000001fd0558d020_0, 0;
    %jmp T_1.1;
T_1.0 ;
    %load/vec4 v000001fd0558d020_0;
    %dup/vec4;
    %pushi/vec4 0, 0, 2;
    %cmp/u;
    %jmp/1 T_1.2, 6;
    %dup/vec4;
    %pushi/vec4 1, 0, 2;
    %cmp/u;
    %jmp/1 T_1.3, 6;
    %dup/vec4;
    %pushi/vec4 2, 0, 2;
    %cmp/u;
    %jmp/1 T_1.4, 6;
    %pushi/vec4 0, 0, 2;
    %assign/vec4 v000001fd0558d020_0, 0;
    %jmp T_1.6;
T_1.2 ;
    %pushi/vec4 30, 0, 5;
    %assign/vec4 v000001fd0558d0c0_0, 0;
    %pushi/vec4 1, 0, 1;
    %assign/vec4 v000001fd05612c40_0, 0;
    %pushi/vec4 0, 0, 1;
    %assign/vec4 v000001fd05612ba0_0, 0;
    %pushi/vec4 0, 0, 1;
    %assign/vec4 v000001fd05612ce0_0, 0;
    %load/vec4 v000001fd056130c0_0;
    %pad/u 32;
    %load/vec4 v000001fd0558d0c0_0;
    %pad/u 32;
    %subi 1, 0, 32;
    %cmp/e;
    %jmp/0xz  T_1.7, 4;
    %pushi/vec4 1, 0, 2;
    %assign/vec4 v000001fd0558d020_0, 0;
T_1.7 ;
    %jmp T_1.6;
T_1.3 ;
    %pushi/vec4 5, 0, 5;
    %assign/vec4 v000001fd0558d0c0_0, 0;
    %pushi/vec4 0, 0, 1;
    %assign/vec4 v000001fd05612c40_0, 0;
    %pushi/vec4 0, 0, 1;
    %assign/vec4 v000001fd05612ba0_0, 0;
    %pushi/vec4 1, 0, 1;
    %assign/vec4 v000001fd05612ce0_0, 0;
    %load/vec4 v000001fd056130c0_0;
    %pad/u 32;
    %load/vec4 v000001fd0558d0c0_0;
    %pad/u 32;
    %subi 1, 0, 32;
    %cmp/e;
    %jmp/0xz  T_1.9, 4;
    %pushi/vec4 2, 0, 2;
    %assign/vec4 v000001fd0558d020_0, 0;
T_1.9 ;
    %jmp T_1.6;
T_1.4 ;
    %pushi/vec4 25, 0, 5;
    %assign/vec4 v000001fd0558d0c0_0, 0;
    %pushi/vec4 0, 0, 1;
    %assign/vec4 v000001fd05612c40_0, 0;
    %pushi/vec4 1, 0, 1;
    %assign/vec4 v000001fd05612ba0_0, 0;
    %pushi/vec4 0, 0, 1;
    %assign/vec4 v000001fd05612ce0_0, 0;
    %load/vec4 v000001fd056130c0_0;
    %pad/u 32;
    %load/vec4 v000001fd0558d0c0_0;
    %pad/u 32;
    %subi 1, 0, 32;
    %cmp/e;
    %jmp/0xz  T_1.11, 4;
    %pushi/vec4 0, 0, 2;
    %assign/vec4 v000001fd0558d020_0, 0;
T_1.11 ;
    %jmp T_1.6;
T_1.6 ;
    %pop/vec4 1;
T_1.1 ;
    %jmp T_1;
    .thread T_1;
    .scope S_000001fd05612880;
T_2 ;
    %delay 5, 0;
    %load/vec4 v000001fd0558d160_0;
    %inv;
    %store/vec4 v000001fd0558d160_0, 0, 1;
    %jmp T_2;
    .thread T_2;
    .scope S_000001fd05612880;
T_3 ;
    %vpi_call 2 12 "$dumpfile", "dump.vcd" {0 0 0};
    %vpi_call 2 13 "$dumpvars", 32'sb00000000000000000000000000000000, S_000001fd05612880 {0 0 0};
    %pushi/vec4 0, 0, 1;
    %store/vec4 v000001fd05695d90_0, 0, 1;
    %pushi/vec4 0, 0, 1;
    %store/vec4 v000001fd0558d160_0, 0, 1;
    %delay 3, 0;
    %pushi/vec4 1, 0, 1;
    %store/vec4 v000001fd05695d90_0, 0, 1;
    %delay 3, 0;
    %pushi/vec4 0, 0, 1;
    %store/vec4 v000001fd05695d90_0, 0, 1;
    %delay 1500, 0;
    %vpi_call 2 17 "$finish" {0 0 0};
    %end;
    .thread T_3;
# The file index is used to find the file name in the following table.
:file_names 4;
    "N/A";
    "<interactive>";
    "tb_traffic.v";
    "./traffic.v";
