#! /c/Source/iverilog-install/bin/vvp
:ivl_version "12.0 (devel)" "(s20150603-1110-g18392a46)";
:ivl_delay_selection "TYPICAL";
:vpi_time_precision + 0;
:vpi_module "C:\iverilog\lib\ivl\system.vpi";
:vpi_module "C:\iverilog\lib\ivl\vhdl_sys.vpi";
:vpi_module "C:\iverilog\lib\ivl\vhdl_textio.vpi";
:vpi_module "C:\iverilog\lib\ivl\v2005_math.vpi";
:vpi_module "C:\iverilog\lib\ivl\va_math.vpi";
S_000002072c1e2800 .scope module, "tb_pipo" "tb_pipo" 2 1;
 .timescale 0 0;
v000002072c212a60_0 .var "clk", 0 0;
v000002072c212b00_0 .var "enable", 7 0;
v000002072c212ba0_0 .var "parallel_in", 7 0;
v000002072c212c40_0 .net "q", 7 0, v000002072c227340_0;  1 drivers
v000002072c212ce0_0 .var "rst", 0 0;
S_000002072c1e2990 .scope module, "uut" "pipo" 2 7, 3 1 0, S_000002072c1e2800;
 .timescale 0 0;
    .port_info 0 /INPUT 8 "parallel_in";
    .port_info 1 /INPUT 8 "enable";
    .port_info 2 /INPUT 1 "rst";
    .port_info 3 /INPUT 1 "clk";
    .port_info 4 /OUTPUT 8 "q";
v000002072c1e2b20_0 .net "clk", 0 0, v000002072c212a60_0;  1 drivers
v000002072c1e2bc0_0 .net "enable", 7 0, v000002072c212b00_0;  1 drivers
v000002072c227200_0 .var/i "i", 31 0;
v000002072c2272a0_0 .net "parallel_in", 7 0, v000002072c212ba0_0;  1 drivers
v000002072c227340_0 .var "q", 7 0;
v000002072c2273e0_0 .net "rst", 0 0, v000002072c212ce0_0;  1 drivers
E_000002072c159c00 .event posedge, v000002072c1e2b20_0;
    .scope S_000002072c1e2990;
T_0 ;
    %wait E_000002072c159c00;
    %load/vec4 v000002072c2273e0_0;
    %cmpi/e 1, 0, 1;
    %jmp/0xz  T_0.0, 4;
    %pushi/vec4 0, 0, 8;
    %assign/vec4 v000002072c227340_0, 0;
    %jmp T_0.1;
T_0.0 ;
    %pushi/vec4 0, 0, 32;
    %store/vec4 v000002072c227200_0, 0, 32;
T_0.2 ;
    %load/vec4 v000002072c227200_0;
    %cmpi/s 8, 0, 32;
    %jmp/0xz T_0.3, 5;
    %load/vec4 v000002072c1e2bc0_0;
    %load/vec4 v000002072c227200_0;
    %part/s 1;
    %cmpi/e 1, 0, 1;
    %jmp/0xz  T_0.4, 4;
    %load/vec4 v000002072c2272a0_0;
    %load/vec4 v000002072c227200_0;
    %part/s 1;
    %ix/load 5, 0, 0;
    %ix/getv/s 4, v000002072c227200_0;
    %assign/vec4/off/d v000002072c227340_0, 4, 5;
    %jmp T_0.5;
T_0.4 ;
    %load/vec4 v000002072c227340_0;
    %load/vec4 v000002072c227200_0;
    %part/s 1;
    %ix/load 5, 0, 0;
    %ix/getv/s 4, v000002072c227200_0;
    %assign/vec4/off/d v000002072c227340_0, 4, 5;
T_0.5 ;
    %load/vec4 v000002072c227200_0;
    %addi 1, 0, 32;
    %store/vec4 v000002072c227200_0, 0, 32;
    %jmp T_0.2;
T_0.3 ;
T_0.1 ;
    %jmp T_0;
    .thread T_0;
    .scope S_000002072c1e2800;
T_1 ;
    %delay 5, 0;
    %load/vec4 v000002072c212a60_0;
    %inv;
    %store/vec4 v000002072c212a60_0, 0, 1;
    %jmp T_1;
    .thread T_1;
    .scope S_000002072c1e2800;
T_2 ;
    %vpi_call 2 16 "$dumpfile", "dump.vcd" {0 0 0};
    %vpi_call 2 17 "$dumpvars", 32'sb00000000000000000000000000000000, S_000002072c1e2800 {0 0 0};
    %pushi/vec4 0, 0, 1;
    %store/vec4 v000002072c212ce0_0, 0, 1;
    %pushi/vec4 0, 0, 1;
    %store/vec4 v000002072c212a60_0, 0, 1;
    %pushi/vec4 0, 0, 8;
    %store/vec4 v000002072c212b00_0, 0, 8;
    %pushi/vec4 0, 0, 8;
    %store/vec4 v000002072c212ba0_0, 0, 8;
    %delay 2, 0;
    %pushi/vec4 1, 0, 1;
    %store/vec4 v000002072c212ce0_0, 0, 1;
    %delay 4, 0;
    %pushi/vec4 0, 0, 1;
    %store/vec4 v000002072c212ce0_0, 0, 1;
    %pushi/vec4 210, 0, 8;
    %store/vec4 v000002072c212ba0_0, 0, 8;
    %pushi/vec4 15, 0, 8;
    %store/vec4 v000002072c212b00_0, 0, 8;
    %delay 10, 0;
    %pushi/vec4 138, 0, 8;
    %store/vec4 v000002072c212ba0_0, 0, 8;
    %pushi/vec4 240, 0, 8;
    %store/vec4 v000002072c212b00_0, 0, 8;
    %delay 10, 0;
    %vpi_call 2 26 "$finish" {0 0 0};
    %end;
    .thread T_2;
# The file index is used to find the file name in the following table.
:file_names 4;
    "N/A";
    "<interactive>";
    "tb_pipo.v";
    "./pipo.v";
