#! /c/Source/iverilog-install/bin/vvp
:ivl_version "12.0 (devel)" "(s20150603-1110-g18392a46)";
:ivl_delay_selection "TYPICAL";
:vpi_time_precision + 0;
:vpi_module "C:\iverilog\lib\ivl\system.vpi";
:vpi_module "C:\iverilog\lib\ivl\vhdl_sys.vpi";
:vpi_module "C:\iverilog\lib\ivl\vhdl_textio.vpi";
:vpi_module "C:\iverilog\lib\ivl\v2005_math.vpi";
:vpi_module "C:\iverilog\lib\ivl\va_math.vpi";
S_0000026a50aeab00 .scope module, "tb_adder" "tb_adder" 2 1;
 .timescale 0 0;
v0000026a50b37a50_0 .var "a", 3 0;
v0000026a50b37af0_0 .var "b", 3 0;
v0000026a50b02880_0 .var/i "expected", 31 0;
v0000026a50b02920_0 .var/i "i", 31 0;
v0000026a50b029c0_0 .var/i "j", 31 0;
v0000026a50b02a60_0 .net "sum", 4 0, L_0000026a50bc81f0;  1 drivers
S_0000026a50aebc10 .scope module, "uut" "adder" 2 5, 3 1 0, S_0000026a50aeab00;
 .timescale 0 0;
    .port_info 0 /INPUT 4 "a";
    .port_info 1 /INPUT 4 "b";
    .port_info 2 /OUTPUT 5 "sum";
v0000026a50aebda0_0 .net *"_ivl_0", 4 0, L_0000026a50b02b00;  1 drivers
L_0000026a50b7f838 .functor BUFT 1, C4<0>, C4<0>, C4<0>, C4<0>;
v0000026a50aebe40_0 .net *"_ivl_3", 0 0, L_0000026a50b7f838;  1 drivers
v0000026a50b37730_0 .net *"_ivl_4", 4 0, L_0000026a50bc8470;  1 drivers
L_0000026a50b7f880 .functor BUFT 1, C4<0>, C4<0>, C4<0>, C4<0>;
v0000026a50b377d0_0 .net *"_ivl_7", 0 0, L_0000026a50b7f880;  1 drivers
v0000026a50b37870_0 .net "a", 3 0, v0000026a50b37a50_0;  1 drivers
v0000026a50b37910_0 .net "b", 3 0, v0000026a50b37af0_0;  1 drivers
v0000026a50b379b0_0 .net "sum", 4 0, L_0000026a50bc81f0;  alias, 1 drivers
L_0000026a50b02b00 .concat [ 4 1 0 0], v0000026a50b37a50_0, L_0000026a50b7f838;
L_0000026a50bc8470 .concat [ 4 1 0 0], v0000026a50b37af0_0, L_0000026a50b7f880;
L_0000026a50bc81f0 .arith/sum 5, L_0000026a50b02b00, L_0000026a50bc8470;
    .scope S_0000026a50aeab00;
T_0 ;
    %vpi_call 2 11 "$dumpfile", "dump.vcd" {0 0 0};
    %vpi_call 2 12 "$dumpvars", 32'sb00000000000000000000000000000000, S_0000026a50aeab00 {0 0 0};
    %pushi/vec4 0, 0, 32;
    %store/vec4 v0000026a50b029c0_0, 0, 32;
T_0.0 ;
    %load/vec4 v0000026a50b029c0_0;
    %cmpi/s 16, 0, 32;
    %jmp/0xz T_0.1, 5;
    %pushi/vec4 0, 0, 32;
    %store/vec4 v0000026a50b02920_0, 0, 32;
T_0.2 ;
    %load/vec4 v0000026a50b02920_0;
    %cmpi/s 16, 0, 32;
    %jmp/0xz T_0.3, 5;
    %load/vec4 v0000026a50b02920_0;
    %pad/s 4;
    %store/vec4 v0000026a50b37a50_0, 0, 4;
    %load/vec4 v0000026a50b029c0_0;
    %pad/s 4;
    %store/vec4 v0000026a50b37af0_0, 0, 4;
    %load/vec4 v0000026a50b37a50_0;
    %pad/u 32;
    %load/vec4 v0000026a50b37af0_0;
    %pad/u 32;
    %add;
    %store/vec4 v0000026a50b02880_0, 0, 32;
    %delay 1, 0;
    %load/vec4 v0000026a50b02a60_0;
    %pad/u 32;
    %load/vec4 v0000026a50b02880_0;
    %cmp/e;
    %jmp/0xz  T_0.4, 6;
    %vpi_call 2 20 "$display", "PASS: a=%d b=%d expected=%d got=%d", v0000026a50b37a50_0, v0000026a50b37af0_0, v0000026a50b02880_0, v0000026a50b02a60_0 {0 0 0};
    %jmp T_0.5;
T_0.4 ;
    %vpi_call 2 22 "$display", "FAIL: a=%d b=%d expected=%d got=%d", v0000026a50b37a50_0, v0000026a50b37af0_0, v0000026a50b02880_0, v0000026a50b02a60_0 {0 0 0};
T_0.5 ;
    %delay 5, 0;
    %load/vec4 v0000026a50b02920_0;
    %addi 1, 0, 32;
    %store/vec4 v0000026a50b02920_0, 0, 32;
    %jmp T_0.2;
T_0.3 ;
    %load/vec4 v0000026a50b029c0_0;
    %addi 1, 0, 32;
    %store/vec4 v0000026a50b029c0_0, 0, 32;
    %jmp T_0.0;
T_0.1 ;
    %end;
    .thread T_0;
# The file index is used to find the file name in the following table.
:file_names 4;
    "N/A";
    "<interactive>";
    "tb_adder.v";
    "./adder.v";
