#! /c/Source/iverilog-install/bin/vvp
:ivl_version "12.0 (devel)" "(s20150603-1110-g18392a46)";
:ivl_delay_selection "TYPICAL";
:vpi_time_precision + 0;
:vpi_module "C:\iverilog\lib\ivl\system.vpi";
:vpi_module "C:\iverilog\lib\ivl\vhdl_sys.vpi";
:vpi_module "C:\iverilog\lib\ivl\vhdl_textio.vpi";
:vpi_module "C:\iverilog\lib\ivl\v2005_math.vpi";
:vpi_module "C:\iverilog\lib\ivl\va_math.vpi";
S_0000025f7067e4f0 .scope module, "tb_uart_tx" "tb_uart_tx" 2 1;
 .timescale 0 0;
v0000025f709b26c0_0 .var "clk", 0 0;
v0000025f709b28a0_0 .var "rst", 0 0;
v0000025f709b29e0_0 .net "tx_active", 0 0, v0000025f709b1810_0;  1 drivers
v0000025f709b2120_0 .var "tx_data", 7 0;
v0000025f709b1ae0_0 .net "tx_done", 0 0, v0000025f709b1950_0;  1 drivers
v0000025f709b1ea0_0 .net "tx_out", 0 0, v0000025f709b19f0_0;  1 drivers
v0000025f709b2760_0 .var "tx_start", 0 0;
S_0000025f7067e680 .scope module, "uut" "uart_tx" 2 9, 3 1 0, S_0000025f7067e4f0;
 .timescale 0 0;
    .port_info 0 /INPUT 1 "rst";
    .port_info 1 /INPUT 1 "clk";
    .port_info 2 /INPUT 1 "tx_start";
    .port_info 3 /INPUT 8 "tx_data";
    .port_info 4 /OUTPUT 1 "tx_out";
    .port_info 5 /OUTPUT 1 "tx_active";
    .port_info 6 /OUTPUT 1 "tx_done";
P_0000025f7067e810 .param/l "DATA" 1 3 16, C4<10>;
P_0000025f7067e848 .param/l "DIVISOR" 0 3 4, +C4<00000000000000000001010001011000>;
P_0000025f7067e880 .param/l "IDLE" 1 3 14, C4<00>;
P_0000025f7067e8b8 .param/l "START" 1 3 15, C4<01>;
P_0000025f7067e8f0 .param/l "STOP" 1 3 17, C4<11>;
P_0000025f7067e928 .param/l "baud_click" 0 3 3, +C4<00000000000000000010010110000000>;
P_0000025f7067e960 .param/l "clk_freq" 0 3 2, +C4<00000010111110101111000010000000>;
v0000025f7067bc00_0 .net *"_ivl_0", 31 0, L_0000025f709b2440;  1 drivers
L_0000025f709b32b8 .functor BUFT 1, C4<0000000000000000000>, C4<0>, C4<0>, C4<0>;
v0000025f70954830_0 .net *"_ivl_3", 18 0, L_0000025f709b32b8;  1 drivers
L_0000025f709b3300 .functor BUFT 1, C4<00000000000000000001010001010111>, C4<0>, C4<0>, C4<0>;
v0000025f70922c90_0 .net/2u *"_ivl_4", 31 0, L_0000025f709b3300;  1 drivers
v0000025f709b1450_0 .var "baud_count", 12 0;
v0000025f709b14f0_0 .net "baud_tick", 0 0, L_0000025f709b2800;  1 drivers
v0000025f709b1590_0 .var "bits_ind", 2 0;
v0000025f709b1630_0 .net "clk", 0 0, v0000025f709b26c0_0;  1 drivers
v0000025f709b16d0_0 .net "rst", 0 0, v0000025f709b28a0_0;  1 drivers
v0000025f709b1770_0 .var "state", 1 0;
v0000025f709b1810_0 .var "tx_active", 0 0;
v0000025f709b18b0_0 .net "tx_data", 7 0, v0000025f709b2120_0;  1 drivers
v0000025f709b1950_0 .var "tx_done", 0 0;
v0000025f709b19f0_0 .var "tx_out", 0 0;
v0000025f709b2620_0 .var "tx_shift", 7 0;
v0000025f709b1d60_0 .net "tx_start", 0 0, v0000025f709b2760_0;  1 drivers
E_0000025f70949e80 .event posedge, v0000025f709b1630_0;
L_0000025f709b2440 .concat [ 13 19 0 0], v0000025f709b1450_0, L_0000025f709b32b8;
L_0000025f709b2800 .cmp/eq 32, L_0000025f709b2440, L_0000025f709b3300;
    .scope S_0000025f7067e680;
T_0 ;
    %wait E_0000025f70949e80;
    %load/vec4 v0000025f709b16d0_0;
    %flag_set/vec4 8;
    %jmp/0xz  T_0.0, 8;
    %pushi/vec4 0, 0, 13;
    %assign/vec4 v0000025f709b1450_0, 0;
    %jmp T_0.1;
T_0.0 ;
    %load/vec4 v0000025f709b1810_0;
    %flag_set/vec4 8;
    %jmp/0xz  T_0.2, 8;
    %load/vec4 v0000025f709b14f0_0;
    %flag_set/vec4 8;
    %jmp/0xz  T_0.4, 8;
    %pushi/vec4 0, 0, 13;
    %assign/vec4 v0000025f709b1450_0, 0;
    %jmp T_0.5;
T_0.4 ;
    %load/vec4 v0000025f709b1450_0;
    %addi 1, 0, 13;
    %store/vec4 v0000025f709b1450_0, 0, 13;
T_0.5 ;
    %jmp T_0.3;
T_0.2 ;
    %pushi/vec4 0, 0, 13;
    %assign/vec4 v0000025f709b1450_0, 0;
T_0.3 ;
T_0.1 ;
    %jmp T_0;
    .thread T_0;
    .scope S_0000025f7067e680;
T_1 ;
    %wait E_0000025f70949e80;
    %load/vec4 v0000025f709b16d0_0;
    %flag_set/vec4 8;
    %jmp/0xz  T_1.0, 8;
    %pushi/vec4 0, 0, 2;
    %assign/vec4 v0000025f709b1770_0, 0;
    %pushi/vec4 1, 0, 1;
    %assign/vec4 v0000025f709b19f0_0, 0;
    %pushi/vec4 0, 0, 1;
    %assign/vec4 v0000025f709b1950_0, 0;
    %pushi/vec4 0, 0, 1;
    %assign/vec4 v0000025f709b1810_0, 0;
    %pushi/vec4 0, 0, 8;
    %assign/vec4 v0000025f709b2620_0, 0;
    %pushi/vec4 0, 0, 3;
    %assign/vec4 v0000025f709b1590_0, 0;
    %jmp T_1.1;
T_1.0 ;
    %load/vec4 v0000025f709b1770_0;
    %dup/vec4;
    %pushi/vec4 0, 0, 2;
    %cmp/u;
    %jmp/1 T_1.2, 6;
    %dup/vec4;
    %pushi/vec4 1, 0, 2;
    %cmp/u;
    %jmp/1 T_1.3, 6;
    %dup/vec4;
    %pushi/vec4 2, 0, 2;
    %cmp/u;
    %jmp/1 T_1.4, 6;
    %dup/vec4;
    %pushi/vec4 3, 0, 2;
    %cmp/u;
    %jmp/1 T_1.5, 6;
    %pushi/vec4 0, 0, 2;
    %assign/vec4 v0000025f709b1770_0, 0;
    %jmp T_1.7;
T_1.2 ;
    %pushi/vec4 1, 0, 1;
    %assign/vec4 v0000025f709b19f0_0, 0;
    %pushi/vec4 0, 0, 1;
    %assign/vec4 v0000025f709b1950_0, 0;
    %load/vec4 v0000025f709b1d60_0;
    %flag_set/vec4 8;
    %jmp/0xz  T_1.8, 8;
    %load/vec4 v0000025f709b18b0_0;
    %assign/vec4 v0000025f709b2620_0, 0;
    %pushi/vec4 1, 0, 1;
    %assign/vec4 v0000025f709b1810_0, 0;
    %pushi/vec4 1, 0, 2;
    %assign/vec4 v0000025f709b1770_0, 0;
T_1.8 ;
    %jmp T_1.7;
T_1.3 ;
    %pushi/vec4 0, 0, 1;
    %store/vec4 v0000025f709b19f0_0, 0, 1;
    %load/vec4 v0000025f709b14f0_0;
    %flag_set/vec4 8;
    %jmp/0xz  T_1.10, 8;
    %pushi/vec4 2, 0, 2;
    %assign/vec4 v0000025f709b1770_0, 0;
    %pushi/vec4 0, 0, 3;
    %assign/vec4 v0000025f709b1590_0, 0;
T_1.10 ;
    %jmp T_1.7;
T_1.4 ;
    %load/vec4 v0000025f709b2620_0;
    %parti/s 1, 0, 2;
    %assign/vec4 v0000025f709b19f0_0, 0;
    %load/vec4 v0000025f709b14f0_0;
    %flag_set/vec4 8;
    %jmp/0xz  T_1.12, 8;
    %load/vec4 v0000025f709b1590_0;
    %cmpi/e 7, 0, 3;
    %jmp/0xz  T_1.14, 4;
    %pushi/vec4 3, 0, 2;
    %assign/vec4 v0000025f709b1770_0, 0;
    %jmp T_1.15;
T_1.14 ;
    %load/vec4 v0000025f709b1590_0;
    %addi 1, 0, 3;
    %assign/vec4 v0000025f709b1590_0, 0;
    %pushi/vec4 1, 0, 1;
    %load/vec4 v0000025f709b2620_0;
    %parti/s 7, 1, 2;
    %concat/vec4; draw_concat_vec4
    %assign/vec4 v0000025f709b2620_0, 0;
T_1.15 ;
T_1.12 ;
    %jmp T_1.7;
T_1.5 ;
    %pushi/vec4 1, 0, 1;
    %assign/vec4 v0000025f709b19f0_0, 0;
    %load/vec4 v0000025f709b14f0_0;
    %flag_set/vec4 8;
    %jmp/0xz  T_1.16, 8;
    %pushi/vec4 0, 0, 1;
    %store/vec4 v0000025f709b1810_0, 0, 1;
    %pushi/vec4 0, 0, 1;
    %store/vec4 v0000025f709b1950_0, 0, 1;
    %pushi/vec4 0, 0, 2;
    %assign/vec4 v0000025f709b1770_0, 0;
T_1.16 ;
    %jmp T_1.7;
T_1.7 ;
    %pop/vec4 1;
T_1.1 ;
    %jmp T_1;
    .thread T_1;
    .scope S_0000025f7067e4f0;
T_2 ;
    %delay 5, 0;
    %load/vec4 v0000025f709b26c0_0;
    %inv;
    %store/vec4 v0000025f709b26c0_0, 0, 1;
    %jmp T_2;
    .thread T_2;
    .scope S_0000025f7067e4f0;
T_3 ;
    %vpi_call 2 15 "$dumpfile", "dump.vcd" {0 0 0};
    %vpi_call 2 16 "$dumpvars", 32'sb00000000000000000000000000000000, S_0000025f7067e4f0 {0 0 0};
    %pushi/vec4 0, 0, 1;
    %store/vec4 v0000025f709b26c0_0, 0, 1;
    %pushi/vec4 0, 0, 1;
    %store/vec4 v0000025f709b28a0_0, 0, 1;
    %pushi/vec4 0, 0, 1;
    %store/vec4 v0000025f709b2760_0, 0, 1;
    %pushi/vec4 65, 0, 8;
    %store/vec4 v0000025f709b2120_0, 0, 8;
    %delay 2, 0;
    %pushi/vec4 1, 0, 1;
    %store/vec4 v0000025f709b28a0_0, 0, 1;
    %delay 10, 0;
    %pushi/vec4 0, 0, 1;
    %store/vec4 v0000025f709b28a0_0, 0, 1;
    %delay 10, 0;
    %pushi/vec4 1, 0, 1;
    %store/vec4 v0000025f709b2760_0, 0, 1;
    %delay 10, 0;
    %pushi/vec4 0, 0, 1;
    %store/vec4 v0000025f709b2760_0, 0, 1;
    %delay 600000, 0;
    %vpi_call 2 40 "$finish" {0 0 0};
    %end;
    .thread T_3;
# The file index is used to find the file name in the following table.
:file_names 4;
    "N/A";
    "<interactive>";
    "tb_uart_tx.v";
    "./uart_tx.v";
