#! /c/Source/iverilog-install/bin/vvp
:ivl_version "12.0 (devel)" "(s20150603-1110-g18392a46)";
:ivl_delay_selection "TYPICAL";
:vpi_time_precision - 12;
:vpi_module "C:\iverilog\lib\ivl\system.vpi";
:vpi_module "C:\iverilog\lib\ivl\vhdl_sys.vpi";
:vpi_module "C:\iverilog\lib\ivl\vhdl_textio.vpi";
:vpi_module "C:\iverilog\lib\ivl\v2005_math.vpi";
:vpi_module "C:\iverilog\lib\ivl\va_math.vpi";
S_00000259f86a2a10 .scope module, "tb_pipelinebug" "tb_pipelinebug" 2 3;
 .timescale -9 -12;
v00000259f86d44f0_0 .var "clk", 0 0;
v00000259f86d4590_0 .var "d", 0 0;
v00000259f86d4630_0 .net "q1", 0 0, v00000259f87d94a0_0;  1 drivers
v00000259f86d46d0_0 .net "q2", 0 0, v00000259f86a2d30_0;  1 drivers
v00000259f86d4770_0 .var "rst", 0 0;
S_00000259f86a2ba0 .scope module, "uut" "pipelinebug" 2 13, 3 1 0, S_00000259f86a2a10;
 .timescale -9 -12;
    .port_info 0 /INPUT 1 "clk";
    .port_info 1 /INPUT 1 "rst";
    .port_info 2 /INPUT 1 "d";
    .port_info 3 /OUTPUT 1 "q1";
    .port_info 4 /OUTPUT 1 "q2";
v00000259f87da6e0_0 .net "clk", 0 0, v00000259f86d44f0_0;  1 drivers
v00000259f87de710_0 .net "d", 0 0, v00000259f86d4590_0;  1 drivers
v00000259f87d94a0_0 .var "q1", 0 0;
v00000259f86a2d30_0 .var "q2", 0 0;
v00000259f86a2dd0_0 .net "rst", 0 0, v00000259f86d4770_0;  1 drivers
E_00000259f87dcd30 .event posedge, v00000259f87da6e0_0;
    .scope S_00000259f86a2ba0;
T_0 ;
    %wait E_00000259f87dcd30;
    %load/vec4 v00000259f87de710_0;
    %store/vec4 v00000259f87d94a0_0, 0, 1;
    %load/vec4 v00000259f87d94a0_0;
    %store/vec4 v00000259f86a2d30_0, 0, 1;
    %jmp T_0;
    .thread T_0;
    .scope S_00000259f86a2a10;
T_1 ;
    %delay 5000, 0;
    %load/vec4 v00000259f86d44f0_0;
    %inv;
    %store/vec4 v00000259f86d44f0_0, 0, 1;
    %jmp T_1;
    .thread T_1;
    .scope S_00000259f86a2a10;
T_2 ;
    %vpi_call 2 25 "$dumpfile", "dump.vcd" {0 0 0};
    %vpi_call 2 26 "$dumpvars", 32'sb00000000000000000000000000000000, S_00000259f86a2a10 {0 0 0};
    %pushi/vec4 0, 0, 1;
    %store/vec4 v00000259f86d44f0_0, 0, 1;
    %pushi/vec4 0, 0, 1;
    %store/vec4 v00000259f86d4770_0, 0, 1;
    %pushi/vec4 0, 0, 1;
    %store/vec4 v00000259f86d4590_0, 0, 1;
    %delay 2000, 0;
    %pushi/vec4 1, 0, 1;
    %store/vec4 v00000259f86d4770_0, 0, 1;
    %delay 10000, 0;
    %pushi/vec4 0, 0, 1;
    %store/vec4 v00000259f86d4770_0, 0, 1;
    %delay 6000, 0;
    %pushi/vec4 1, 0, 1;
    %store/vec4 v00000259f86d4590_0, 0, 1;
    %delay 30000, 0;
    %pushi/vec4 0, 0, 1;
    %store/vec4 v00000259f86d4590_0, 0, 1;
    %delay 30000, 0;
    %vpi_call 2 48 "$finish" {0 0 0};
    %end;
    .thread T_2;
# The file index is used to find the file name in the following table.
:file_names 4;
    "N/A";
    "<interactive>";
    "tb_pipelinebug.v";
    "./pipelinebug.v";
