#! /c/Source/iverilog-install/bin/vvp
:ivl_version "12.0 (devel)" "(s20150603-1110-g18392a46)";
:ivl_delay_selection "TYPICAL";
:vpi_time_precision + 0;
:vpi_module "C:\iverilog\lib\ivl\system.vpi";
:vpi_module "C:\iverilog\lib\ivl\vhdl_sys.vpi";
:vpi_module "C:\iverilog\lib\ivl\vhdl_textio.vpi";
:vpi_module "C:\iverilog\lib\ivl\v2005_math.vpi";
:vpi_module "C:\iverilog\lib\ivl\va_math.vpi";
S_00000242d78bba10 .scope module, "tb_vending" "tb_vending" 2 1;
 .timescale 0 0;
v00000242d79045b0_0 .var "clk", 0 0;
v00000242d7904650_0 .var "coin_10p", 0 0;
v00000242d79046f0_0 .var "coin_25p", 0 0;
v00000242d7904790_0 .var "coin_5p", 0 0;
v00000242d7904830_0 .net "dispenceo", 0 0, v00000242d79043d0_0;  1 drivers
v00000242d79048d0_0 .var "rst", 0 0;
S_00000242d78bbba0 .scope module, "uut" "vending" 2 8, 3 1 0, S_00000242d78bba10;
 .timescale 0 0;
    .port_info 0 /INPUT 1 "coin_5p";
    .port_info 1 /INPUT 1 "coin_10p";
    .port_info 2 /INPUT 1 "coin_25p";
    .port_info 3 /OUTPUT 1 "dispenceo";
    .port_info 4 /INPUT 1 "rst";
    .port_info 5 /INPUT 1 "clk";
P_00000242d78bbd30 .param/l "add" 1 3 12, C4<01>;
P_00000242d78bbd68 .param/l "dispense" 1 3 13, C4<10>;
P_00000242d78bbda0 .param/l "idle" 1 3 11, C4<00>;
v00000242d78bd9c0_0 .var "balance", 5 0;
v00000242d78d2c80_0 .net "clk", 0 0, v00000242d79045b0_0;  1 drivers
v00000242d79041f0_0 .net "coin_10p", 0 0, v00000242d7904650_0;  1 drivers
v00000242d7904290_0 .net "coin_25p", 0 0, v00000242d79046f0_0;  1 drivers
v00000242d7904330_0 .net "coin_5p", 0 0, v00000242d7904790_0;  1 drivers
v00000242d79043d0_0 .var "dispenceo", 0 0;
v00000242d7904470_0 .net "rst", 0 0, v00000242d79048d0_0;  1 drivers
v00000242d7904510_0 .var "st", 1 0;
E_00000242d78f56d0 .event posedge, v00000242d78d2c80_0;
    .scope S_00000242d78bbba0;
T_0 ;
    %wait E_00000242d78f56d0;
    %load/vec4 v00000242d7904470_0;
    %flag_set/vec4 8;
    %jmp/0xz  T_0.0, 8;
    %pushi/vec4 0, 0, 6;
    %assign/vec4 v00000242d78bd9c0_0, 0;
    %pushi/vec4 0, 0, 1;
    %assign/vec4 v00000242d79043d0_0, 0;
    %pushi/vec4 0, 0, 2;
    %assign/vec4 v00000242d7904510_0, 0;
    %jmp T_0.1;
T_0.0 ;
    %load/vec4 v00000242d7904510_0;
    %dup/vec4;
    %pushi/vec4 0, 0, 2;
    %cmp/u;
    %jmp/1 T_0.2, 6;
    %dup/vec4;
    %pushi/vec4 1, 0, 2;
    %cmp/u;
    %jmp/1 T_0.3, 6;
    %dup/vec4;
    %pushi/vec4 2, 0, 2;
    %cmp/u;
    %jmp/1 T_0.4, 6;
    %pushi/vec4 0, 0, 2;
    %assign/vec4 v00000242d7904510_0, 0;
    %jmp T_0.6;
T_0.2 ;
    %load/vec4 v00000242d7904330_0;
    %flag_set/vec4 8;
    %load/vec4 v00000242d79041f0_0;
    %flag_set/vec4 9;
    %flag_or 9, 8;
    %load/vec4 v00000242d7904290_0;
    %flag_set/vec4 8;
    %flag_or 8, 9;
    %jmp/0xz  T_0.7, 8;
    %pushi/vec4 1, 0, 2;
    %assign/vec4 v00000242d7904510_0, 0;
T_0.7 ;
    %jmp T_0.6;
T_0.3 ;
    %load/vec4 v00000242d7904330_0;
    %flag_set/vec4 8;
    %jmp/0xz  T_0.9, 8;
    %load/vec4 v00000242d78bd9c0_0;
    %addi 5, 0, 6;
    %assign/vec4 v00000242d78bd9c0_0, 0;
    %jmp T_0.10;
T_0.9 ;
    %load/vec4 v00000242d79041f0_0;
    %flag_set/vec4 8;
    %jmp/0xz  T_0.11, 8;
    %load/vec4 v00000242d78bd9c0_0;
    %addi 10, 0, 6;
    %assign/vec4 v00000242d78bd9c0_0, 0;
    %jmp T_0.12;
T_0.11 ;
    %load/vec4 v00000242d7904290_0;
    %flag_set/vec4 8;
    %jmp/0xz  T_0.13, 8;
    %load/vec4 v00000242d78bd9c0_0;
    %addi 25, 0, 6;
    %assign/vec4 v00000242d78bd9c0_0, 0;
T_0.13 ;
T_0.12 ;
T_0.10 ;
    %load/vec4 v00000242d78bd9c0_0;
    %cmpi/u 30, 0, 6;
    %flag_inv 5; GE is !LT
    %jmp/0xz  T_0.15, 5;
    %pushi/vec4 2, 0, 2;
    %assign/vec4 v00000242d7904510_0, 0;
    %pushi/vec4 0, 0, 6;
    %assign/vec4 v00000242d78bd9c0_0, 0;
T_0.15 ;
    %jmp T_0.6;
T_0.4 ;
    %pushi/vec4 1, 0, 1;
    %assign/vec4 v00000242d79043d0_0, 0;
    %pushi/vec4 0, 0, 6;
    %assign/vec4 v00000242d78bd9c0_0, 0;
    %pushi/vec4 0, 0, 2;
    %assign/vec4 v00000242d7904510_0, 0;
    %jmp T_0.6;
T_0.6 ;
    %pop/vec4 1;
T_0.1 ;
    %jmp T_0;
    .thread T_0;
    .scope S_00000242d78bba10;
T_1 ;
    %delay 5, 0;
    %load/vec4 v00000242d79045b0_0;
    %inv;
    %store/vec4 v00000242d79045b0_0, 0, 1;
    %jmp T_1;
    .thread T_1;
    .scope S_00000242d78bba10;
T_2 ;
    %vpi_call 2 13 "$dumpfile", "dump.vcd" {0 0 0};
    %vpi_call 2 14 "$dumpvars", 32'sb00000000000000000000000000000000, S_00000242d78bba10 {0 0 0};
    %pushi/vec4 0, 0, 1;
    %store/vec4 v00000242d79048d0_0, 0, 1;
    %pushi/vec4 0, 0, 1;
    %store/vec4 v00000242d79045b0_0, 0, 1;
    %delay 3, 0;
    %pushi/vec4 1, 0, 1;
    %store/vec4 v00000242d79048d0_0, 0, 1;
    %delay 3, 0;
    %pushi/vec4 0, 0, 1;
    %store/vec4 v00000242d79048d0_0, 0, 1;
    %pushi/vec4 1, 0, 1;
    %store/vec4 v00000242d7904790_0, 0, 1;
    %pushi/vec4 1, 0, 1;
    %store/vec4 v00000242d7904650_0, 0, 1;
    %pushi/vec4 1, 0, 1;
    %store/vec4 v00000242d79046f0_0, 0, 1;
    %delay 200, 0;
    %vpi_call 2 18 "$finish" {0 0 0};
    %end;
    .thread T_2;
# The file index is used to find the file name in the following table.
:file_names 4;
    "N/A";
    "<interactive>";
    "tb_vending.v";
    "./vending.v";
