#! /c/Source/iverilog-install/bin/vvp
:ivl_version "12.0 (devel)" "(s20150603-1110-g18392a46)";
:ivl_delay_selection "TYPICAL";
:vpi_time_precision - 12;
:vpi_module "C:\iverilog\lib\ivl\system.vpi";
:vpi_module "C:\iverilog\lib\ivl\vhdl_sys.vpi";
:vpi_module "C:\iverilog\lib\ivl\vhdl_textio.vpi";
:vpi_module "C:\iverilog\lib\ivl\v2005_math.vpi";
:vpi_module "C:\iverilog\lib\ivl\va_math.vpi";
S_000001dc78c8bc40 .scope module, "tb_jk_flipflop" "tb_jk_flipflop" 2 3;
 .timescale -9 -12;
v000001dc78b32a10_0 .var "clk", 0 0;
v000001dc78b32ab0_0 .var "j", 0 0;
v000001dc78b32b50_0 .var "k", 0 0;
v000001dc78b32bf0_0 .net "q", 0 0, v000001dc78b328d0_0;  1 drivers
v000001dc78b631d0_0 .var "rst", 0 0;
S_000001dc78c8bdd0 .scope module, "uut" "jk_flipflop" 2 12, 3 1 0, S_000001dc78c8bc40;
 .timescale -9 -12;
    .port_info 0 /INPUT 1 "j";
    .port_info 1 /INPUT 1 "k";
    .port_info 2 /INPUT 1 "rst";
    .port_info 3 /INPUT 1 "clk";
    .port_info 4 /INPUT 1 "d";
    .port_info 5 /OUTPUT 1 "q";
v000001dc78b333a0_0 .net "clk", 0 0, v000001dc78b32a10_0;  1 drivers
o000001dc78b6afd8 .functor BUFZ 1, C4<z>; HiZ drive
v000001dc78b67880_0 .net "d", 0 0, o000001dc78b6afd8;  0 drivers
v000001dc78b32790_0 .net "j", 0 0, v000001dc78b32ab0_0;  1 drivers
v000001dc78b32830_0 .net "k", 0 0, v000001dc78b32b50_0;  1 drivers
v000001dc78b328d0_0 .var "q", 0 0;
v000001dc78b32970_0 .net "rst", 0 0, v000001dc78b631d0_0;  1 drivers
E_000001dc78b698f0 .event posedge, v000001dc78b333a0_0;
    .scope S_000001dc78c8bdd0;
T_0 ;
    %wait E_000001dc78b698f0;
    %load/vec4 v000001dc78b32970_0;
    %cmpi/e 1, 0, 1;
    %jmp/0xz  T_0.0, 4;
    %pushi/vec4 0, 0, 1;
    %assign/vec4 v000001dc78b328d0_0, 0;
    %jmp T_0.1;
T_0.0 ;
    %load/vec4 v000001dc78b32790_0;
    %load/vec4 v000001dc78b32830_0;
    %concat/vec4; draw_concat_vec4
    %dup/vec4;
    %pushi/vec4 0, 0, 2;
    %cmp/u;
    %jmp/1 T_0.2, 6;
    %dup/vec4;
    %pushi/vec4 1, 0, 2;
    %cmp/u;
    %jmp/1 T_0.3, 6;
    %dup/vec4;
    %pushi/vec4 2, 0, 2;
    %cmp/u;
    %jmp/1 T_0.4, 6;
    %dup/vec4;
    %pushi/vec4 3, 0, 2;
    %cmp/u;
    %jmp/1 T_0.5, 6;
    %jmp T_0.6;
T_0.2 ;
    %load/vec4 v000001dc78b328d0_0;
    %assign/vec4 v000001dc78b328d0_0, 0;
    %jmp T_0.6;
T_0.3 ;
    %pushi/vec4 0, 0, 1;
    %store/vec4 v000001dc78b328d0_0, 0, 1;
    %jmp T_0.6;
T_0.4 ;
    %pushi/vec4 1, 0, 1;
    %store/vec4 v000001dc78b328d0_0, 0, 1;
    %jmp T_0.6;
T_0.5 ;
    %load/vec4 v000001dc78b328d0_0;
    %inv;
    %store/vec4 v000001dc78b328d0_0, 0, 1;
    %jmp T_0.6;
T_0.6 ;
    %pop/vec4 1;
T_0.1 ;
    %vpi_call 3 23 "$finish" {0 0 0};
    %jmp T_0;
    .thread T_0;
    .scope S_000001dc78c8bc40;
T_1 ;
    %delay 5000, 0;
    %load/vec4 v000001dc78b32a10_0;
    %inv;
    %store/vec4 v000001dc78b32a10_0, 0, 1;
    %jmp T_1;
    .thread T_1;
    .scope S_000001dc78c8bc40;
T_2 ;
    %vpi_call 2 24 "$dumpfile", "dump.vcd" {0 0 0};
    %vpi_call 2 25 "$dumpvars", 32'sb00000000000000000000000000000000, S_000001dc78c8bc40 {0 0 0};
    %pushi/vec4 0, 0, 1;
    %store/vec4 v000001dc78b32a10_0, 0, 1;
    %pushi/vec4 0, 0, 1;
    %store/vec4 v000001dc78b631d0_0, 0, 1;
    %pushi/vec4 0, 0, 1;
    %store/vec4 v000001dc78b32ab0_0, 0, 1;
    %pushi/vec4 0, 0, 1;
    %store/vec4 v000001dc78b32b50_0, 0, 1;
    %delay 2000, 0;
    %pushi/vec4 1, 0, 1;
    %store/vec4 v000001dc78b631d0_0, 0, 1;
    %delay 2000, 0;
    %pushi/vec4 0, 0, 1;
    %store/vec4 v000001dc78b631d0_0, 0, 1;
    %delay 10000, 0;
    %pushi/vec4 0, 0, 1;
    %store/vec4 v000001dc78b32ab0_0, 0, 1;
    %pushi/vec4 1, 0, 1;
    %store/vec4 v000001dc78b32b50_0, 0, 1;
    %delay 10000, 0;
    %pushi/vec4 1, 0, 1;
    %store/vec4 v000001dc78b32ab0_0, 0, 1;
    %pushi/vec4 0, 0, 1;
    %store/vec4 v000001dc78b32b50_0, 0, 1;
    %delay 10000, 0;
    %pushi/vec4 0, 0, 1;
    %store/vec4 v000001dc78b32ab0_0, 0, 1;
    %pushi/vec4 0, 0, 1;
    %store/vec4 v000001dc78b32b50_0, 0, 1;
    %delay 10000, 0;
    %pushi/vec4 1, 0, 1;
    %store/vec4 v000001dc78b32ab0_0, 0, 1;
    %pushi/vec4 1, 0, 1;
    %store/vec4 v000001dc78b32b50_0, 0, 1;
    %delay 40000, 0;
    %vpi_call 2 59 "$finish" {0 0 0};
    %end;
    .thread T_2;
# The file index is used to find the file name in the following table.
:file_names 4;
    "N/A";
    "<interactive>";
    "tb_jk_flipflop.v";
    "./jk_flipflop.v";
