#! /c/Source/iverilog-install/bin/vvp
:ivl_version "12.0 (devel)" "(s20150603-1110-g18392a46)";
:ivl_delay_selection "TYPICAL";
:vpi_time_precision + 0;
:vpi_module "C:\iverilog\lib\ivl\system.vpi";
:vpi_module "C:\iverilog\lib\ivl\vhdl_sys.vpi";
:vpi_module "C:\iverilog\lib\ivl\vhdl_textio.vpi";
:vpi_module "C:\iverilog\lib\ivl\v2005_math.vpi";
:vpi_module "C:\iverilog\lib\ivl\va_math.vpi";
S_000001a487a2e1e0 .scope module, "tb_dflipflop" "tb_dflipflop" 2 2;
 .timescale 0 0;
v000001a487a2bed0_0 .var "clk", 0 0;
v000001a487a2e500_0 .var "d", 0 0;
v000001a487a2e5a0_0 .net "q", 0 0, v000001a487a29ee0_0;  1 drivers
v000001a487b2c840_0 .var "rst", 0 0;
S_000001a487a2e370 .scope module, "uut" "d_flipflop" 2 7, 3 1 0, S_000001a487a2e1e0;
 .timescale 0 0;
    .port_info 0 /INPUT 1 "d";
    .port_info 1 /INPUT 1 "rst";
    .port_info 2 /INPUT 1 "clk";
    .port_info 3 /OUTPUT 1 "q";
v000001a487ab3310_0 .net "clk", 0 0, v000001a487a2bed0_0;  1 drivers
v000001a487ab2b70_0 .net "d", 0 0, v000001a487a2e500_0;  1 drivers
v000001a487a29ee0_0 .var "q", 0 0;
v000001a487a2be30_0 .net "rst", 0 0, v000001a487b2c840_0;  1 drivers
E_000001a487a2c770 .event posedge, v000001a487ab3310_0;
    .scope S_000001a487a2e370;
T_0 ;
    %wait E_000001a487a2c770;
    %load/vec4 v000001a487a2be30_0;
    %cmpi/e 1, 0, 1;
    %jmp/0xz  T_0.0, 4;
    %pushi/vec4 0, 0, 1;
    %assign/vec4 v000001a487a29ee0_0, 0;
    %jmp T_0.1;
T_0.0 ;
    %load/vec4 v000001a487ab2b70_0;
    %assign/vec4 v000001a487a29ee0_0, 0;
T_0.1 ;
    %jmp T_0;
    .thread T_0;
    .scope S_000001a487a2e1e0;
T_1 ;
    %delay 5, 0;
    %load/vec4 v000001a487a2bed0_0;
    %inv;
    %store/vec4 v000001a487a2bed0_0, 0, 1;
    %jmp T_1;
    .thread T_1;
    .scope S_000001a487a2e1e0;
T_2 ;
    %vpi_call 2 16 "$dumpfile", "dump.vcd" {0 0 0};
    %vpi_call 2 17 "$dumpvars", 32'sb00000000000000000000000000000000, S_000001a487a2e1e0 {0 0 0};
    %pushi/vec4 0, 0, 1;
    %store/vec4 v000001a487a2bed0_0, 0, 1;
    %pushi/vec4 0, 0, 1;
    %store/vec4 v000001a487a2e500_0, 0, 1;
    %pushi/vec4 0, 0, 1;
    %store/vec4 v000001a487b2c840_0, 0, 1;
    %delay 2, 0;
    %pushi/vec4 1, 0, 1;
    %store/vec4 v000001a487b2c840_0, 0, 1;
    %delay 2, 0;
    %pushi/vec4 0, 0, 1;
    %store/vec4 v000001a487b2c840_0, 0, 1;
    %delay 6, 0;
    %pushi/vec4 1, 0, 1;
    %store/vec4 v000001a487a2e500_0, 0, 1;
    %delay 2, 0;
    %pushi/vec4 0, 0, 1;
    %store/vec4 v000001a487a2e500_0, 0, 1;
    %delay 2, 0;
    %pushi/vec4 1, 0, 1;
    %store/vec4 v000001a487a2e500_0, 0, 1;
    %delay 10, 0;
    %delay 11, 0;
    %pushi/vec4 0, 0, 1;
    %store/vec4 v000001a487a2e500_0, 0, 1;
    %delay 20, 0;
    %vpi_call 2 46 "$finish" {0 0 0};
    %end;
    .thread T_2;
# The file index is used to find the file name in the following table.
:file_names 4;
    "N/A";
    "<interactive>";
    "tb_d_flipflop.v";
    "./d_flipflop.v";
