#! /c/Source/iverilog-install/bin/vvp
:ivl_version "12.0 (devel)" "(s20150603-1110-g18392a46)";
:ivl_delay_selection "TYPICAL";
:vpi_time_precision - 12;
:vpi_module "C:\iverilog\lib\ivl\system.vpi";
:vpi_module "C:\iverilog\lib\ivl\vhdl_sys.vpi";
:vpi_module "C:\iverilog\lib\ivl\vhdl_textio.vpi";
:vpi_module "C:\iverilog\lib\ivl\v2005_math.vpi";
:vpi_module "C:\iverilog\lib\ivl\va_math.vpi";
S_00000262ba9f97d0 .scope module, "tb_not_gate" "tb_not_gate" 2 3;
 .timescale -9 -12;
v00000262baab5270_0 .var "a", 0 0;
v00000262baab5310_0 .net "b", 0 0, L_00000262baa82be0;  1 drivers
S_00000262baab50e0 .scope module, "uut" "not_gate" 2 7, 3 2 0, S_00000262ba9f97d0;
 .timescale -9 -12;
    .port_info 0 /INPUT 1 "a";
    .port_info 1 /OUTPUT 1 "b";
L_00000262baa82be0 .functor NOT 1, v00000262baab5270_0, C4<0>, C4<0>, C4<0>;
v00000262baa83030_0 .net "a", 0 0, v00000262baab5270_0;  1 drivers
v00000262baa82b40_0 .net "b", 0 0, L_00000262baa82be0;  alias, 1 drivers
    .scope S_00000262ba9f97d0;
T_0 ;
    %vpi_call 2 13 "$dumpfile", "dump.vcd" {0 0 0};
    %vpi_call 2 14 "$dumpvars", 32'sb00000000000000000000000000000000, S_00000262ba9f97d0 {0 0 0};
    %pushi/vec4 0, 0, 1;
    %store/vec4 v00000262baab5270_0, 0, 1;
    %delay 10000, 0;
    %pushi/vec4 1, 0, 1;
    %store/vec4 v00000262baab5270_0, 0, 1;
    %delay 10000, 0;
    %vpi_call 2 19 "$finish" {0 0 0};
    %end;
    .thread T_0;
# The file index is used to find the file name in the following table.
:file_names 4;
    "N/A";
    "<interactive>";
    "tb_not_gate.v";
    "not_gate.v";
