#! /c/Source/iverilog-install/bin/vvp
:ivl_version "12.0 (devel)" "(s20150603-1110-g18392a46)";
:ivl_delay_selection "TYPICAL";
:vpi_time_precision + 0;
:vpi_module "C:\iverilog\lib\ivl\system.vpi";
:vpi_module "C:\iverilog\lib\ivl\vhdl_sys.vpi";
:vpi_module "C:\iverilog\lib\ivl\vhdl_textio.vpi";
:vpi_module "C:\iverilog\lib\ivl\v2005_math.vpi";
:vpi_module "C:\iverilog\lib\ivl\va_math.vpi";
S_000001b03001dcc0 .scope module, "tb_gray_code_copy" "tb_gray_code_copy" 2 1;
 .timescale 0 0;
P_000001b03001a5e0 .param/l "bit" 1 2 2, +C4<00000000000000000000000000010000>;
v000001b030063fd0_0 .net "bin", 15 0, v000001b03001e080_0;  1 drivers
v000001b030064070_0 .var "clk", 0 0;
v000001b030064110_0 .net "gray", 15 0, L_000001b03001e120;  1 drivers
v000001b0300641b0_0 .var "rst", 0 0;
S_000001b03001de50 .scope module, "uut" "gray_code1" 2 10, 3 1 0, S_000001b03001dcc0;
 .timescale 0 0;
    .port_info 0 /OUTPUT 16 "bin";
    .port_info 1 /INPUT 1 "clk";
    .port_info 2 /INPUT 1 "rst";
    .port_info 3 /OUTPUT 16 "gray";
P_000001b03001a8a0 .param/l "bit" 0 3 2, +C4<00000000000000000000000000010000>;
L_000001b03001e120 .functor XOR 16, v000001b03001e080_0, L_000001b0300f7530, C4<0000000000000000>, C4<0000000000000000>;
v000001b03001ba50_0 .net *"_ivl_0", 15 0, L_000001b0300f7530;  1 drivers
v000001b030032cd0_0 .net *"_ivl_2", 14 0, L_000001b030064250;  1 drivers
L_000001b0300ae858 .functor BUFT 1, C4<0>, C4<0>, C4<0>, C4<0>;
v000001b03001dfe0_0 .net *"_ivl_4", 0 0, L_000001b0300ae858;  1 drivers
v000001b03001e080_0 .var "bin", 15 0;
v000001b030063df0_0 .net "clk", 0 0, v000001b030064070_0;  1 drivers
v000001b030063e90_0 .net "gray", 15 0, L_000001b03001e120;  alias, 1 drivers
v000001b030063f30_0 .net "rst", 0 0, v000001b0300641b0_0;  1 drivers
E_000001b03001a1a0 .event posedge, v000001b030063df0_0;
L_000001b030064250 .part v000001b03001e080_0, 1, 15;
L_000001b0300f7530 .concat [ 15 1 0 0], L_000001b030064250, L_000001b0300ae858;
    .scope S_000001b03001de50;
T_0 ;
    %wait E_000001b03001a1a0;
    %load/vec4 v000001b030063f30_0;
    %pad/u 32;
    %cmpi/e 1, 0, 32;
    %jmp/0xz  T_0.0, 4;
    %pushi/vec4 0, 0, 16;
    %assign/vec4 v000001b03001e080_0, 0;
    %jmp T_0.1;
T_0.0 ;
    %load/vec4 v000001b03001e080_0;
    %addi 65535, 0, 16;
    %assign/vec4 v000001b03001e080_0, 0;
T_0.1 ;
    %jmp T_0;
    .thread T_0;
    .scope S_000001b03001dcc0;
T_1 ;
    %delay 5, 0;
    %load/vec4 v000001b030064070_0;
    %inv;
    %store/vec4 v000001b030064070_0, 0, 1;
    %jmp T_1;
    .thread T_1;
    .scope S_000001b03001dcc0;
T_2 ;
    %vpi_call 2 15 "$dumpfile", "dump.vcd" {0 0 0};
    %vpi_call 2 16 "$dumpvars", 32'sb00000000000000000000000000000000, S_000001b03001dcc0 {0 0 0};
    %pushi/vec4 0, 0, 1;
    %store/vec4 v000001b0300641b0_0, 0, 1;
    %pushi/vec4 0, 0, 1;
    %store/vec4 v000001b030064070_0, 0, 1;
    %delay 2, 0;
    %pushi/vec4 1, 0, 1;
    %store/vec4 v000001b0300641b0_0, 0, 1;
    %delay 5, 0;
    %pushi/vec4 0, 0, 1;
    %store/vec4 v000001b0300641b0_0, 0, 1;
    %delay 150, 0;
    %vpi_call 2 20 "$finish" {0 0 0};
    %end;
    .thread T_2;
# The file index is used to find the file name in the following table.
:file_names 4;
    "N/A";
    "<interactive>";
    "tb_gray_code_copy.v";
    "./gray_code1.v";
