#! /c/Source/iverilog-install/bin/vvp
:ivl_version "12.0 (devel)" "(s20150603-1110-g18392a46)";
:ivl_delay_selection "TYPICAL";
:vpi_time_precision - 12;
:vpi_module "C:\iverilog\lib\ivl\system.vpi";
:vpi_module "C:\iverilog\lib\ivl\vhdl_sys.vpi";
:vpi_module "C:\iverilog\lib\ivl\vhdl_textio.vpi";
:vpi_module "C:\iverilog\lib\ivl\v2005_math.vpi";
:vpi_module "C:\iverilog\lib\ivl\va_math.vpi";
S_0000028e101d5e40 .scope module, "tb_nor_gate" "tb_nor_gate" 2 2;
 .timescale -9 -12;
v0000028e1018a2b0_0 .var "a", 0 0;
v0000028e1021b840_0 .var "b", 0 0;
v0000028e1021b8e0_0 .net "y", 0 0, L_0000028e101a2bc0;  1 drivers
v0000028e1021b980_0 .net "z", 0 0, L_0000028e1018a350;  1 drivers
S_0000028e101d5fd0 .scope module, "dut" "not_gate" 2 11, 3 2 0, S_0000028e101d5e40;
 .timescale -9 -12;
    .port_info 0 /INPUT 1 "y";
    .port_info 1 /OUTPUT 1 "z";
L_0000028e1018a350 .functor NOT 1, L_0000028e101a2bc0, C4<0>, C4<0>, C4<0>;
v0000028e101a3010_0 .net "y", 0 0, L_0000028e101a2bc0;  alias, 1 drivers
v0000028e101a3230_0 .net "z", 0 0, L_0000028e1018a350;  alias, 1 drivers
S_0000028e101d6160 .scope module, "uut" "or_gate" 2 5, 4 2 0, S_0000028e101d5e40;
 .timescale -9 -12;
    .port_info 0 /INPUT 1 "a";
    .port_info 1 /INPUT 1 "b";
    .port_info 2 /OUTPUT 1 "y";
L_0000028e101a2bc0 .functor OR 1, v0000028e1018a2b0_0, v0000028e1021b840_0, C4<0>, C4<0>;
v0000028e101d5580_0 .net "a", 0 0, v0000028e1018a2b0_0;  1 drivers
v0000028e101a2b20_0 .net "b", 0 0, v0000028e1021b840_0;  1 drivers
v0000028e10189170_0 .net "y", 0 0, L_0000028e101a2bc0;  alias, 1 drivers
    .scope S_0000028e101d5e40;
T_0 ;
    %vpi_call 2 16 "$dumpfile", "dump.vcd" {0 0 0};
    %vpi_call 2 17 "$dumpvars", 32'sb00000000000000000000000000000000, S_0000028e101d5e40 {0 0 0};
    %pushi/vec4 0, 0, 1;
    %store/vec4 v0000028e1018a2b0_0, 0, 1;
    %pushi/vec4 0, 0, 1;
    %store/vec4 v0000028e1021b840_0, 0, 1;
    %delay 10000, 0;
    %pushi/vec4 0, 0, 1;
    %store/vec4 v0000028e1018a2b0_0, 0, 1;
    %pushi/vec4 1, 0, 1;
    %store/vec4 v0000028e1021b840_0, 0, 1;
    %delay 10000, 0;
    %pushi/vec4 1, 0, 1;
    %store/vec4 v0000028e1018a2b0_0, 0, 1;
    %pushi/vec4 0, 0, 1;
    %store/vec4 v0000028e1021b840_0, 0, 1;
    %delay 10000, 0;
    %pushi/vec4 1, 0, 1;
    %store/vec4 v0000028e1018a2b0_0, 0, 1;
    %pushi/vec4 1, 0, 1;
    %store/vec4 v0000028e1021b840_0, 0, 1;
    %delay 10000, 0;
    %vpi_call 2 23 "$finish" {0 0 0};
    %end;
    .thread T_0;
# The file index is used to find the file name in the following table.
:file_names 5;
    "N/A";
    "<interactive>";
    "tb_nor_gate.v";
    "not_gate.v";
    "or_gate.v";
