#! /c/Source/iverilog-install/bin/vvp
:ivl_version "12.0 (devel)" "(s20150603-1110-g18392a46)";
:ivl_delay_selection "TYPICAL";
:vpi_time_precision - 12;
:vpi_module "C:\iverilog\lib\ivl\system.vpi";
:vpi_module "C:\iverilog\lib\ivl\vhdl_sys.vpi";
:vpi_module "C:\iverilog\lib\ivl\vhdl_textio.vpi";
:vpi_module "C:\iverilog\lib\ivl\v2005_math.vpi";
:vpi_module "C:\iverilog\lib\ivl\va_math.vpi";
S_000001ef76c40300 .scope module, "tb_rx_tx" "tb_rx_tx" 2 4;
 .timescale -9 -12;
v000001ef76ca83b0_0 .var "clk", 0 0;
v000001ef76ca86d0_0 .var/i "i", 31 0;
v000001ef76ca8a90_0 .var "rst", 0 0;
v000001ef76ca8bd0_0 .net "rx_active", 0 0, v000001ef76ca81d0_0;  1 drivers
v000001ef76ca8590_0 .net "rx_data", 7 0, v000001ef76ca8b30_0;  1 drivers
v000001ef76ca8770_0 .net "rx_done", 0 0, v000001ef76ca84f0_0;  1 drivers
v000001ef76ca88b0_0 .net "tx_active", 0 0, v000001ef76c02a80_0;  1 drivers
v000001ef76ca8810_0 .var "tx_data", 7 0;
v000001ef76ca8950_0 .net "tx_done", 0 0, v000001ef76ca8e50_0;  1 drivers
v000001ef76caa540_0 .net "tx_out", 0 0, v000001ef76ca8db0_0;  1 drivers
v000001ef76caa360_0 .var "tx_start", 0 0;
E_000001ef76c2ddc0 .event posedge, v000001ef76ca8e50_0;
S_000001ef76c40490 .scope module, "uut" "uart" 2 15, 3 1 0, S_000001ef76c40300;
 .timescale -9 -12;
    .port_info 0 /INPUT 1 "rst";
    .port_info 1 /INPUT 1 "clk";
    .port_info 2 /OUTPUT 1 "tx_active";
    .port_info 3 /INPUT 1 "tx_start";
    .port_info 4 /OUTPUT 1 "tx_done";
    .port_info 5 /INPUT 8 "tx_data";
    .port_info 6 /OUTPUT 1 "tx_out";
P_000001ef76c25010 .param/l "DIVISOR" 0 3 5, C4<1010001011000>;
P_000001ef76c25048 .param/l "data" 1 3 22, C4<10>;
P_000001ef76c25080 .param/l "idle" 1 3 20, C4<00>;
P_000001ef76c250b8 .param/l "start" 1 3 21, C4<01>;
P_000001ef76c250f0 .param/l "stop" 1 3 23, C4<11>;
v000001ef76c40620_0 .net *"_ivl_0", 31 0, L_000001ef76caa400;  1 drivers
L_000001ef76cf0088 .functor BUFT 1, C4<0000000000000000000>, C4<0>, C4<0>, C4<0>;
v000001ef76c2c9f0_0 .net *"_ivl_3", 18 0, L_000001ef76cf0088;  1 drivers
L_000001ef76cf00d0 .functor BUFT 1, C4<00000000000000000001010001010111>, C4<0>, C4<0>, C4<0>;
v000001ef76c31ee0_0 .net/2u *"_ivl_4", 31 0, L_000001ef76cf00d0;  1 drivers
v000001ef76c29a50_0 .var "baud_count", 12 0;
v000001ef76c509a0_0 .net "baud_tick", 0 0, L_000001ef76caac20;  1 drivers
v000001ef76c02800_0 .net "clk", 0 0, v000001ef76ca83b0_0;  1 drivers
v000001ef76c028a0_0 .var "index", 3 0;
v000001ef76c02940_0 .net "rst", 0 0, v000001ef76ca8a90_0;  1 drivers
v000001ef76c029e0_0 .var "st", 1 0;
v000001ef76c02a80_0 .var "tx_active", 0 0;
v000001ef76ca8c70_0 .net "tx_data", 7 0, v000001ef76ca8810_0;  1 drivers
v000001ef76ca8e50_0 .var "tx_done", 0 0;
v000001ef76ca8db0_0 .var "tx_out", 0 0;
v000001ef76ca8f90_0 .var "tx_shift", 7 0;
v000001ef76ca8630_0 .net "tx_start", 0 0, v000001ef76caa360_0;  1 drivers
E_000001ef76c2e880 .event posedge, v000001ef76c02800_0;
L_000001ef76caa400 .concat [ 13 19 0 0], v000001ef76c29a50_0, L_000001ef76cf0088;
L_000001ef76caac20 .cmp/eq 32, L_000001ef76caa400, L_000001ef76cf00d0;
S_000001ef76c02b20 .scope module, "uut1" "uart_rx" 2 18, 4 1 0, S_000001ef76c40300;
 .timescale -9 -12;
    .port_info 0 /INPUT 1 "clk";
    .port_info 1 /INPUT 1 "rst";
    .port_info 2 /INPUT 1 "rx";
    .port_info 3 /OUTPUT 1 "rx_done";
    .port_info 4 /OUTPUT 8 "rx_data";
    .port_info 5 /OUTPUT 1 "rx_active";
P_000001ef76c341c0 .param/l "DATA" 1 4 31, C4<10>;
P_000001ef76c341f8 .param/l "IDLE" 1 4 29, C4<00>;
P_000001ef76c34230 .param/l "START" 1 4 30, C4<01>;
P_000001ef76c34268 .param/l "STOP" 1 4 32, C4<11>;
L_000001ef76cf0118 .functor BUFT 1, C4<101000101>, C4<0>, C4<0>, C4<0>;
v000001ef76ca8ef0_0 .net/2u *"_ivl_0", 8 0, L_000001ef76cf0118;  1 drivers
v000001ef76ca8d10_0 .var "baud_count", 8 0;
v000001ef76ca8450_0 .net "clk", 0 0, v000001ef76ca83b0_0;  alias, 1 drivers
v000001ef76ca8130_0 .net "rst", 0 0, v000001ef76ca8a90_0;  alias, 1 drivers
v000001ef76ca9030_0 .net "rx", 0 0, v000001ef76ca8db0_0;  alias, 1 drivers
v000001ef76ca81d0_0 .var "rx_active", 0 0;
v000001ef76ca8b30_0 .var "rx_data", 7 0;
v000001ef76ca84f0_0 .var "rx_done", 0 0;
v000001ef76ca8270_0 .net "rx_tick", 0 0, L_000001ef76caa5e0;  1 drivers
v000001ef76ca89f0_0 .var "st", 1 0;
v000001ef76ca8310_0 .var "tick_seq", 7 0;
L_000001ef76caa5e0 .cmp/eq 9, v000001ef76ca8d10_0, L_000001ef76cf0118;
    .scope S_000001ef76c40490;
T_0 ;
    %wait E_000001ef76c2e880;
    %load/vec4 v000001ef76c02940_0;
    %flag_set/vec4 8;
    %jmp/0xz  T_0.0, 8;
    %pushi/vec4 0, 0, 13;
    %assign/vec4 v000001ef76c29a50_0, 0;
    %jmp T_0.1;
T_0.0 ;
    %load/vec4 v000001ef76c02a80_0;
    %flag_set/vec4 8;
    %jmp/0xz  T_0.2, 8;
    %load/vec4 v000001ef76c509a0_0;
    %flag_set/vec4 8;
    %jmp/0xz  T_0.4, 8;
    %pushi/vec4 0, 0, 13;
    %assign/vec4 v000001ef76c29a50_0, 0;
    %jmp T_0.5;
T_0.4 ;
    %load/vec4 v000001ef76c29a50_0;
    %addi 1, 0, 13;
    %assign/vec4 v000001ef76c29a50_0, 0;
T_0.5 ;
    %jmp T_0.3;
T_0.2 ;
    %pushi/vec4 0, 0, 13;
    %assign/vec4 v000001ef76c29a50_0, 0;
T_0.3 ;
T_0.1 ;
    %jmp T_0;
    .thread T_0;
    .scope S_000001ef76c40490;
T_1 ;
    %wait E_000001ef76c2e880;
    %load/vec4 v000001ef76c02940_0;
    %flag_set/vec4 8;
    %jmp/0xz  T_1.0, 8;
    %pushi/vec4 0, 0, 2;
    %assign/vec4 v000001ef76c029e0_0, 0;
    %pushi/vec4 0, 0, 4;
    %assign/vec4 v000001ef76c028a0_0, 0;
    %pushi/vec4 0, 0, 8;
    %assign/vec4 v000001ef76ca8f90_0, 0;
    %pushi/vec4 0, 0, 1;
    %assign/vec4 v000001ef76c02a80_0, 0;
    %pushi/vec4 0, 0, 1;
    %assign/vec4 v000001ef76ca8e50_0, 0;
    %pushi/vec4 0, 0, 1;
    %assign/vec4 v000001ef76ca8db0_0, 0;
    %jmp T_1.1;
T_1.0 ;
    %load/vec4 v000001ef76c029e0_0;
    %dup/vec4;
    %pushi/vec4 0, 0, 2;
    %cmp/u;
    %jmp/1 T_1.2, 6;
    %dup/vec4;
    %pushi/vec4 1, 0, 2;
    %cmp/u;
    %jmp/1 T_1.3, 6;
    %dup/vec4;
    %pushi/vec4 2, 0, 2;
    %cmp/u;
    %jmp/1 T_1.4, 6;
    %dup/vec4;
    %pushi/vec4 3, 0, 2;
    %cmp/u;
    %jmp/1 T_1.5, 6;
    %pushi/vec4 0, 0, 2;
    %assign/vec4 v000001ef76c029e0_0, 0;
    %jmp T_1.7;
T_1.2 ;
    %pushi/vec4 1, 0, 1;
    %assign/vec4 v000001ef76ca8db0_0, 0;
    %pushi/vec4 0, 0, 1;
    %assign/vec4 v000001ef76ca8e50_0, 0;
    %load/vec4 v000001ef76ca8630_0;
    %flag_set/vec4 8;
    %jmp/0xz  T_1.8, 8;
    %pushi/vec4 1, 0, 1;
    %assign/vec4 v000001ef76c02a80_0, 0;
    %load/vec4 v000001ef76ca8c70_0;
    %assign/vec4 v000001ef76ca8f90_0, 0;
    %pushi/vec4 1, 0, 2;
    %assign/vec4 v000001ef76c029e0_0, 0;
T_1.8 ;
    %jmp T_1.7;
T_1.3 ;
    %pushi/vec4 0, 0, 1;
    %assign/vec4 v000001ef76ca8db0_0, 0;
    %load/vec4 v000001ef76c509a0_0;
    %flag_set/vec4 8;
    %jmp/0xz  T_1.10, 8;
    %pushi/vec4 2, 0, 2;
    %assign/vec4 v000001ef76c029e0_0, 0;
    %pushi/vec4 0, 0, 4;
    %assign/vec4 v000001ef76c028a0_0, 0;
T_1.10 ;
    %jmp T_1.7;
T_1.4 ;
    %load/vec4 v000001ef76ca8f90_0;
    %parti/s 1, 0, 2;
    %assign/vec4 v000001ef76ca8db0_0, 0;
    %load/vec4 v000001ef76c509a0_0;
    %flag_set/vec4 8;
    %jmp/0xz  T_1.12, 8;
    %load/vec4 v000001ef76c028a0_0;
    %cmpi/e 7, 0, 4;
    %jmp/0xz  T_1.14, 4;
    %pushi/vec4 3, 0, 2;
    %assign/vec4 v000001ef76c029e0_0, 0;
    %jmp T_1.15;
T_1.14 ;
    %load/vec4 v000001ef76c028a0_0;
    %addi 1, 0, 4;
    %assign/vec4 v000001ef76c028a0_0, 0;
    %pushi/vec4 1, 0, 1;
    %load/vec4 v000001ef76ca8f90_0;
    %parti/s 7, 1, 2;
    %concat/vec4; draw_concat_vec4
    %assign/vec4 v000001ef76ca8f90_0, 0;
T_1.15 ;
T_1.12 ;
    %jmp T_1.7;
T_1.5 ;
    %pushi/vec4 1, 0, 1;
    %assign/vec4 v000001ef76ca8e50_0, 0;
    %pushi/vec4 1, 0, 1;
    %assign/vec4 v000001ef76ca8db0_0, 0;
    %load/vec4 v000001ef76c509a0_0;
    %flag_set/vec4 8;
    %jmp/0xz  T_1.16, 8;
    %pushi/vec4 0, 0, 1;
    %store/vec4 v000001ef76c02a80_0, 0, 1;
    %pushi/vec4 0, 0, 1;
    %store/vec4 v000001ef76ca8e50_0, 0, 1;
    %pushi/vec4 0, 0, 2;
    %assign/vec4 v000001ef76c029e0_0, 0;
T_1.16 ;
    %jmp T_1.7;
T_1.7 ;
    %pop/vec4 1;
T_1.1 ;
    %jmp T_1;
    .thread T_1;
    .scope S_000001ef76c02b20;
T_2 ;
    %wait E_000001ef76c2e880;
    %load/vec4 v000001ef76ca8130_0;
    %flag_set/vec4 8;
    %load/vec4 v000001ef76ca8270_0;
    %flag_set/vec4 9;
    %flag_or 9, 8;
    %jmp/0xz  T_2.0, 9;
    %pushi/vec4 0, 0, 9;
    %assign/vec4 v000001ef76ca8d10_0, 0;
    %jmp T_2.1;
T_2.0 ;
    %load/vec4 v000001ef76ca8d10_0;
    %addi 1, 0, 9;
    %assign/vec4 v000001ef76ca8d10_0, 0;
T_2.1 ;
    %jmp T_2;
    .thread T_2;
    .scope S_000001ef76c02b20;
T_3 ;
    %wait E_000001ef76c2e880;
    %load/vec4 v000001ef76ca8130_0;
    %flag_set/vec4 8;
    %jmp/0xz  T_3.0, 8;
    %pushi/vec4 0, 0, 2;
    %assign/vec4 v000001ef76ca89f0_0, 0;
    %pushi/vec4 0, 0, 8;
    %assign/vec4 v000001ef76ca8310_0, 0;
    %pushi/vec4 0, 0, 1;
    %assign/vec4 v000001ef76ca81d0_0, 0;
    %pushi/vec4 0, 0, 1;
    %assign/vec4 v000001ef76ca84f0_0, 0;
    %pushi/vec4 0, 0, 8;
    %assign/vec4 v000001ef76ca8b30_0, 0;
    %jmp T_3.1;
T_3.0 ;
    %load/vec4 v000001ef76ca89f0_0;
    %dup/vec4;
    %pushi/vec4 0, 0, 2;
    %cmp/u;
    %jmp/1 T_3.2, 6;
    %dup/vec4;
    %pushi/vec4 1, 0, 2;
    %cmp/u;
    %jmp/1 T_3.3, 6;
    %dup/vec4;
    %pushi/vec4 2, 0, 2;
    %cmp/u;
    %jmp/1 T_3.4, 6;
    %dup/vec4;
    %pushi/vec4 3, 0, 2;
    %cmp/u;
    %jmp/1 T_3.5, 6;
    %pushi/vec4 0, 0, 2;
    %assign/vec4 v000001ef76ca89f0_0, 0;
    %jmp T_3.7;
T_3.2 ;
    %pushi/vec4 0, 0, 1;
    %assign/vec4 v000001ef76ca84f0_0, 0;
    %pushi/vec4 0, 0, 8;
    %assign/vec4 v000001ef76ca8310_0, 0;
    %load/vec4 v000001ef76ca9030_0;
    %cmpi/e 0, 0, 1;
    %jmp/0xz  T_3.8, 4;
    %pushi/vec4 1, 0, 1;
    %assign/vec4 v000001ef76ca81d0_0, 0;
    %pushi/vec4 1, 0, 2;
    %assign/vec4 v000001ef76ca89f0_0, 0;
    %jmp T_3.9;
T_3.8 ;
    %pushi/vec4 0, 0, 1;
    %assign/vec4 v000001ef76ca81d0_0, 0;
T_3.9 ;
    %jmp T_3.7;
T_3.3 ;
    %load/vec4 v000001ef76ca8270_0;
    %flag_set/vec4 8;
    %jmp/0xz  T_3.10, 8;
    %load/vec4 v000001ef76ca8310_0;
    %cmpi/e 8, 0, 8;
    %jmp/0xz  T_3.12, 4;
    %load/vec4 v000001ef76ca9030_0;
    %cmpi/e 0, 0, 1;
    %jmp/0xz  T_3.14, 4;
    %pushi/vec4 2, 0, 2;
    %assign/vec4 v000001ef76ca89f0_0, 0;
    %jmp T_3.15;
T_3.14 ;
    %pushi/vec4 0, 0, 2;
    %assign/vec4 v000001ef76ca89f0_0, 0;
T_3.15 ;
    %jmp T_3.13;
T_3.12 ;
    %load/vec4 v000001ef76ca8310_0;
    %addi 1, 0, 8;
    %assign/vec4 v000001ef76ca8310_0, 0;
T_3.13 ;
T_3.10 ;
    %jmp T_3.7;
T_3.4 ;
    %load/vec4 v000001ef76ca8270_0;
    %flag_set/vec4 8;
    %jmp/0xz  T_3.16, 8;
    %load/vec4 v000001ef76ca8310_0;
    %addi 1, 0, 8;
    %assign/vec4 v000001ef76ca8310_0, 0;
    %load/vec4 v000001ef76ca8310_0;
    %dup/vec4;
    %pushi/vec4 24, 0, 8;
    %cmp/u;
    %jmp/1 T_3.18, 6;
    %dup/vec4;
    %pushi/vec4 40, 0, 8;
    %cmp/u;
    %jmp/1 T_3.19, 6;
    %dup/vec4;
    %pushi/vec4 56, 0, 8;
    %cmp/u;
    %jmp/1 T_3.20, 6;
    %dup/vec4;
    %pushi/vec4 72, 0, 8;
    %cmp/u;
    %jmp/1 T_3.21, 6;
    %dup/vec4;
    %pushi/vec4 88, 0, 8;
    %cmp/u;
    %jmp/1 T_3.22, 6;
    %dup/vec4;
    %pushi/vec4 104, 0, 8;
    %cmp/u;
    %jmp/1 T_3.23, 6;
    %dup/vec4;
    %pushi/vec4 120, 0, 8;
    %cmp/u;
    %jmp/1 T_3.24, 6;
    %dup/vec4;
    %pushi/vec4 136, 0, 8;
    %cmp/u;
    %jmp/1 T_3.25, 6;
    %jmp T_3.26;
T_3.18 ;
    %load/vec4 v000001ef76ca9030_0;
    %load/vec4 v000001ef76ca8b30_0;
    %parti/s 7, 1, 2;
    %concat/vec4; draw_concat_vec4
    %assign/vec4 v000001ef76ca8b30_0, 0;
    %jmp T_3.26;
T_3.19 ;
    %load/vec4 v000001ef76ca9030_0;
    %load/vec4 v000001ef76ca8b30_0;
    %parti/s 7, 1, 2;
    %concat/vec4; draw_concat_vec4
    %assign/vec4 v000001ef76ca8b30_0, 0;
    %jmp T_3.26;
T_3.20 ;
    %load/vec4 v000001ef76ca9030_0;
    %load/vec4 v000001ef76ca8b30_0;
    %parti/s 7, 1, 2;
    %concat/vec4; draw_concat_vec4
    %assign/vec4 v000001ef76ca8b30_0, 0;
    %jmp T_3.26;
T_3.21 ;
    %load/vec4 v000001ef76ca9030_0;
    %load/vec4 v000001ef76ca8b30_0;
    %parti/s 7, 1, 2;
    %concat/vec4; draw_concat_vec4
    %assign/vec4 v000001ef76ca8b30_0, 0;
    %jmp T_3.26;
T_3.22 ;
    %load/vec4 v000001ef76ca9030_0;
    %load/vec4 v000001ef76ca8b30_0;
    %parti/s 7, 1, 2;
    %concat/vec4; draw_concat_vec4
    %assign/vec4 v000001ef76ca8b30_0, 0;
    %jmp T_3.26;
T_3.23 ;
    %load/vec4 v000001ef76ca9030_0;
    %load/vec4 v000001ef76ca8b30_0;
    %parti/s 7, 1, 2;
    %concat/vec4; draw_concat_vec4
    %assign/vec4 v000001ef76ca8b30_0, 0;
    %jmp T_3.26;
T_3.24 ;
    %load/vec4 v000001ef76ca9030_0;
    %load/vec4 v000001ef76ca8b30_0;
    %parti/s 7, 1, 2;
    %concat/vec4; draw_concat_vec4
    %assign/vec4 v000001ef76ca8b30_0, 0;
    %jmp T_3.26;
T_3.25 ;
    %load/vec4 v000001ef76ca9030_0;
    %load/vec4 v000001ef76ca8b30_0;
    %parti/s 7, 1, 2;
    %concat/vec4; draw_concat_vec4
    %assign/vec4 v000001ef76ca8b30_0, 0;
    %pushi/vec4 3, 0, 2;
    %assign/vec4 v000001ef76ca89f0_0, 0;
    %jmp T_3.26;
T_3.26 ;
    %pop/vec4 1;
T_3.16 ;
    %jmp T_3.7;
T_3.5 ;
    %load/vec4 v000001ef76ca8270_0;
    %flag_set/vec4 8;
    %jmp/0xz  T_3.27, 8;
    %load/vec4 v000001ef76ca8310_0;
    %cmpi/e 152, 0, 8;
    %jmp/0xz  T_3.29, 4;
    %pushi/vec4 1, 0, 1;
    %assign/vec4 v000001ef76ca84f0_0, 0;
    %pushi/vec4 0, 0, 1;
    %assign/vec4 v000001ef76ca81d0_0, 0;
    %pushi/vec4 0, 0, 2;
    %assign/vec4 v000001ef76ca89f0_0, 0;
    %jmp T_3.30;
T_3.29 ;
    %load/vec4 v000001ef76ca8310_0;
    %addi 1, 0, 8;
    %assign/vec4 v000001ef76ca8310_0, 0;
T_3.30 ;
T_3.27 ;
    %jmp T_3.7;
T_3.7 ;
    %pop/vec4 1;
T_3.1 ;
    %jmp T_3;
    .thread T_3;
    .scope S_000001ef76c40300;
T_4 ;
    %delay 10000, 0;
    %load/vec4 v000001ef76ca83b0_0;
    %inv;
    %store/vec4 v000001ef76ca83b0_0, 0, 1;
    %jmp T_4;
    .thread T_4;
    .scope S_000001ef76c40300;
T_5 ;
    %vpi_call 2 25 "$dumpfile", "dump.vcd" {0 0 0};
    %vpi_call 2 26 "$dumpvars", 32'sb00000000000000000000000000000000, S_000001ef76c40300 {0 0 0};
    %pushi/vec4 0, 0, 1;
    %store/vec4 v000001ef76ca8a90_0, 0, 1;
    %pushi/vec4 0, 0, 1;
    %store/vec4 v000001ef76ca83b0_0, 0, 1;
    %delay 20000, 0;
    %pushi/vec4 1, 0, 1;
    %store/vec4 v000001ef76ca8a90_0, 0, 1;
    %delay 20000, 0;
    %pushi/vec4 0, 0, 1;
    %store/vec4 v000001ef76ca8a90_0, 0, 1;
    %delay 20000, 0;
    %pushi/vec4 0, 0, 32;
    %store/vec4 v000001ef76ca86d0_0, 0, 32;
T_5.0 ;
    %load/vec4 v000001ef76ca86d0_0;
    %cmpi/s 20, 0, 32;
    %jmp/0xz T_5.1, 5;
    %vpi_func 2 33 "$random" 32 {0 0 0};
    %pad/s 8;
    %store/vec4 v000001ef76ca8810_0, 0, 8;
    %pushi/vec4 1, 0, 1;
    %store/vec4 v000001ef76caa360_0, 0, 1;
    %delay 20000, 0;
    %pushi/vec4 0, 0, 1;
    %store/vec4 v000001ef76caa360_0, 0, 1;
    %wait E_000001ef76c2ddc0;
    %delay 150700000, 0;
    %load/vec4 v000001ef76ca8810_0;
    %load/vec4 v000001ef76ca8590_0;
    %cmp/e;
    %jmp/0xz  T_5.2, 4;
    %vpi_call 2 44 "$display", "done" {0 0 0};
T_5.2 ;
    %load/vec4 v000001ef76ca86d0_0;
    %addi 1, 0, 32;
    %store/vec4 v000001ef76ca86d0_0, 0, 32;
    %jmp T_5.0;
T_5.1 ;
    %delay 200000000, 0;
    %vpi_call 2 51 "$finish" {0 0 0};
    %end;
    .thread T_5;
# The file index is used to find the file name in the following table.
:file_names 5;
    "N/A";
    "<interactive>";
    "tb_rx_tx.v";
    "./uart.v";
    "./uart_rx.v";
