#! /c/Source/iverilog-install/bin/vvp
:ivl_version "12.0 (devel)" "(s20150603-1110-g18392a46)";
:ivl_delay_selection "TYPICAL";
:vpi_time_precision + 0;
:vpi_module "C:\iverilog\lib\ivl\system.vpi";
:vpi_module "C:\iverilog\lib\ivl\vhdl_sys.vpi";
:vpi_module "C:\iverilog\lib\ivl\vhdl_textio.vpi";
:vpi_module "C:\iverilog\lib\ivl\v2005_math.vpi";
:vpi_module "C:\iverilog\lib\ivl\va_math.vpi";
S_0000015713c866f0 .scope module, "tb_dflipflop" "tb_dflipflop" 2 2;
 .timescale 0 0;
v0000015713c86ab0_0 .var "clk", 0 0;
v0000015713ccbc40_0 .var "d", 0 0;
v0000015713ccbce0_0 .net "q", 0 0, v0000015713c86a10_0;  1 drivers
S_0000015713c86880 .scope module, "uut" "d_flipflop" 2 6, 3 1 0, S_0000015713c866f0;
 .timescale 0 0;
    .port_info 0 /INPUT 1 "d";
    .port_info 1 /INPUT 1 "clk";
    .port_info 2 /OUTPUT 1 "q";
v0000015713c53140_0 .net "clk", 0 0, v0000015713c86ab0_0;  1 drivers
v0000015713c52b80_0 .net "d", 0 0, v0000015713ccbc40_0;  1 drivers
v0000015713c86a10_0 .var "q", 0 0;
E_0000015713bcc1f0 .event posedge, v0000015713c53140_0;
    .scope S_0000015713c86880;
T_0 ;
    %wait E_0000015713bcc1f0;
    %load/vec4 v0000015713c52b80_0;
    %assign/vec4 v0000015713c86a10_0, 0;
    %jmp T_0;
    .thread T_0;
    .scope S_0000015713c866f0;
T_1 ;
    %delay 5, 0;
    %load/vec4 v0000015713c86ab0_0;
    %inv;
    %store/vec4 v0000015713c86ab0_0, 0, 1;
    %jmp T_1;
    .thread T_1;
    .scope S_0000015713c866f0;
T_2 ;
    %vpi_call 2 14 "$dumpfile", "dump.vcd" {0 0 0};
    %vpi_call 2 15 "$dumpvars", 32'sb00000000000000000000000000000000, S_0000015713c866f0 {0 0 0};
    %pushi/vec4 0, 0, 1;
    %store/vec4 v0000015713c86ab0_0, 0, 1;
    %pushi/vec4 0, 0, 1;
    %store/vec4 v0000015713ccbc40_0, 0, 1;
    %delay 10, 0;
    %pushi/vec4 1, 0, 1;
    %store/vec4 v0000015713ccbc40_0, 0, 1;
    %delay 10, 0;
    %vpi_call 2 23 "$finish" {0 0 0};
    %end;
    .thread T_2;
# The file index is used to find the file name in the following table.
:file_names 4;
    "N/A";
    "<interactive>";
    "tb_dflipflop.v";
    "../src/d_flipflop.v";
