#! /c/Source/iverilog-install/bin/vvp
:ivl_version "12.0 (devel)" "(s20150603-1110-g18392a46)";
:ivl_delay_selection "TYPICAL";
:vpi_time_precision + 0;
:vpi_module "C:\iverilog\lib\ivl\system.vpi";
:vpi_module "C:\iverilog\lib\ivl\vhdl_sys.vpi";
:vpi_module "C:\iverilog\lib\ivl\vhdl_textio.vpi";
:vpi_module "C:\iverilog\lib\ivl\v2005_math.vpi";
:vpi_module "C:\iverilog\lib\ivl\va_math.vpi";
S_00000118d209ce60 .scope module, "tb_traffic" "tb_traffic" 2 1;
 .timescale 0 0;
v00000118d2137cf0_0 .var "clk", 0 0;
v00000118d21385b0_0 .net "o_green", 0 0, v00000118d21381f0_0;  1 drivers
v00000118d2137e30_0 .net "o_red", 0 0, v00000118d2137c50_0;  1 drivers
v00000118d21383d0_0 .net "o_yellow", 0 0, v00000118d2138790_0;  1 drivers
v00000118d2138650_0 .var "rst", 0 0;
S_00000118d209cff0 .scope module, "uut" "traffic" 2 7, 3 1 0, S_00000118d209ce60;
 .timescale 0 0;
    .port_info 0 /OUTPUT 1 "o_red";
    .port_info 1 /OUTPUT 1 "o_yellow";
    .port_info 2 /OUTPUT 1 "o_green";
    .port_info 3 /INPUT 1 "rst";
    .port_info 4 /INPUT 1 "clk";
P_00000118d20b2eb0 .param/l "green" 1 3 13, C4<100>;
P_00000118d20b2ee8 .param/l "red" 1 3 11, C4<001>;
P_00000118d20b2f20 .param/l "yellow" 1 3 12, C4<010>;
L_00000118d2138858 .functor BUFT 1, C4<001>, C4<0>, C4<0>, C4<0>;
v00000118d20d6c50_0 .net/2u *"_ivl_0", 2 0, L_00000118d2138858;  1 drivers
L_00000118d2138930 .functor BUFT 1, C4<00101>, C4<0>, C4<0>, C4<0>;
v00000118d20b30c0_0 .net/2u *"_ivl_10", 4 0, L_00000118d2138930;  1 drivers
L_00000118d2138978 .functor BUFT 1, C4<100>, C4<0>, C4<0>, C4<0>;
v00000118d20e4890_0 .net/2u *"_ivl_12", 2 0, L_00000118d2138978;  1 drivers
v00000118d20b2c80_0 .net *"_ivl_14", 0 0, L_00000118d2137ed0;  1 drivers
L_00000118d21389c0 .functor BUFT 1, C4<11001>, C4<0>, C4<0>, C4<0>;
v00000118d209d180_0 .net/2u *"_ivl_16", 4 0, L_00000118d21389c0;  1 drivers
L_00000118d2138a08 .functor BUFT 1, C4<00000>, C4<0>, C4<0>, C4<0>;
v00000118d2138150_0 .net/2u *"_ivl_18", 4 0, L_00000118d2138a08;  1 drivers
v00000118d21380b0_0 .net *"_ivl_2", 0 0, L_00000118d2138290;  1 drivers
v00000118d2137930_0 .net *"_ivl_20", 4 0, L_00000118d2138470;  1 drivers
v00000118d2138010_0 .net *"_ivl_22", 4 0, L_00000118d2137890;  1 drivers
L_00000118d21388a0 .functor BUFT 1, C4<11110>, C4<0>, C4<0>, C4<0>;
v00000118d2137a70_0 .net/2u *"_ivl_4", 4 0, L_00000118d21388a0;  1 drivers
L_00000118d21388e8 .functor BUFT 1, C4<010>, C4<0>, C4<0>, C4<0>;
v00000118d21386f0_0 .net/2u *"_ivl_6", 2 0, L_00000118d21388e8;  1 drivers
v00000118d2137f70_0 .net *"_ivl_8", 0 0, L_00000118d2137d90;  1 drivers
v00000118d2138330_0 .var "baud_count", 4 0;
v00000118d2137b10_0 .net "clk", 0 0, v00000118d2137cf0_0;  1 drivers
v00000118d21381f0_0 .var "o_green", 0 0;
v00000118d2137c50_0 .var "o_red", 0 0;
v00000118d2138790_0 .var "o_yellow", 0 0;
v00000118d2137bb0_0 .net "rst", 0 0, v00000118d2138650_0;  1 drivers
v00000118d2138510_0 .var "st", 2 0;
v00000118d21379d0_0 .net "timer_limit", 4 0, L_00000118d2183180;  1 drivers
E_00000118d20d9120 .event posedge, v00000118d2137b10_0;
L_00000118d2138290 .cmp/eq 3, v00000118d2138510_0, L_00000118d2138858;
L_00000118d2137d90 .cmp/eq 3, v00000118d2138510_0, L_00000118d21388e8;
L_00000118d2137ed0 .cmp/eq 3, v00000118d2138510_0, L_00000118d2138978;
L_00000118d2138470 .functor MUXZ 5, L_00000118d2138a08, L_00000118d21389c0, L_00000118d2137ed0, C4<>;
L_00000118d2137890 .functor MUXZ 5, L_00000118d2138470, L_00000118d2138930, L_00000118d2137d90, C4<>;
L_00000118d2183180 .functor MUXZ 5, L_00000118d2137890, L_00000118d21388a0, L_00000118d2138290, C4<>;
    .scope S_00000118d209cff0;
T_0 ;
    %wait E_00000118d20d9120;
    %load/vec4 v00000118d2137bb0_0;
    %flag_set/vec4 8;
    %jmp/0xz  T_0.0, 8;
    %pushi/vec4 0, 0, 5;
    %assign/vec4 v00000118d2138330_0, 0;
    %jmp T_0.1;
T_0.0 ;
    %load/vec4 v00000118d2138330_0;
    %load/vec4 v00000118d21379d0_0;
    %subi 1, 0, 5;
    %cmp/e;
    %jmp/0xz  T_0.2, 4;
    %pushi/vec4 0, 0, 5;
    %assign/vec4 v00000118d2138330_0, 0;
    %jmp T_0.3;
T_0.2 ;
    %load/vec4 v00000118d2138330_0;
    %addi 1, 0, 5;
    %assign/vec4 v00000118d2138330_0, 0;
T_0.3 ;
T_0.1 ;
    %jmp T_0;
    .thread T_0;
    .scope S_00000118d209cff0;
T_1 ;
    %wait E_00000118d20d9120;
    %load/vec4 v00000118d2137bb0_0;
    %flag_set/vec4 8;
    %jmp/0xz  T_1.0, 8;
    %pushi/vec4 0, 0, 1;
    %assign/vec4 v00000118d21381f0_0, 0;
    %pushi/vec4 0, 0, 1;
    %assign/vec4 v00000118d2137c50_0, 0;
    %pushi/vec4 0, 0, 1;
    %assign/vec4 v00000118d2138790_0, 0;
    %pushi/vec4 1, 0, 3;
    %assign/vec4 v00000118d2138510_0, 0;
    %jmp T_1.1;
T_1.0 ;
    %load/vec4 v00000118d2138510_0;
    %dup/vec4;
    %pushi/vec4 1, 0, 3;
    %cmp/u;
    %jmp/1 T_1.2, 6;
    %dup/vec4;
    %pushi/vec4 2, 0, 3;
    %cmp/u;
    %jmp/1 T_1.3, 6;
    %dup/vec4;
    %pushi/vec4 4, 0, 3;
    %cmp/u;
    %jmp/1 T_1.4, 6;
    %pushi/vec4 1, 0, 3;
    %assign/vec4 v00000118d2138510_0, 0;
    %jmp T_1.6;
T_1.2 ;
    %pushi/vec4 1, 0, 1;
    %assign/vec4 v00000118d2137c50_0, 0;
    %pushi/vec4 0, 0, 1;
    %assign/vec4 v00000118d2138790_0, 0;
    %pushi/vec4 0, 0, 1;
    %assign/vec4 v00000118d21381f0_0, 0;
    %load/vec4 v00000118d2138330_0;
    %load/vec4 v00000118d21379d0_0;
    %subi 1, 0, 5;
    %cmp/e;
    %jmp/0xz  T_1.7, 4;
    %pushi/vec4 2, 0, 3;
    %assign/vec4 v00000118d2138510_0, 0;
T_1.7 ;
    %jmp T_1.6;
T_1.3 ;
    %pushi/vec4 0, 0, 1;
    %assign/vec4 v00000118d2137c50_0, 0;
    %pushi/vec4 1, 0, 1;
    %assign/vec4 v00000118d2138790_0, 0;
    %pushi/vec4 0, 0, 1;
    %assign/vec4 v00000118d21381f0_0, 0;
    %load/vec4 v00000118d2138330_0;
    %load/vec4 v00000118d21379d0_0;
    %subi 1, 0, 5;
    %cmp/e;
    %jmp/0xz  T_1.9, 4;
    %pushi/vec4 4, 0, 3;
    %assign/vec4 v00000118d2138510_0, 0;
T_1.9 ;
    %jmp T_1.6;
T_1.4 ;
    %pushi/vec4 0, 0, 1;
    %assign/vec4 v00000118d2137c50_0, 0;
    %pushi/vec4 0, 0, 1;
    %assign/vec4 v00000118d2138790_0, 0;
    %pushi/vec4 1, 0, 1;
    %assign/vec4 v00000118d21381f0_0, 0;
    %load/vec4 v00000118d2138330_0;
    %load/vec4 v00000118d21379d0_0;
    %subi 1, 0, 5;
    %cmp/e;
    %jmp/0xz  T_1.11, 4;
    %pushi/vec4 1, 0, 3;
    %assign/vec4 v00000118d2138510_0, 0;
T_1.11 ;
    %jmp T_1.6;
T_1.6 ;
    %pop/vec4 1;
T_1.1 ;
    %jmp T_1;
    .thread T_1;
    .scope S_00000118d209ce60;
T_2 ;
    %delay 5, 0;
    %load/vec4 v00000118d2137cf0_0;
    %inv;
    %store/vec4 v00000118d2137cf0_0, 0, 1;
    %jmp T_2;
    .thread T_2;
    .scope S_00000118d209ce60;
T_3 ;
    %vpi_call 2 12 "$dumpfile", "dump.vcd" {0 0 0};
    %vpi_call 2 13 "$dumpvars", 32'sb00000000000000000000000000000000, S_00000118d209ce60 {0 0 0};
    %pushi/vec4 0, 0, 1;
    %store/vec4 v00000118d2138650_0, 0, 1;
    %pushi/vec4 0, 0, 1;
    %store/vec4 v00000118d2137cf0_0, 0, 1;
    %delay 3, 0;
    %pushi/vec4 1, 0, 1;
    %store/vec4 v00000118d2138650_0, 0, 1;
    %delay 3, 0;
    %pushi/vec4 0, 0, 1;
    %store/vec4 v00000118d2138650_0, 0, 1;
    %delay 1500, 0;
    %vpi_call 2 17 "$finish" {0 0 0};
    %end;
    .thread T_3;
# The file index is used to find the file name in the following table.
:file_names 4;
    "N/A";
    "<interactive>";
    "tb_traffic.v";
    "./traffic.v";
