#! /c/Source/iverilog-install/bin/vvp
:ivl_version "12.0 (devel)" "(s20150603-1110-g18392a46)";
:ivl_delay_selection "TYPICAL";
:vpi_time_precision - 12;
:vpi_module "C:\iverilog\lib\ivl\system.vpi";
:vpi_module "C:\iverilog\lib\ivl\vhdl_sys.vpi";
:vpi_module "C:\iverilog\lib\ivl\vhdl_textio.vpi";
:vpi_module "C:\iverilog\lib\ivl\v2005_math.vpi";
:vpi_module "C:\iverilog\lib\ivl\va_math.vpi";
S_0000014be190bcd0 .scope module, "tb_tflipflop" "tb_tflipflop" 2 3;
 .timescale -9 -12;
v0000014be1bc2a80_0 .var "clk", 0 0;
v0000014be1bc2b20_0 .net "q", 0 0, v0000014be190be60_0;  1 drivers
v0000014be1bc2bc0_0 .var "rst", 0 0;
v0000014be1bc2c60_0 .var "t", 0 0;
S_0000014be190e000 .scope module, "uut" "t_flipflop" 2 11, 3 1 0, S_0000014be190bcd0;
 .timescale -9 -12;
    .port_info 0 /INPUT 1 "clk";
    .port_info 1 /INPUT 1 "rst";
    .port_info 2 /INPUT 1 "t";
    .port_info 3 /OUTPUT 1 "q";
L_0000014be190e460 .functor XOR 1, v0000014be1bc2c60_0, v0000014be190be60_0, C4<0>, C4<0>;
v0000014be190e320_0 .net "clk", 0 0, v0000014be1bc2a80_0;  1 drivers
v0000014be190e3c0_0 .net "d_in", 0 0, L_0000014be190e460;  1 drivers
v0000014be1bc28a0_0 .net "q", 0 0, v0000014be190be60_0;  alias, 1 drivers
v0000014be1bc2940_0 .net "rst", 0 0, v0000014be1bc2bc0_0;  1 drivers
v0000014be1bc29e0_0 .net "t", 0 0, v0000014be1bc2c60_0;  1 drivers
S_0000014be190e190 .scope module, "inst" "d_flipflop" 3 14, 4 1 0, S_0000014be190e000;
 .timescale -9 -12;
    .port_info 0 /INPUT 1 "d";
    .port_info 1 /INPUT 1 "rst";
    .port_info 2 /INPUT 1 "clk";
    .port_info 3 /OUTPUT 1 "q";
v0000014be1bc3440_0 .net "clk", 0 0, v0000014be1bc2a80_0;  alias, 1 drivers
v0000014be1bf7a20_0 .net "d", 0 0, L_0000014be190e460;  alias, 1 drivers
v0000014be190be60_0 .var "q", 0 0;
v0000014be190a760_0 .net "rst", 0 0, v0000014be1bc2bc0_0;  alias, 1 drivers
E_0000014be1909a20 .event posedge, v0000014be1bc3440_0;
    .scope S_0000014be190e190;
T_0 ;
    %wait E_0000014be1909a20;
    %load/vec4 v0000014be190a760_0;
    %cmpi/e 1, 0, 1;
    %jmp/0xz  T_0.0, 4;
    %pushi/vec4 0, 0, 1;
    %assign/vec4 v0000014be190be60_0, 0;
    %jmp T_0.1;
T_0.0 ;
    %load/vec4 v0000014be1bf7a20_0;
    %assign/vec4 v0000014be190be60_0, 0;
T_0.1 ;
    %jmp T_0;
    .thread T_0;
    .scope S_0000014be190bcd0;
T_1 ;
    %delay 5000, 0;
    %load/vec4 v0000014be1bc2a80_0;
    %inv;
    %store/vec4 v0000014be1bc2a80_0, 0, 1;
    %jmp T_1;
    .thread T_1;
    .scope S_0000014be190bcd0;
T_2 ;
    %vpi_call 2 22 "$dumpfile", "dump.vcd" {0 0 0};
    %vpi_call 2 23 "$dumpvars", 32'sb00000000000000000000000000000000, S_0000014be190bcd0 {0 0 0};
    %pushi/vec4 0, 0, 1;
    %store/vec4 v0000014be1bc2a80_0, 0, 1;
    %pushi/vec4 0, 0, 1;
    %store/vec4 v0000014be1bc2bc0_0, 0, 1;
    %pushi/vec4 0, 0, 1;
    %store/vec4 v0000014be1bc2c60_0, 0, 1;
    %delay 2000, 0;
    %pushi/vec4 1, 0, 1;
    %store/vec4 v0000014be1bc2bc0_0, 0, 1;
    %delay 2000, 0;
    %pushi/vec4 0, 0, 1;
    %store/vec4 v0000014be1bc2bc0_0, 0, 1;
    %delay 10000, 0;
    %pushi/vec4 1, 0, 1;
    %store/vec4 v0000014be1bc2c60_0, 0, 1;
    %delay 40000, 0;
    %pushi/vec4 0, 0, 1;
    %store/vec4 v0000014be1bc2c60_0, 0, 1;
    %delay 20000, 0;
    %vpi_call 2 46 "$finish" {0 0 0};
    %end;
    .thread T_2;
# The file index is used to find the file name in the following table.
:file_names 5;
    "N/A";
    "<interactive>";
    "tb_t_flipflop.v";
    "./t_flipflop.v";
    "./d_flipflop.v";
