#! /c/Source/iverilog-install/bin/vvp
:ivl_version "12.0 (devel)" "(s20150603-1110-g18392a46)";
:ivl_delay_selection "TYPICAL";
:vpi_time_precision - 12;
:vpi_module "C:\iverilog\lib\ivl\system.vpi";
:vpi_module "C:\iverilog\lib\ivl\vhdl_sys.vpi";
:vpi_module "C:\iverilog\lib\ivl\vhdl_textio.vpi";
:vpi_module "C:\iverilog\lib\ivl\v2005_math.vpi";
:vpi_module "C:\iverilog\lib\ivl\va_math.vpi";
S_000002115c34db00 .scope module, "tb_uart" "tb_uart" 2 2;
 .timescale -9 -12;
v000002115c2c2a50_0 .var "clk", 0 0;
v000002115c2c1bf0_0 .var "rst", 0 0;
v000002115c2c2050_0 .net "tx_active", 0 0, v000002115c2c1880_0;  1 drivers
v000002115c2c2370_0 .var "tx_data", 7 0;
v000002115c2c2190_0 .net "tx_done", 0 0, v000002115c2c19c0_0;  1 drivers
v000002115c2c25f0_0 .net "tx_out", 0 0, v000002115c2c1a60_0;  1 drivers
v000002115c2c2230_0 .var "tx_start", 0 0;
S_000002115c34dc90 .scope module, "uut" "uart" 2 10, 3 1 0, S_000002115c34db00;
 .timescale -9 -12;
    .port_info 0 /INPUT 1 "rst";
    .port_info 1 /INPUT 1 "clk";
    .port_info 2 /OUTPUT 1 "tx_active";
    .port_info 3 /INPUT 1 "tx_start";
    .port_info 4 /OUTPUT 1 "tx_done";
    .port_info 5 /INPUT 8 "tx_data";
    .port_info 6 /OUTPUT 1 "tx_out";
P_000002115c34de20 .param/l "DIVISOR" 0 3 5, +C4<00000000000000000001010001011000>;
P_000002115c34de58 .param/l "baud_rate" 0 3 4, +C4<00000000000000000010010110000000>;
P_000002115c34de90 .param/l "clk_freq" 0 3 3, +C4<00000010111110101111000010000000>;
P_000002115c34dec8 .param/l "data" 1 3 22, C4<10>;
P_000002115c34df00 .param/l "idle" 1 3 20, C4<00>;
P_000002115c34df38 .param/l "start" 1 3 21, C4<01>;
P_000002115c34df70 .param/l "stop" 1 3 23, C4<11>;
v000002115c34be30_0 .net *"_ivl_0", 31 0, L_000002115c2c2410;  1 drivers
L_000002115c2c3328 .functor BUFT 1, C4<0000000000000000000>, C4<0>, C4<0>, C4<0>;
v000002115c232c10_0 .net *"_ivl_3", 18 0, L_000002115c2c3328;  1 drivers
L_000002115c2c3370 .functor BUFT 1, C4<00000000000000000001010001010111>, C4<0>, C4<0>, C4<0>;
v000002115c2c1420_0 .net/2u *"_ivl_4", 31 0, L_000002115c2c3370;  1 drivers
v000002115c2c14c0_0 .var "baud_count", 12 0;
v000002115c2c1560_0 .net "baud_tick", 0 0, L_000002115c2c1d30;  1 drivers
v000002115c2c1600_0 .net "clk", 0 0, v000002115c2c2a50_0;  1 drivers
v000002115c2c16a0_0 .var "index", 3 0;
v000002115c2c1740_0 .net "rst", 0 0, v000002115c2c1bf0_0;  1 drivers
v000002115c2c17e0_0 .var "st", 1 0;
v000002115c2c1880_0 .var "tx_active", 0 0;
v000002115c2c1920_0 .net "tx_data", 7 0, v000002115c2c2370_0;  1 drivers
v000002115c2c19c0_0 .var "tx_done", 0 0;
v000002115c2c1a60_0 .var "tx_out", 0 0;
v000002115c2c2550_0 .var "tx_shift", 7 0;
v000002115c2c1dd0_0 .net "tx_start", 0 0, v000002115c2c2230_0;  1 drivers
E_000002115c25ab50 .event posedge, v000002115c2c1600_0;
L_000002115c2c2410 .concat [ 13 19 0 0], v000002115c2c14c0_0, L_000002115c2c3328;
L_000002115c2c1d30 .cmp/eq 32, L_000002115c2c2410, L_000002115c2c3370;
    .scope S_000002115c34dc90;
T_0 ;
    %wait E_000002115c25ab50;
    %load/vec4 v000002115c2c1740_0;
    %flag_set/vec4 8;
    %jmp/0xz  T_0.0, 8;
    %pushi/vec4 0, 0, 13;
    %assign/vec4 v000002115c2c14c0_0, 0;
    %jmp T_0.1;
T_0.0 ;
    %load/vec4 v000002115c2c1880_0;
    %flag_set/vec4 8;
    %jmp/0xz  T_0.2, 8;
    %load/vec4 v000002115c2c1560_0;
    %flag_set/vec4 8;
    %jmp/0xz  T_0.4, 8;
    %pushi/vec4 0, 0, 13;
    %assign/vec4 v000002115c2c14c0_0, 0;
    %jmp T_0.5;
T_0.4 ;
    %load/vec4 v000002115c2c14c0_0;
    %addi 1, 0, 13;
    %assign/vec4 v000002115c2c14c0_0, 0;
T_0.5 ;
    %jmp T_0.3;
T_0.2 ;
    %pushi/vec4 0, 0, 13;
    %assign/vec4 v000002115c2c14c0_0, 0;
T_0.3 ;
T_0.1 ;
    %jmp T_0;
    .thread T_0;
    .scope S_000002115c34dc90;
T_1 ;
    %wait E_000002115c25ab50;
    %load/vec4 v000002115c2c1740_0;
    %flag_set/vec4 8;
    %jmp/0xz  T_1.0, 8;
    %pushi/vec4 0, 0, 2;
    %assign/vec4 v000002115c2c17e0_0, 0;
    %pushi/vec4 0, 0, 4;
    %assign/vec4 v000002115c2c16a0_0, 0;
    %pushi/vec4 0, 0, 8;
    %assign/vec4 v000002115c2c2550_0, 0;
    %pushi/vec4 0, 0, 1;
    %assign/vec4 v000002115c2c1880_0, 0;
    %pushi/vec4 0, 0, 1;
    %assign/vec4 v000002115c2c19c0_0, 0;
    %pushi/vec4 0, 0, 1;
    %assign/vec4 v000002115c2c1a60_0, 0;
    %jmp T_1.1;
T_1.0 ;
    %load/vec4 v000002115c2c17e0_0;
    %dup/vec4;
    %pushi/vec4 0, 0, 2;
    %cmp/u;
    %jmp/1 T_1.2, 6;
    %dup/vec4;
    %pushi/vec4 1, 0, 2;
    %cmp/u;
    %jmp/1 T_1.3, 6;
    %dup/vec4;
    %pushi/vec4 2, 0, 2;
    %cmp/u;
    %jmp/1 T_1.4, 6;
    %dup/vec4;
    %pushi/vec4 3, 0, 2;
    %cmp/u;
    %jmp/1 T_1.5, 6;
    %pushi/vec4 0, 0, 2;
    %assign/vec4 v000002115c2c17e0_0, 0;
    %jmp T_1.7;
T_1.2 ;
    %pushi/vec4 1, 0, 1;
    %assign/vec4 v000002115c2c1a60_0, 0;
    %pushi/vec4 0, 0, 1;
    %assign/vec4 v000002115c2c19c0_0, 0;
    %load/vec4 v000002115c2c1dd0_0;
    %flag_set/vec4 8;
    %jmp/0xz  T_1.8, 8;
    %pushi/vec4 1, 0, 1;
    %assign/vec4 v000002115c2c1880_0, 0;
    %load/vec4 v000002115c2c1920_0;
    %assign/vec4 v000002115c2c2550_0, 0;
    %pushi/vec4 1, 0, 2;
    %assign/vec4 v000002115c2c17e0_0, 0;
T_1.8 ;
    %jmp T_1.7;
T_1.3 ;
    %pushi/vec4 0, 0, 1;
    %assign/vec4 v000002115c2c1a60_0, 0;
    %load/vec4 v000002115c2c1560_0;
    %flag_set/vec4 8;
    %jmp/0xz  T_1.10, 8;
    %pushi/vec4 2, 0, 2;
    %assign/vec4 v000002115c2c17e0_0, 0;
    %pushi/vec4 0, 0, 4;
    %assign/vec4 v000002115c2c16a0_0, 0;
T_1.10 ;
    %jmp T_1.7;
T_1.4 ;
    %load/vec4 v000002115c2c2550_0;
    %parti/s 1, 0, 2;
    %assign/vec4 v000002115c2c1a60_0, 0;
    %load/vec4 v000002115c2c1560_0;
    %flag_set/vec4 8;
    %jmp/0xz  T_1.12, 8;
    %load/vec4 v000002115c2c16a0_0;
    %cmpi/e 7, 0, 4;
    %jmp/0xz  T_1.14, 4;
    %pushi/vec4 3, 0, 2;
    %assign/vec4 v000002115c2c17e0_0, 0;
    %jmp T_1.15;
T_1.14 ;
    %load/vec4 v000002115c2c16a0_0;
    %addi 1, 0, 4;
    %assign/vec4 v000002115c2c16a0_0, 0;
    %pushi/vec4 1, 0, 1;
    %load/vec4 v000002115c2c2550_0;
    %parti/s 7, 1, 2;
    %concat/vec4; draw_concat_vec4
    %assign/vec4 v000002115c2c2550_0, 0;
T_1.15 ;
T_1.12 ;
    %jmp T_1.7;
T_1.5 ;
    %pushi/vec4 1, 0, 1;
    %assign/vec4 v000002115c2c19c0_0, 0;
    %pushi/vec4 1, 0, 1;
    %assign/vec4 v000002115c2c1a60_0, 0;
    %load/vec4 v000002115c2c1560_0;
    %flag_set/vec4 8;
    %jmp/0xz  T_1.16, 8;
    %pushi/vec4 0, 0, 1;
    %store/vec4 v000002115c2c1880_0, 0, 1;
    %pushi/vec4 0, 0, 1;
    %store/vec4 v000002115c2c19c0_0, 0, 1;
    %pushi/vec4 0, 0, 2;
    %assign/vec4 v000002115c2c17e0_0, 0;
T_1.16 ;
    %jmp T_1.7;
T_1.7 ;
    %pop/vec4 1;
T_1.1 ;
    %jmp T_1;
    .thread T_1;
    .scope S_000002115c34db00;
T_2 ;
    %delay 10000, 0;
    %load/vec4 v000002115c2c2a50_0;
    %inv;
    %store/vec4 v000002115c2c2a50_0, 0, 1;
    %jmp T_2;
    .thread T_2;
    .scope S_000002115c34db00;
T_3 ;
    %vpi_call 2 15 "$dumpfile", "dump.vcd" {0 0 0};
    %vpi_call 2 16 "$dumpvars", 32'sb00000000000000000000000000000000, S_000002115c34db00 {0 0 0};
    %pushi/vec4 0, 0, 1;
    %store/vec4 v000002115c2c1bf0_0, 0, 1;
    %pushi/vec4 0, 0, 1;
    %store/vec4 v000002115c2c2a50_0, 0, 1;
    %delay 20000, 0;
    %pushi/vec4 1, 0, 1;
    %store/vec4 v000002115c2c1bf0_0, 0, 1;
    %delay 20000, 0;
    %pushi/vec4 0, 0, 1;
    %store/vec4 v000002115c2c1bf0_0, 0, 1;
    %delay 20000, 0;
    %pushi/vec4 181, 0, 8;
    %store/vec4 v000002115c2c2370_0, 0, 8;
    %pushi/vec4 1, 0, 1;
    %store/vec4 v000002115c2c2230_0, 0, 1;
    %delay 1000000, 0;
    %vpi_call 2 21 "$finish" {0 0 0};
    %end;
    .thread T_3;
# The file index is used to find the file name in the following table.
:file_names 4;
    "N/A";
    "<interactive>";
    "tb_uart.v";
    "./uart.v";
