#! /c/Source/iverilog-install/bin/vvp
:ivl_version "12.0 (devel)" "(s20150603-1110-g18392a46)";
:ivl_delay_selection "TYPICAL";
:vpi_time_precision + 0;
:vpi_module "C:\iverilog\lib\ivl\system.vpi";
:vpi_module "C:\iverilog\lib\ivl\vhdl_sys.vpi";
:vpi_module "C:\iverilog\lib\ivl\vhdl_textio.vpi";
:vpi_module "C:\iverilog\lib\ivl\v2005_math.vpi";
:vpi_module "C:\iverilog\lib\ivl\va_math.vpi";
S_000001f2e9c5bb50 .scope module, "tb_bit_flipflop" "tb_bit_flipflop" 2 1;
 .timescale 0 0;
v000001f2e9d176f0_0 .var "clk", 0 0;
v000001f2e9d17790_0 .var "rst", 0 0;
v000001f2e9d17830_0 .var "serial_in", 0 0;
v000001f2e9d178d0_0 .net "serial_out", 0 0, L_000001f2e9d17970;  1 drivers
S_000001f2e9c5bce0 .scope module, "uut" "bit_flipflop" 2 7, 3 1 0, S_000001f2e9c5bb50;
 .timescale 0 0;
    .port_info 0 /INPUT 1 "rst";
    .port_info 1 /INPUT 1 "clk";
    .port_info 2 /INPUT 1 "serial_in";
    .port_info 3 /OUTPUT 1 "serial_out";
v000001f2e9ce32f0_0 .net "clk", 0 0, v000001f2e9d176f0_0;  1 drivers
v000001f2e9ce2e10_0 .net "rst", 0 0, v000001f2e9d17790_0;  1 drivers
v000001f2e9c5a760_0 .net "serial_in", 0 0, v000001f2e9d17830_0;  1 drivers
v000001f2e9c5be70_0 .net "serial_out", 0 0, L_000001f2e9d17970;  alias, 1 drivers
v000001f2e9c5bf10_0 .var "shift_reg", 7 0;
E_000001f2e9c58ce0 .event posedge, v000001f2e9ce32f0_0;
L_000001f2e9d17970 .part v000001f2e9c5bf10_0, 7, 1;
    .scope S_000001f2e9c5bce0;
T_0 ;
    %wait E_000001f2e9c58ce0;
    %load/vec4 v000001f2e9ce2e10_0;
    %cmpi/e 1, 0, 1;
    %jmp/0xz  T_0.0, 4;
    %pushi/vec4 0, 0, 8;
    %assign/vec4 v000001f2e9c5bf10_0, 0;
    %jmp T_0.1;
T_0.0 ;
    %load/vec4 v000001f2e9c5bf10_0;
    %parti/s 7, 0, 2;
    %load/vec4 v000001f2e9c5a760_0;
    %concat/vec4; draw_concat_vec4
    %assign/vec4 v000001f2e9c5bf10_0, 0;
T_0.1 ;
    %jmp T_0;
    .thread T_0;
    .scope S_000001f2e9c5bb50;
T_1 ;
    %delay 5, 0;
    %load/vec4 v000001f2e9d176f0_0;
    %inv;
    %store/vec4 v000001f2e9d176f0_0, 0, 1;
    %jmp T_1;
    .thread T_1;
    .scope S_000001f2e9c5bb50;
T_2 ;
    %vpi_call 2 15 "$dumpfile", "dump.vcd" {0 0 0};
    %vpi_call 2 16 "$dumpvars", 32'sb00000000000000000000000000000000, S_000001f2e9c5bb50 {0 0 0};
    %pushi/vec4 0, 0, 1;
    %store/vec4 v000001f2e9d176f0_0, 0, 1;
    %pushi/vec4 0, 0, 1;
    %store/vec4 v000001f2e9d17790_0, 0, 1;
    %pushi/vec4 0, 0, 1;
    %store/vec4 v000001f2e9d17830_0, 0, 1;
    %delay 2, 0;
    %pushi/vec4 1, 0, 1;
    %store/vec4 v000001f2e9d17790_0, 0, 1;
    %delay 2, 0;
    %pushi/vec4 0, 0, 1;
    %store/vec4 v000001f2e9d17790_0, 0, 1;
    %delay 6, 0;
    %pushi/vec4 1, 0, 1;
    %store/vec4 v000001f2e9d17830_0, 0, 1;
    %delay 10, 0;
    %pushi/vec4 0, 0, 1;
    %store/vec4 v000001f2e9d17830_0, 0, 1;
    %delay 10, 0;
    %pushi/vec4 1, 0, 1;
    %store/vec4 v000001f2e9d17830_0, 0, 1;
    %delay 10, 0;
    %pushi/vec4 1, 0, 1;
    %store/vec4 v000001f2e9d17830_0, 0, 1;
    %delay 10, 0;
    %pushi/vec4 0, 0, 1;
    %store/vec4 v000001f2e9d17830_0, 0, 1;
    %delay 10, 0;
    %pushi/vec4 1, 0, 1;
    %store/vec4 v000001f2e9d17830_0, 0, 1;
    %delay 10, 0;
    %pushi/vec4 0, 0, 1;
    %store/vec4 v000001f2e9d17830_0, 0, 1;
    %delay 10, 0;
    %pushi/vec4 0, 0, 1;
    %store/vec4 v000001f2e9d17830_0, 0, 1;
    %delay 10, 0;
    %pushi/vec4 0, 0, 1;
    %store/vec4 v000001f2e9d17830_0, 0, 1;
    %delay 50, 0;
    %vpi_call 2 36 "$finish" {0 0 0};
    %end;
    .thread T_2;
# The file index is used to find the file name in the following table.
:file_names 4;
    "N/A";
    "<interactive>";
    "tb_bit_flipflop.v";
    "./bit_flipflop.v";
