#! /c/Source/iverilog-install/bin/vvp
:ivl_version "12.0 (devel)" "(s20150603-1110-g18392a46)";
:ivl_delay_selection "TYPICAL";
:vpi_time_precision - 12;
:vpi_module "C:\iverilog\lib\ivl\system.vpi";
:vpi_module "C:\iverilog\lib\ivl\vhdl_sys.vpi";
:vpi_module "C:\iverilog\lib\ivl\vhdl_textio.vpi";
:vpi_module "C:\iverilog\lib\ivl\v2005_math.vpi";
:vpi_module "C:\iverilog\lib\ivl\va_math.vpi";
S_00000248e9f33d90 .scope module, "tb_project" "tb_project" 2 3;
 .timescale -9 -12;
v00000248e9f871c0_0 .var "clk", 0 0;
v00000248e9f87800_0 .var "data_in", 7 0;
v00000248e9f88200_0 .net "empty", 0 0, L_00000248e9f00900;  1 drivers
v00000248e9f88fc0_0 .net "full", 0 0, L_00000248e9f88980;  1 drivers
v00000248e9f87b20_0 .var "rst", 0 0;
v00000248e9f88340_0 .net "tx_out", 0 0, v00000248e9f873a0_0;  1 drivers
v00000248e9f878a0_0 .var "wi_en", 0 0;
E_00000248e9ef9f20 .event negedge, v00000248e9f30a70_0;
S_00000248e9f045b0 .scope module, "uut" "project" 2 15, 3 4 0, S_00000248e9f33d90;
 .timescale -9 -12;
    .port_info 0 /INPUT 1 "clk";
    .port_info 1 /INPUT 1 "rst";
    .port_info 2 /INPUT 8 "data_in";
    .port_info 3 /INPUT 1 "wi_en";
    .port_info 4 /OUTPUT 1 "full";
    .port_info 5 /OUTPUT 1 "empty";
    .port_info 6 /OUTPUT 1 "tx_out";
L_00000248e9f00900 .functor BUFZ 1, L_00000248e9f87bc0, C4<0>, C4<0>, C4<0>;
v00000248e9f88b60_0 .net "clk", 0 0, v00000248e9f871c0_0;  1 drivers
v00000248e9f882a0_0 .net "data_in", 7 0, v00000248e9f87800_0;  1 drivers
v00000248e9f87760_0 .net "empty", 0 0, L_00000248e9f00900;  alias, 1 drivers
v00000248e9f88700_0 .net "fifo_dout", 7 0, v00000248e9f307f0_0;  1 drivers
v00000248e9f88de0_0 .net "fifo_empty", 0 0, L_00000248e9f87bc0;  1 drivers
v00000248e9f87260_0 .net "fifo_rd_en", 0 0, v00000248e9f88020_0;  1 drivers
v00000248e9f88c00_0 .net "full", 0 0, L_00000248e9f88980;  alias, 1 drivers
v00000248e9f87440_0 .net "rst", 0 0, v00000248e9f87b20_0;  1 drivers
v00000248e9f87a80_0 .net "tx_busy", 0 0, v00000248e9f30390_0;  1 drivers
v00000248e9f887a0_0 .net "tx_done", 0 0, v00000248e9f30570_0;  1 drivers
v00000248e9f88160_0 .net "tx_out", 0 0, v00000248e9f873a0_0;  alias, 1 drivers
v00000248e9f88840_0 .net "tx_send", 0 0, v00000248e9f88660_0;  1 drivers
v00000248e9f88ca0_0 .net "uart_din", 7 0, v00000248e9f876c0_0;  1 drivers
v00000248e9f888e0_0 .net "wi_en", 0 0, v00000248e9f878a0_0;  1 drivers
S_00000248e9f04740 .scope module, "inst" "fifo" 3 22, 4 3 0, S_00000248e9f045b0;
 .timescale -9 -12;
    .port_info 0 /INPUT 1 "clk";
    .port_info 1 /INPUT 1 "rst";
    .port_info 2 /INPUT 1 "wi_en";
    .port_info 3 /INPUT 1 "rd_en";
    .port_info 4 /INPUT 8 "data_in";
    .port_info 5 /OUTPUT 8 "data_out";
    .port_info 6 /OUTPUT 1 "empty";
    .port_info 7 /OUTPUT 1 "full";
L_00000248e9fc0088 .functor BUFT 1, C4<0000>, C4<0>, C4<0>, C4<0>;
v00000248e9f30930_0 .net/2u *"_ivl_0", 3 0, L_00000248e9fc0088;  1 drivers
L_00000248e9fc00d0 .functor BUFT 1, C4<1000>, C4<0>, C4<0>, C4<0>;
v00000248e9f30d90_0 .net/2u *"_ivl_4", 3 0, L_00000248e9fc00d0;  1 drivers
v00000248e9f30a70_0 .net "clk", 0 0, v00000248e9f871c0_0;  alias, 1 drivers
v00000248e9f30890_0 .var "count", 3 0;
v00000248e9f309d0_0 .net "data_in", 7 0, v00000248e9f87800_0;  alias, 1 drivers
v00000248e9f307f0_0 .var "data_out", 7 0;
v00000248e9f30ed0_0 .net "empty", 0 0, L_00000248e9f87bc0;  alias, 1 drivers
v00000248e9f30bb0_0 .net "full", 0 0, L_00000248e9f88980;  alias, 1 drivers
v00000248e9f30c50 .array "mem", 7 0, 7 0;
v00000248e9f30e30_0 .net "rd_en", 0 0, v00000248e9f88020_0;  alias, 1 drivers
v00000248e9f30610_0 .var "rd_ptr", 2 0;
v00000248e9f2ffd0_0 .net "rst", 0 0, v00000248e9f87b20_0;  alias, 1 drivers
v00000248e9f30430_0 .net "wi_en", 0 0, v00000248e9f878a0_0;  alias, 1 drivers
v00000248e9f30b10_0 .var "wr_ptr", 2 0;
E_00000248e9efaf20 .event posedge, v00000248e9f30a70_0;
L_00000248e9f87bc0 .cmp/eq 4, v00000248e9f30890_0, L_00000248e9fc0088;
L_00000248e9f88980 .cmp/eq 4, v00000248e9f30890_0, L_00000248e9fc00d0;
S_00000248e9f2aaa0 .scope module, "instt" "uart" 3 25, 5 2 0, S_00000248e9f045b0;
 .timescale -9 -12;
    .port_info 0 /INPUT 1 "rst";
    .port_info 1 /INPUT 1 "clk";
    .port_info 2 /OUTPUT 1 "tx_active";
    .port_info 3 /INPUT 1 "tx_start";
    .port_info 4 /OUTPUT 1 "tx_done";
    .port_info 5 /INPUT 8 "tx_data";
    .port_info 6 /OUTPUT 1 "tx_out";
P_00000248e9c5bb70 .param/l "data" 1 5 18, C4<10>;
P_00000248e9c5bba8 .param/l "idle" 1 5 16, C4<00>;
P_00000248e9c5bbe0 .param/l "start" 1 5 17, C4<01>;
P_00000248e9c5bc18 .param/l "stop" 1 5 19, C4<11>;
L_00000248e9fc0118 .functor BUFT 1, C4<1010001010111>, C4<0>, C4<0>, C4<0>;
v00000248e9f306b0_0 .net/2u *"_ivl_0", 12 0, L_00000248e9fc0118;  1 drivers
v00000248e9f30cf0_0 .var "baud_count", 12 0;
v00000248e9f30070_0 .net "baud_tick", 0 0, L_00000248e9f87d00;  1 drivers
v00000248e9f30110_0 .net "clk", 0 0, v00000248e9f871c0_0;  alias, 1 drivers
v00000248e9f30750_0 .var "index", 3 0;
v00000248e9f301b0_0 .net "rst", 0 0, v00000248e9f87b20_0;  alias, 1 drivers
v00000248e9f30250_0 .var "st", 1 0;
v00000248e9f30390_0 .var "tx_active", 0 0;
v00000248e9f304d0_0 .net "tx_data", 7 0, v00000248e9f876c0_0;  alias, 1 drivers
v00000248e9f30570_0 .var "tx_done", 0 0;
v00000248e9f873a0_0 .var "tx_out", 0 0;
v00000248e9f87f80_0 .var "tx_shift", 7 0;
v00000248e9f883e0_0 .net "tx_start", 0 0, v00000248e9f88660_0;  alias, 1 drivers
L_00000248e9f87d00 .cmp/eq 13, v00000248e9f30cf0_0, L_00000248e9fc0118;
S_00000248e9f2ac30 .scope module, "insttt" "handshake_fsm" 3 28, 6 1 0, S_00000248e9f045b0;
 .timescale -9 -12;
    .port_info 0 /OUTPUT 1 "fifo_rd_en";
    .port_info 1 /OUTPUT 1 "uart_send";
    .port_info 2 /OUTPUT 8 "uart_din";
    .port_info 3 /INPUT 1 "tx_done";
    .port_info 4 /INPUT 1 "tx_busy";
    .port_info 5 /INPUT 1 "fifo_empty";
    .port_info 6 /INPUT 8 "fifo_dout";
    .port_info 7 /INPUT 1 "clk";
    .port_info 8 /INPUT 1 "rst";
P_00000248e9f2adc0 .param/l "load" 1 6 15, C4<10>;
P_00000248e9f2adf8 .param/l "pop" 1 6 14, C4<01>;
P_00000248e9f2ae30 .param/l "transmit" 1 6 16, C4<11>;
P_00000248e9f2ae68 .param/l "wait_data" 1 6 13, C4<00>;
v00000248e9f874e0_0 .net "clk", 0 0, v00000248e9f871c0_0;  alias, 1 drivers
v00000248e9f88f20_0 .net "fifo_dout", 7 0, v00000248e9f307f0_0;  alias, 1 drivers
v00000248e9f879e0_0 .net "fifo_empty", 0 0, L_00000248e9f87bc0;  alias, 1 drivers
v00000248e9f88020_0 .var "fifo_rd_en", 0 0;
v00000248e9f88480_0 .net "rst", 0 0, v00000248e9f87b20_0;  alias, 1 drivers
v00000248e9f88ac0_0 .var "st", 1 0;
v00000248e9f885c0_0 .net "tx_busy", 0 0, v00000248e9f30390_0;  alias, 1 drivers
v00000248e9f880c0_0 .net "tx_done", 0 0, v00000248e9f30570_0;  alias, 1 drivers
v00000248e9f876c0_0 .var "uart_din", 7 0;
v00000248e9f88660_0 .var "uart_send", 0 0;
    .scope S_00000248e9f04740;
T_0 ;
    %wait E_00000248e9efaf20;
    %load/vec4 v00000248e9f2ffd0_0;
    %flag_set/vec4 8;
    %jmp/0xz  T_0.0, 8;
    %pushi/vec4 0, 0, 3;
    %assign/vec4 v00000248e9f30b10_0, 0;
    %jmp T_0.1;
T_0.0 ;
    %load/vec4 v00000248e9f30430_0;
    %load/vec4 v00000248e9f30bb0_0;
    %nor/r;
    %and;
    %flag_set/vec4 8;
    %jmp/0xz  T_0.2, 8;
    %load/vec4 v00000248e9f309d0_0;
    %load/vec4 v00000248e9f30b10_0;
    %pad/u 5;
    %ix/vec4 3;
    %ix/load 4, 0, 0; Constant delay
    %assign/vec4/a/d v00000248e9f30c50, 0, 4;
    %load/vec4 v00000248e9f30b10_0;
    %addi 1, 0, 3;
    %assign/vec4 v00000248e9f30b10_0, 0;
T_0.2 ;
T_0.1 ;
    %jmp T_0;
    .thread T_0;
    .scope S_00000248e9f04740;
T_1 ;
    %wait E_00000248e9efaf20;
    %load/vec4 v00000248e9f2ffd0_0;
    %flag_set/vec4 8;
    %jmp/0xz  T_1.0, 8;
    %pushi/vec4 0, 0, 3;
    %assign/vec4 v00000248e9f30610_0, 0;
    %pushi/vec4 0, 0, 8;
    %assign/vec4 v00000248e9f307f0_0, 0;
    %jmp T_1.1;
T_1.0 ;
    %load/vec4 v00000248e9f30e30_0;
    %load/vec4 v00000248e9f30ed0_0;
    %nor/r;
    %and;
    %flag_set/vec4 8;
    %jmp/0xz  T_1.2, 8;
    %load/vec4 v00000248e9f30610_0;
    %pad/u 5;
    %ix/vec4 4;
    %load/vec4a v00000248e9f30c50, 4;
    %assign/vec4 v00000248e9f307f0_0, 0;
    %load/vec4 v00000248e9f30610_0;
    %addi 1, 0, 3;
    %assign/vec4 v00000248e9f30610_0, 0;
T_1.2 ;
T_1.1 ;
    %jmp T_1;
    .thread T_1;
    .scope S_00000248e9f04740;
T_2 ;
    %wait E_00000248e9efaf20;
    %load/vec4 v00000248e9f2ffd0_0;
    %flag_set/vec4 8;
    %jmp/0xz  T_2.0, 8;
    %pushi/vec4 0, 0, 4;
    %assign/vec4 v00000248e9f30890_0, 0;
    %jmp T_2.1;
T_2.0 ;
    %load/vec4 v00000248e9f30430_0;
    %load/vec4 v00000248e9f30bb0_0;
    %nor/r;
    %and;
    %load/vec4 v00000248e9f30e30_0;
    %load/vec4 v00000248e9f30ed0_0;
    %nor/r;
    %and;
    %and;
    %flag_set/vec4 8;
    %jmp/0xz  T_2.2, 8;
    %load/vec4 v00000248e9f30890_0;
    %assign/vec4 v00000248e9f30890_0, 0;
    %jmp T_2.3;
T_2.2 ;
    %load/vec4 v00000248e9f30430_0;
    %load/vec4 v00000248e9f30bb0_0;
    %nor/r;
    %and;
    %flag_set/vec4 8;
    %jmp/0xz  T_2.4, 8;
    %load/vec4 v00000248e9f30890_0;
    %addi 1, 0, 4;
    %assign/vec4 v00000248e9f30890_0, 0;
    %jmp T_2.5;
T_2.4 ;
    %load/vec4 v00000248e9f30e30_0;
    %load/vec4 v00000248e9f30ed0_0;
    %nor/r;
    %and;
    %flag_set/vec4 8;
    %jmp/0xz  T_2.6, 8;
    %load/vec4 v00000248e9f30890_0;
    %subi 1, 0, 4;
    %assign/vec4 v00000248e9f30890_0, 0;
T_2.6 ;
T_2.5 ;
T_2.3 ;
T_2.1 ;
    %jmp T_2;
    .thread T_2;
    .scope S_00000248e9f2aaa0;
T_3 ;
    %wait E_00000248e9efaf20;
    %load/vec4 v00000248e9f301b0_0;
    %flag_set/vec4 8;
    %jmp/0xz  T_3.0, 8;
    %pushi/vec4 0, 0, 13;
    %assign/vec4 v00000248e9f30cf0_0, 0;
    %jmp T_3.1;
T_3.0 ;
    %load/vec4 v00000248e9f30390_0;
    %flag_set/vec4 8;
    %jmp/0xz  T_3.2, 8;
    %load/vec4 v00000248e9f30070_0;
    %flag_set/vec4 8;
    %jmp/0xz  T_3.4, 8;
    %pushi/vec4 0, 0, 13;
    %assign/vec4 v00000248e9f30cf0_0, 0;
    %jmp T_3.5;
T_3.4 ;
    %load/vec4 v00000248e9f30cf0_0;
    %addi 1, 0, 13;
    %assign/vec4 v00000248e9f30cf0_0, 0;
T_3.5 ;
    %jmp T_3.3;
T_3.2 ;
    %pushi/vec4 0, 0, 13;
    %assign/vec4 v00000248e9f30cf0_0, 0;
T_3.3 ;
T_3.1 ;
    %jmp T_3;
    .thread T_3;
    .scope S_00000248e9f2aaa0;
T_4 ;
    %wait E_00000248e9efaf20;
    %load/vec4 v00000248e9f301b0_0;
    %flag_set/vec4 8;
    %jmp/0xz  T_4.0, 8;
    %pushi/vec4 0, 0, 2;
    %assign/vec4 v00000248e9f30250_0, 0;
    %pushi/vec4 0, 0, 4;
    %assign/vec4 v00000248e9f30750_0, 0;
    %pushi/vec4 0, 0, 8;
    %assign/vec4 v00000248e9f87f80_0, 0;
    %pushi/vec4 0, 0, 1;
    %assign/vec4 v00000248e9f30390_0, 0;
    %pushi/vec4 0, 0, 1;
    %assign/vec4 v00000248e9f30570_0, 0;
    %pushi/vec4 0, 0, 1;
    %assign/vec4 v00000248e9f873a0_0, 0;
    %jmp T_4.1;
T_4.0 ;
    %load/vec4 v00000248e9f30250_0;
    %dup/vec4;
    %pushi/vec4 0, 0, 2;
    %cmp/u;
    %jmp/1 T_4.2, 6;
    %dup/vec4;
    %pushi/vec4 1, 0, 2;
    %cmp/u;
    %jmp/1 T_4.3, 6;
    %dup/vec4;
    %pushi/vec4 2, 0, 2;
    %cmp/u;
    %jmp/1 T_4.4, 6;
    %dup/vec4;
    %pushi/vec4 3, 0, 2;
    %cmp/u;
    %jmp/1 T_4.5, 6;
    %pushi/vec4 0, 0, 2;
    %assign/vec4 v00000248e9f30250_0, 0;
    %jmp T_4.7;
T_4.2 ;
    %pushi/vec4 1, 0, 1;
    %assign/vec4 v00000248e9f873a0_0, 0;
    %pushi/vec4 0, 0, 1;
    %assign/vec4 v00000248e9f30570_0, 0;
    %load/vec4 v00000248e9f883e0_0;
    %flag_set/vec4 8;
    %jmp/0xz  T_4.8, 8;
    %pushi/vec4 1, 0, 1;
    %assign/vec4 v00000248e9f30390_0, 0;
    %load/vec4 v00000248e9f304d0_0;
    %assign/vec4 v00000248e9f87f80_0, 0;
    %pushi/vec4 1, 0, 2;
    %assign/vec4 v00000248e9f30250_0, 0;
T_4.8 ;
    %jmp T_4.7;
T_4.3 ;
    %pushi/vec4 0, 0, 1;
    %assign/vec4 v00000248e9f873a0_0, 0;
    %load/vec4 v00000248e9f30070_0;
    %flag_set/vec4 8;
    %jmp/0xz  T_4.10, 8;
    %pushi/vec4 2, 0, 2;
    %assign/vec4 v00000248e9f30250_0, 0;
    %pushi/vec4 0, 0, 4;
    %assign/vec4 v00000248e9f30750_0, 0;
T_4.10 ;
    %jmp T_4.7;
T_4.4 ;
    %load/vec4 v00000248e9f87f80_0;
    %parti/s 1, 0, 2;
    %assign/vec4 v00000248e9f873a0_0, 0;
    %load/vec4 v00000248e9f30070_0;
    %flag_set/vec4 8;
    %jmp/0xz  T_4.12, 8;
    %load/vec4 v00000248e9f30750_0;
    %cmpi/e 7, 0, 4;
    %jmp/0xz  T_4.14, 4;
    %pushi/vec4 3, 0, 2;
    %assign/vec4 v00000248e9f30250_0, 0;
    %jmp T_4.15;
T_4.14 ;
    %load/vec4 v00000248e9f30750_0;
    %addi 1, 0, 4;
    %assign/vec4 v00000248e9f30750_0, 0;
    %pushi/vec4 1, 0, 1;
    %load/vec4 v00000248e9f87f80_0;
    %parti/s 7, 1, 2;
    %concat/vec4; draw_concat_vec4
    %assign/vec4 v00000248e9f87f80_0, 0;
T_4.15 ;
T_4.12 ;
    %jmp T_4.7;
T_4.5 ;
    %pushi/vec4 1, 0, 1;
    %assign/vec4 v00000248e9f30570_0, 0;
    %pushi/vec4 1, 0, 1;
    %assign/vec4 v00000248e9f873a0_0, 0;
    %load/vec4 v00000248e9f30070_0;
    %flag_set/vec4 8;
    %jmp/0xz  T_4.16, 8;
    %pushi/vec4 0, 0, 1;
    %store/vec4 v00000248e9f30390_0, 0, 1;
    %pushi/vec4 0, 0, 1;
    %store/vec4 v00000248e9f30570_0, 0, 1;
    %pushi/vec4 0, 0, 2;
    %assign/vec4 v00000248e9f30250_0, 0;
T_4.16 ;
    %jmp T_4.7;
T_4.7 ;
    %pop/vec4 1;
T_4.1 ;
    %jmp T_4;
    .thread T_4;
    .scope S_00000248e9f2ac30;
T_5 ;
    %wait E_00000248e9efaf20;
    %load/vec4 v00000248e9f88480_0;
    %flag_set/vec4 8;
    %jmp/0xz  T_5.0, 8;
    %pushi/vec4 0, 0, 1;
    %assign/vec4 v00000248e9f88020_0, 0;
    %pushi/vec4 0, 0, 1;
    %assign/vec4 v00000248e9f88660_0, 0;
    %pushi/vec4 0, 0, 8;
    %assign/vec4 v00000248e9f876c0_0, 0;
    %pushi/vec4 0, 0, 2;
    %assign/vec4 v00000248e9f88ac0_0, 0;
    %jmp T_5.1;
T_5.0 ;
    %load/vec4 v00000248e9f88ac0_0;
    %dup/vec4;
    %pushi/vec4 0, 0, 2;
    %cmp/u;
    %jmp/1 T_5.2, 6;
    %dup/vec4;
    %pushi/vec4 1, 0, 2;
    %cmp/u;
    %jmp/1 T_5.3, 6;
    %dup/vec4;
    %pushi/vec4 2, 0, 2;
    %cmp/u;
    %jmp/1 T_5.4, 6;
    %dup/vec4;
    %pushi/vec4 3, 0, 2;
    %cmp/u;
    %jmp/1 T_5.5, 6;
    %pushi/vec4 0, 0, 2;
    %assign/vec4 v00000248e9f88ac0_0, 0;
    %jmp T_5.7;
T_5.2 ;
    %load/vec4 v00000248e9f879e0_0;
    %pad/u 32;
    %pushi/vec4 0, 0, 32;
    %cmp/e;
    %flag_get/vec4 4;
    %load/vec4 v00000248e9f885c0_0;
    %pad/u 32;
    %pushi/vec4 0, 0, 32;
    %cmp/e;
    %flag_get/vec4 4;
    %and;
    %flag_set/vec4 8;
    %jmp/0xz  T_5.8, 8;
    %pushi/vec4 1, 0, 2;
    %assign/vec4 v00000248e9f88ac0_0, 0;
    %jmp T_5.9;
T_5.8 ;
    %pushi/vec4 0, 0, 2;
    %assign/vec4 v00000248e9f88ac0_0, 0;
T_5.9 ;
    %jmp T_5.7;
T_5.3 ;
    %pushi/vec4 1, 0, 1;
    %assign/vec4 v00000248e9f88020_0, 0;
    %pushi/vec4 2, 0, 2;
    %assign/vec4 v00000248e9f88ac0_0, 0;
    %jmp T_5.7;
T_5.4 ;
    %pushi/vec4 0, 0, 1;
    %assign/vec4 v00000248e9f88020_0, 0;
    %load/vec4 v00000248e9f88f20_0;
    %assign/vec4 v00000248e9f876c0_0, 0;
    %pushi/vec4 1, 0, 1;
    %assign/vec4 v00000248e9f88660_0, 0;
    %pushi/vec4 3, 0, 2;
    %assign/vec4 v00000248e9f88ac0_0, 0;
    %jmp T_5.7;
T_5.5 ;
    %load/vec4 v00000248e9f880c0_0;
    %flag_set/vec4 8;
    %jmp/0xz  T_5.10, 8;
    %pushi/vec4 0, 0, 2;
    %assign/vec4 v00000248e9f88ac0_0, 0;
    %jmp T_5.11;
T_5.10 ;
    %pushi/vec4 3, 0, 2;
    %assign/vec4 v00000248e9f88ac0_0, 0;
T_5.11 ;
    %jmp T_5.7;
T_5.7 ;
    %pop/vec4 1;
T_5.1 ;
    %jmp T_5;
    .thread T_5;
    .scope S_00000248e9f33d90;
T_6 ;
    %delay 10000, 0;
    %load/vec4 v00000248e9f871c0_0;
    %inv;
    %store/vec4 v00000248e9f871c0_0, 0, 1;
    %jmp T_6;
    .thread T_6;
    .scope S_00000248e9f33d90;
T_7 ;
    %vpi_call 2 30 "$dumpfile", "dump.vcd" {0 0 0};
    %vpi_call 2 31 "$dumpvars", 32'sb00000000000000000000000000000000, S_00000248e9f33d90 {0 0 0};
    %pushi/vec4 0, 0, 1;
    %store/vec4 v00000248e9f871c0_0, 0, 1;
    %pushi/vec4 1, 0, 1;
    %store/vec4 v00000248e9f87b20_0, 0, 1;
    %pushi/vec4 0, 0, 1;
    %store/vec4 v00000248e9f878a0_0, 0, 1;
    %pushi/vec4 0, 0, 8;
    %store/vec4 v00000248e9f87800_0, 0, 8;
    %pushi/vec4 0, 0, 1;
    %force/vec4 v00000248e9f87260_0;
    %delay 60000, 0;
    %wait E_00000248e9efaf20;
    %pushi/vec4 0, 0, 1;
    %store/vec4 v00000248e9f87b20_0, 0, 1;
    %vpi_call 2 49 "$display", "[TB] Initiating inline 10-byte burst write on falling edges..." {0 0 0};
    %wait E_00000248e9ef9f20;
    %pushi/vec4 1, 0, 1;
    %store/vec4 v00000248e9f878a0_0, 0, 1;
    %pushi/vec4 1, 0, 8;
    %store/vec4 v00000248e9f87800_0, 0, 8;
    %wait E_00000248e9ef9f20;
    %pushi/vec4 2, 0, 8;
    %store/vec4 v00000248e9f87800_0, 0, 8;
    %wait E_00000248e9ef9f20;
    %pushi/vec4 3, 0, 8;
    %store/vec4 v00000248e9f87800_0, 0, 8;
    %wait E_00000248e9ef9f20;
    %pushi/vec4 4, 0, 8;
    %store/vec4 v00000248e9f87800_0, 0, 8;
    %wait E_00000248e9ef9f20;
    %pushi/vec4 5, 0, 8;
    %store/vec4 v00000248e9f87800_0, 0, 8;
    %wait E_00000248e9ef9f20;
    %pushi/vec4 6, 0, 8;
    %store/vec4 v00000248e9f87800_0, 0, 8;
    %wait E_00000248e9ef9f20;
    %pushi/vec4 7, 0, 8;
    %store/vec4 v00000248e9f87800_0, 0, 8;
    %wait E_00000248e9ef9f20;
    %pushi/vec4 8, 0, 8;
    %store/vec4 v00000248e9f87800_0, 0, 8;
    %wait E_00000248e9ef9f20;
    %pushi/vec4 9, 0, 8;
    %store/vec4 v00000248e9f87800_0, 0, 8;
    %wait E_00000248e9ef9f20;
    %pushi/vec4 10, 0, 8;
    %store/vec4 v00000248e9f87800_0, 0, 8;
    %wait E_00000248e9ef9f20;
    %pushi/vec4 0, 0, 1;
    %store/vec4 v00000248e9f878a0_0, 0, 1;
    %pushi/vec4 0, 0, 8;
    %store/vec4 v00000248e9f87800_0, 0, 8;
    %wait E_00000248e9efaf20;
    %delay 5000, 0;
    %load/vec4 v00000248e9f88fc0_0;
    %cmpi/e 1, 0, 1;
    %jmp/0xz  T_7.0, 6;
    %vpi_call 2 77 "$display", "[TB SUCCESS] FIFO full flag is successfully asserted!" {0 0 0};
    %jmp T_7.1;
T_7.0 ;
    %vpi_call 2 79 "$display", "[TB ERROR] FIFO is not reporting FULL after 8 writes. Current count is %d", v00000248e9f30890_0 {0 0 0};
T_7.1 ;
    %vpi_call 2 83 "$display", "[TB] Releasing FSM control. Draining pipeline starting..." {0 0 0};
    %release/net v00000248e9f87260_0, 0, 1;
    %delay 1410065408, 2;
    %vpi_call 2 89 "$display", "[TB SUCCESS] Simulation complete. Verify results in GTKWave!" {0 0 0};
    %vpi_call 2 90 "$finish" {0 0 0};
    %end;
    .thread T_7;
# The file index is used to find the file name in the following table.
:file_names 7;
    "N/A";
    "<interactive>";
    "tb_project.v";
    "./project.v";
    "./fifo.v";
    "./uart.v";
    "./handshake_fsm.v";
