#! /c/Source/iverilog-install/bin/vvp
:ivl_version "12.0 (devel)" "(s20150603-1110-g18392a46)";
:ivl_delay_selection "TYPICAL";
:vpi_time_precision - 12;
:vpi_module "C:\iverilog\lib\ivl\system.vpi";
:vpi_module "C:\iverilog\lib\ivl\vhdl_sys.vpi";
:vpi_module "C:\iverilog\lib\ivl\vhdl_textio.vpi";
:vpi_module "C:\iverilog\lib\ivl\v2005_math.vpi";
:vpi_module "C:\iverilog\lib\ivl\va_math.vpi";
S_00000261852b0510 .scope module, "tb" "tb" 2 3;
 .timescale -9 -12;
v000002618530ad40_0 .var "clk", 0 0;
v000002618530ade0_0 .var "rst", 0 0;
v000002618530a160_0 .var "rx", 0 0;
v000002618530ae80_0 .net "rx_active", 0 0, v00000261852a0390_0;  1 drivers
v000002618530a700_0 .net "rx_data", 7 0, v00000261852a0430_0;  1 drivers
v000002618530a7a0_0 .net "rx_done", 0 0, v00000261852a04d0_0;  1 drivers
v000002618530a2a0_0 .var "send", 0 0;
v000002618530a0c0_0 .net "tx_active", 0 0, v0000026185309c90_0;  1 drivers
v000002618530a200_0 .var "tx_data", 7 0;
v000002618530ab60_0 .net "tx_done", 0 0, v0000026185309150_0;  1 drivers
S_00000261852b06a0 .scope module, "uut" "uart_top" 2 14, 3 3 0, S_00000261852b0510;
 .timescale -9 -12;
    .port_info 0 /INPUT 1 "clk";
    .port_info 1 /INPUT 1 "rst";
    .port_info 2 /INPUT 1 "rx";
    .port_info 3 /OUTPUT 8 "rx_data";
    .port_info 4 /INPUT 8 "tx_data";
    .port_info 5 /INPUT 1 "send";
    .port_info 6 /OUTPUT 1 "tx_done";
    .port_info 7 /OUTPUT 1 "rx_done";
    .port_info 8 /OUTPUT 1 "tx_active";
    .port_info 9 /OUTPUT 1 "rx_active";
v0000026185309650_0 .net "clk", 0 0, v000002618530ad40_0;  1 drivers
v00000261853093d0_0 .net "rst", 0 0, v000002618530ade0_0;  1 drivers
v00000261853096f0_0 .net "rx", 0 0, v000002618530a160_0;  1 drivers
v0000026185309470_0 .net "rx_active", 0 0, v00000261852a0390_0;  alias, 1 drivers
v0000026185309790_0 .net "rx_data", 7 0, v00000261852a0430_0;  alias, 1 drivers
v0000026185309510_0 .net "rx_done", 0 0, v00000261852a04d0_0;  alias, 1 drivers
v00000261853095b0_0 .net "send", 0 0, v000002618530a2a0_0;  1 drivers
v0000026185309830_0 .net "tx_active", 0 0, v0000026185309c90_0;  alias, 1 drivers
v00000261853098d0_0 .net "tx_data", 7 0, v000002618530a200_0;  1 drivers
v0000026185309970_0 .net "tx_done", 0 0, v0000026185309150_0;  alias, 1 drivers
S_00000261852a0160 .scope module, "rx_inst" "uart_rx" 3 18, 4 1 0, S_00000261852b06a0;
 .timescale -9 -12;
    .port_info 0 /INPUT 1 "clk";
    .port_info 1 /INPUT 1 "rst";
    .port_info 2 /INPUT 1 "rx";
    .port_info 3 /OUTPUT 1 "rx_done";
    .port_info 4 /OUTPUT 8 "rx_data";
    .port_info 5 /OUTPUT 1 "rx_active";
P_00000261852b08e0 .param/l "DATA" 1 4 31, C4<10>;
P_00000261852b0918 .param/l "IDLE" 1 4 29, C4<00>;
P_00000261852b0950 .param/l "START" 1 4 30, C4<01>;
P_00000261852b0988 .param/l "STOP" 1 4 32, C4<11>;
L_0000026185350118 .functor BUFT 1, C4<101000101>, C4<0>, C4<0>, C4<0>;
v0000026185289d40_0 .net/2u *"_ivl_0", 8 0, L_0000026185350118;  1 drivers
v000002618528ce00_0 .var "baud_count", 8 0;
v000002618528e8f0_0 .net "clk", 0 0, v000002618530ad40_0;  alias, 1 drivers
v00000261852b3040_0 .net "rst", 0 0, v000002618530ade0_0;  alias, 1 drivers
v00000261852a02f0_0 .net "rx", 0 0, v000002618530a160_0;  alias, 1 drivers
v00000261852a0390_0 .var "rx_active", 0 0;
v00000261852a0430_0 .var "rx_data", 7 0;
v00000261852a04d0_0 .var "rx_done", 0 0;
v00000261852a0570_0 .net "rx_tick", 0 0, L_000002618530aca0;  1 drivers
v0000026185262880_0 .var "st", 1 0;
v0000026185262920_0 .var "tick_seq", 7 0;
E_000002618528bac0 .event posedge, v000002618528e8f0_0;
L_000002618530aca0 .cmp/eq 9, v000002618528ce00_0, L_0000026185350118;
S_00000261852629c0 .scope module, "tx_inst" "uart" 3 15, 5 1 0, S_00000261852b06a0;
 .timescale -9 -12;
    .port_info 0 /INPUT 1 "rst";
    .port_info 1 /INPUT 1 "clk";
    .port_info 2 /OUTPUT 1 "tx_active";
    .port_info 3 /INPUT 1 "tx_start";
    .port_info 4 /OUTPUT 1 "tx_done";
    .port_info 5 /INPUT 8 "tx_data";
    .port_info 6 /OUTPUT 1 "tx_out";
P_00000261852864a0 .param/l "DIVISOR" 0 5 5, C4<1010001011000>;
P_00000261852864d8 .param/l "data" 1 5 22, C4<10>;
P_0000026185286510 .param/l "idle" 1 5 20, C4<00>;
P_0000026185286548 .param/l "start" 1 5 21, C4<01>;
P_0000026185286580 .param/l "stop" 1 5 23, C4<11>;
v0000026185309d30_0 .net *"_ivl_0", 31 0, L_000002618530a480;  1 drivers
L_0000026185350088 .functor BUFT 1, C4<0000000000000000000>, C4<0>, C4<0>, C4<0>;
v0000026185309f10_0 .net *"_ivl_3", 18 0, L_0000026185350088;  1 drivers
L_00000261853500d0 .functor BUFT 1, C4<00000000000000000001010001010111>, C4<0>, C4<0>, C4<0>;
v00000261853090b0_0 .net/2u *"_ivl_4", 31 0, L_00000261853500d0;  1 drivers
v00000261853091f0_0 .var "baud_count", 12 0;
v0000026185309ab0_0 .net "baud_tick", 0 0, L_000002618530a840;  1 drivers
v0000026185309a10_0 .net "clk", 0 0, v000002618530ad40_0;  alias, 1 drivers
v0000026185309fb0_0 .var "index", 3 0;
v0000026185309b50_0 .net "rst", 0 0, v000002618530ade0_0;  alias, 1 drivers
v0000026185309bf0_0 .var "st", 1 0;
v0000026185309c90_0 .var "tx_active", 0 0;
v0000026185309dd0_0 .net "tx_data", 7 0, v000002618530a200_0;  alias, 1 drivers
v0000026185309150_0 .var "tx_done", 0 0;
v0000026185309e70_0 .var "tx_out", 0 0;
v0000026185309290_0 .var "tx_shift", 7 0;
v0000026185309330_0 .net "tx_start", 0 0, v000002618530a2a0_0;  alias, 1 drivers
L_000002618530a480 .concat [ 13 19 0 0], v00000261853091f0_0, L_0000026185350088;
L_000002618530a840 .cmp/eq 32, L_000002618530a480, L_00000261853500d0;
    .scope S_00000261852629c0;
T_0 ;
    %wait E_000002618528bac0;
    %load/vec4 v0000026185309b50_0;
    %flag_set/vec4 8;
    %jmp/0xz  T_0.0, 8;
    %pushi/vec4 0, 0, 13;
    %assign/vec4 v00000261853091f0_0, 0;
    %jmp T_0.1;
T_0.0 ;
    %load/vec4 v0000026185309c90_0;
    %flag_set/vec4 8;
    %jmp/0xz  T_0.2, 8;
    %load/vec4 v0000026185309ab0_0;
    %flag_set/vec4 8;
    %jmp/0xz  T_0.4, 8;
    %pushi/vec4 0, 0, 13;
    %assign/vec4 v00000261853091f0_0, 0;
    %jmp T_0.5;
T_0.4 ;
    %load/vec4 v00000261853091f0_0;
    %addi 1, 0, 13;
    %assign/vec4 v00000261853091f0_0, 0;
T_0.5 ;
    %jmp T_0.3;
T_0.2 ;
    %pushi/vec4 0, 0, 13;
    %assign/vec4 v00000261853091f0_0, 0;
T_0.3 ;
T_0.1 ;
    %jmp T_0;
    .thread T_0;
    .scope S_00000261852629c0;
T_1 ;
    %wait E_000002618528bac0;
    %load/vec4 v0000026185309b50_0;
    %flag_set/vec4 8;
    %jmp/0xz  T_1.0, 8;
    %pushi/vec4 0, 0, 2;
    %assign/vec4 v0000026185309bf0_0, 0;
    %pushi/vec4 0, 0, 4;
    %assign/vec4 v0000026185309fb0_0, 0;
    %pushi/vec4 0, 0, 8;
    %assign/vec4 v0000026185309290_0, 0;
    %pushi/vec4 0, 0, 1;
    %assign/vec4 v0000026185309c90_0, 0;
    %pushi/vec4 0, 0, 1;
    %assign/vec4 v0000026185309150_0, 0;
    %pushi/vec4 0, 0, 1;
    %assign/vec4 v0000026185309e70_0, 0;
    %jmp T_1.1;
T_1.0 ;
    %load/vec4 v0000026185309bf0_0;
    %dup/vec4;
    %pushi/vec4 0, 0, 2;
    %cmp/u;
    %jmp/1 T_1.2, 6;
    %dup/vec4;
    %pushi/vec4 1, 0, 2;
    %cmp/u;
    %jmp/1 T_1.3, 6;
    %dup/vec4;
    %pushi/vec4 2, 0, 2;
    %cmp/u;
    %jmp/1 T_1.4, 6;
    %dup/vec4;
    %pushi/vec4 3, 0, 2;
    %cmp/u;
    %jmp/1 T_1.5, 6;
    %pushi/vec4 0, 0, 2;
    %assign/vec4 v0000026185309bf0_0, 0;
    %jmp T_1.7;
T_1.2 ;
    %pushi/vec4 1, 0, 1;
    %assign/vec4 v0000026185309e70_0, 0;
    %pushi/vec4 0, 0, 1;
    %assign/vec4 v0000026185309150_0, 0;
    %load/vec4 v0000026185309330_0;
    %flag_set/vec4 8;
    %jmp/0xz  T_1.8, 8;
    %pushi/vec4 1, 0, 1;
    %assign/vec4 v0000026185309c90_0, 0;
    %load/vec4 v0000026185309dd0_0;
    %assign/vec4 v0000026185309290_0, 0;
    %pushi/vec4 1, 0, 2;
    %assign/vec4 v0000026185309bf0_0, 0;
T_1.8 ;
    %jmp T_1.7;
T_1.3 ;
    %pushi/vec4 0, 0, 1;
    %assign/vec4 v0000026185309e70_0, 0;
    %load/vec4 v0000026185309ab0_0;
    %flag_set/vec4 8;
    %jmp/0xz  T_1.10, 8;
    %pushi/vec4 2, 0, 2;
    %assign/vec4 v0000026185309bf0_0, 0;
    %pushi/vec4 0, 0, 4;
    %assign/vec4 v0000026185309fb0_0, 0;
T_1.10 ;
    %jmp T_1.7;
T_1.4 ;
    %load/vec4 v0000026185309290_0;
    %parti/s 1, 0, 2;
    %assign/vec4 v0000026185309e70_0, 0;
    %load/vec4 v0000026185309ab0_0;
    %flag_set/vec4 8;
    %jmp/0xz  T_1.12, 8;
    %load/vec4 v0000026185309fb0_0;
    %cmpi/e 7, 0, 4;
    %jmp/0xz  T_1.14, 4;
    %pushi/vec4 3, 0, 2;
    %assign/vec4 v0000026185309bf0_0, 0;
    %jmp T_1.15;
T_1.14 ;
    %load/vec4 v0000026185309fb0_0;
    %addi 1, 0, 4;
    %assign/vec4 v0000026185309fb0_0, 0;
    %pushi/vec4 1, 0, 1;
    %load/vec4 v0000026185309290_0;
    %parti/s 7, 1, 2;
    %concat/vec4; draw_concat_vec4
    %assign/vec4 v0000026185309290_0, 0;
T_1.15 ;
T_1.12 ;
    %jmp T_1.7;
T_1.5 ;
    %pushi/vec4 1, 0, 1;
    %assign/vec4 v0000026185309150_0, 0;
    %pushi/vec4 1, 0, 1;
    %assign/vec4 v0000026185309e70_0, 0;
    %load/vec4 v0000026185309ab0_0;
    %flag_set/vec4 8;
    %jmp/0xz  T_1.16, 8;
    %pushi/vec4 0, 0, 1;
    %store/vec4 v0000026185309c90_0, 0, 1;
    %pushi/vec4 0, 0, 1;
    %store/vec4 v0000026185309150_0, 0, 1;
    %pushi/vec4 0, 0, 2;
    %assign/vec4 v0000026185309bf0_0, 0;
T_1.16 ;
    %jmp T_1.7;
T_1.7 ;
    %pop/vec4 1;
T_1.1 ;
    %jmp T_1;
    .thread T_1;
    .scope S_00000261852a0160;
T_2 ;
    %wait E_000002618528bac0;
    %load/vec4 v00000261852b3040_0;
    %flag_set/vec4 8;
    %load/vec4 v00000261852a0570_0;
    %flag_set/vec4 9;
    %flag_or 9, 8;
    %jmp/0xz  T_2.0, 9;
    %pushi/vec4 0, 0, 9;
    %assign/vec4 v000002618528ce00_0, 0;
    %jmp T_2.1;
T_2.0 ;
    %load/vec4 v000002618528ce00_0;
    %addi 1, 0, 9;
    %assign/vec4 v000002618528ce00_0, 0;
T_2.1 ;
    %jmp T_2;
    .thread T_2;
    .scope S_00000261852a0160;
T_3 ;
    %wait E_000002618528bac0;
    %load/vec4 v00000261852b3040_0;
    %flag_set/vec4 8;
    %jmp/0xz  T_3.0, 8;
    %pushi/vec4 0, 0, 2;
    %assign/vec4 v0000026185262880_0, 0;
    %pushi/vec4 0, 0, 8;
    %assign/vec4 v0000026185262920_0, 0;
    %pushi/vec4 0, 0, 1;
    %assign/vec4 v00000261852a0390_0, 0;
    %pushi/vec4 0, 0, 1;
    %assign/vec4 v00000261852a04d0_0, 0;
    %pushi/vec4 0, 0, 8;
    %assign/vec4 v00000261852a0430_0, 0;
    %jmp T_3.1;
T_3.0 ;
    %load/vec4 v0000026185262880_0;
    %dup/vec4;
    %pushi/vec4 0, 0, 2;
    %cmp/u;
    %jmp/1 T_3.2, 6;
    %dup/vec4;
    %pushi/vec4 1, 0, 2;
    %cmp/u;
    %jmp/1 T_3.3, 6;
    %dup/vec4;
    %pushi/vec4 2, 0, 2;
    %cmp/u;
    %jmp/1 T_3.4, 6;
    %dup/vec4;
    %pushi/vec4 3, 0, 2;
    %cmp/u;
    %jmp/1 T_3.5, 6;
    %pushi/vec4 0, 0, 2;
    %assign/vec4 v0000026185262880_0, 0;
    %jmp T_3.7;
T_3.2 ;
    %pushi/vec4 0, 0, 1;
    %assign/vec4 v00000261852a04d0_0, 0;
    %pushi/vec4 0, 0, 8;
    %assign/vec4 v0000026185262920_0, 0;
    %load/vec4 v00000261852a02f0_0;
    %cmpi/e 0, 0, 1;
    %jmp/0xz  T_3.8, 4;
    %pushi/vec4 1, 0, 1;
    %assign/vec4 v00000261852a0390_0, 0;
    %pushi/vec4 1, 0, 2;
    %assign/vec4 v0000026185262880_0, 0;
    %jmp T_3.9;
T_3.8 ;
    %pushi/vec4 0, 0, 1;
    %assign/vec4 v00000261852a0390_0, 0;
T_3.9 ;
    %jmp T_3.7;
T_3.3 ;
    %load/vec4 v00000261852a0570_0;
    %flag_set/vec4 8;
    %jmp/0xz  T_3.10, 8;
    %load/vec4 v0000026185262920_0;
    %cmpi/e 8, 0, 8;
    %jmp/0xz  T_3.12, 4;
    %load/vec4 v00000261852a02f0_0;
    %cmpi/e 0, 0, 1;
    %jmp/0xz  T_3.14, 4;
    %pushi/vec4 2, 0, 2;
    %assign/vec4 v0000026185262880_0, 0;
    %jmp T_3.15;
T_3.14 ;
    %pushi/vec4 0, 0, 2;
    %assign/vec4 v0000026185262880_0, 0;
T_3.15 ;
    %jmp T_3.13;
T_3.12 ;
    %load/vec4 v0000026185262920_0;
    %addi 1, 0, 8;
    %assign/vec4 v0000026185262920_0, 0;
T_3.13 ;
T_3.10 ;
    %jmp T_3.7;
T_3.4 ;
    %load/vec4 v00000261852a0570_0;
    %flag_set/vec4 8;
    %jmp/0xz  T_3.16, 8;
    %load/vec4 v0000026185262920_0;
    %addi 1, 0, 8;
    %assign/vec4 v0000026185262920_0, 0;
    %load/vec4 v0000026185262920_0;
    %dup/vec4;
    %pushi/vec4 24, 0, 8;
    %cmp/u;
    %jmp/1 T_3.18, 6;
    %dup/vec4;
    %pushi/vec4 40, 0, 8;
    %cmp/u;
    %jmp/1 T_3.19, 6;
    %dup/vec4;
    %pushi/vec4 56, 0, 8;
    %cmp/u;
    %jmp/1 T_3.20, 6;
    %dup/vec4;
    %pushi/vec4 72, 0, 8;
    %cmp/u;
    %jmp/1 T_3.21, 6;
    %dup/vec4;
    %pushi/vec4 88, 0, 8;
    %cmp/u;
    %jmp/1 T_3.22, 6;
    %dup/vec4;
    %pushi/vec4 104, 0, 8;
    %cmp/u;
    %jmp/1 T_3.23, 6;
    %dup/vec4;
    %pushi/vec4 120, 0, 8;
    %cmp/u;
    %jmp/1 T_3.24, 6;
    %dup/vec4;
    %pushi/vec4 136, 0, 8;
    %cmp/u;
    %jmp/1 T_3.25, 6;
    %jmp T_3.26;
T_3.18 ;
    %load/vec4 v00000261852a02f0_0;
    %load/vec4 v00000261852a0430_0;
    %parti/s 7, 1, 2;
    %concat/vec4; draw_concat_vec4
    %assign/vec4 v00000261852a0430_0, 0;
    %jmp T_3.26;
T_3.19 ;
    %load/vec4 v00000261852a02f0_0;
    %load/vec4 v00000261852a0430_0;
    %parti/s 7, 1, 2;
    %concat/vec4; draw_concat_vec4
    %assign/vec4 v00000261852a0430_0, 0;
    %jmp T_3.26;
T_3.20 ;
    %load/vec4 v00000261852a02f0_0;
    %load/vec4 v00000261852a0430_0;
    %parti/s 7, 1, 2;
    %concat/vec4; draw_concat_vec4
    %assign/vec4 v00000261852a0430_0, 0;
    %jmp T_3.26;
T_3.21 ;
    %load/vec4 v00000261852a02f0_0;
    %load/vec4 v00000261852a0430_0;
    %parti/s 7, 1, 2;
    %concat/vec4; draw_concat_vec4
    %assign/vec4 v00000261852a0430_0, 0;
    %jmp T_3.26;
T_3.22 ;
    %load/vec4 v00000261852a02f0_0;
    %load/vec4 v00000261852a0430_0;
    %parti/s 7, 1, 2;
    %concat/vec4; draw_concat_vec4
    %assign/vec4 v00000261852a0430_0, 0;
    %jmp T_3.26;
T_3.23 ;
    %load/vec4 v00000261852a02f0_0;
    %load/vec4 v00000261852a0430_0;
    %parti/s 7, 1, 2;
    %concat/vec4; draw_concat_vec4
    %assign/vec4 v00000261852a0430_0, 0;
    %jmp T_3.26;
T_3.24 ;
    %load/vec4 v00000261852a02f0_0;
    %load/vec4 v00000261852a0430_0;
    %parti/s 7, 1, 2;
    %concat/vec4; draw_concat_vec4
    %assign/vec4 v00000261852a0430_0, 0;
    %jmp T_3.26;
T_3.25 ;
    %load/vec4 v00000261852a02f0_0;
    %load/vec4 v00000261852a0430_0;
    %parti/s 7, 1, 2;
    %concat/vec4; draw_concat_vec4
    %assign/vec4 v00000261852a0430_0, 0;
    %pushi/vec4 3, 0, 2;
    %assign/vec4 v0000026185262880_0, 0;
    %jmp T_3.26;
T_3.26 ;
    %pop/vec4 1;
T_3.16 ;
    %jmp T_3.7;
T_3.5 ;
    %load/vec4 v00000261852a0570_0;
    %flag_set/vec4 8;
    %jmp/0xz  T_3.27, 8;
    %load/vec4 v0000026185262920_0;
    %cmpi/e 152, 0, 8;
    %jmp/0xz  T_3.29, 4;
    %pushi/vec4 1, 0, 1;
    %assign/vec4 v00000261852a04d0_0, 0;
    %pushi/vec4 0, 0, 1;
    %assign/vec4 v00000261852a0390_0, 0;
    %pushi/vec4 0, 0, 2;
    %assign/vec4 v0000026185262880_0, 0;
    %jmp T_3.30;
T_3.29 ;
    %load/vec4 v0000026185262920_0;
    %addi 1, 0, 8;
    %assign/vec4 v0000026185262920_0, 0;
T_3.30 ;
T_3.27 ;
    %jmp T_3.7;
T_3.7 ;
    %pop/vec4 1;
T_3.1 ;
    %jmp T_3;
    .thread T_3;
    .scope S_00000261852b0510;
T_4 ;
    %delay 10000, 0;
    %load/vec4 v000002618530ad40_0;
    %inv;
    %store/vec4 v000002618530ad40_0, 0, 1;
    %jmp T_4;
    .thread T_4;
    .scope S_00000261852b0510;
T_5 ;
    %vpi_call 2 20 "$dumpfile", "dump.vcd" {0 0 0};
    %vpi_call 2 21 "$dumpvars", 32'sb00000000000000000000000000000000, S_00000261852b0510 {0 0 0};
    %pushi/vec4 0, 0, 1;
    %store/vec4 v000002618530ade0_0, 0, 1;
    %pushi/vec4 0, 0, 1;
    %store/vec4 v000002618530ad40_0, 0, 1;
    %delay 20000, 0;
    %pushi/vec4 1, 0, 1;
    %store/vec4 v000002618530ade0_0, 0, 1;
    %delay 20000, 0;
    %pushi/vec4 0, 0, 1;
    %store/vec4 v000002618530ade0_0, 0, 1;
    %delay 20000, 0;
    %pushi/vec4 7, 0, 8;
    %store/vec4 v000002618530a200_0, 0, 8;
    %pushi/vec4 1, 0, 1;
    %store/vec4 v000002618530a2a0_0, 0, 1;
    %pushi/vec4 0, 0, 1;
    %store/vec4 v000002618530a160_0, 0, 1;
    %delay 200000000, 0;
    %pushi/vec4 1, 0, 1;
    %store/vec4 v000002618530a160_0, 0, 1;
    %delay 100000000, 0;
    %vpi_call 2 27 "$finish" {0 0 0};
    %end;
    .thread T_5;
# The file index is used to find the file name in the following table.
:file_names 6;
    "N/A";
    "<interactive>";
    "tb.v";
    "./uart_top.v";
    "./uart_rx.v";
    "./uart.v";
