#! /c/Source/iverilog-install/bin/vvp
:ivl_version "12.0 (devel)" "(s20150603-1110-g18392a46)";
:ivl_delay_selection "TYPICAL";
:vpi_time_precision - 12;
:vpi_module "C:\iverilog\lib\ivl\system.vpi";
:vpi_module "C:\iverilog\lib\ivl\vhdl_sys.vpi";
:vpi_module "C:\iverilog\lib\ivl\vhdl_textio.vpi";
:vpi_module "C:\iverilog\lib\ivl\v2005_math.vpi";
:vpi_module "C:\iverilog\lib\ivl\va_math.vpi";
S_00000221827f5180 .scope module, "tb_nand_gate" "tb_nand_gate" 2 3;
 .timescale -9 -12;
v00000221827f54a0_0 .var "a", 0 0;
v00000221827f5540_0 .var "b", 0 0;
v00000221827abc70_0 .net "y", 0 0, L_00000221827c2be0;  1 drivers
S_00000221827f5310 .scope module, "uut" "nand_gate" 2 7, 3 2 0, S_00000221827f5180;
 .timescale -9 -12;
    .port_info 0 /INPUT 1 "a";
    .port_info 1 /INPUT 1 "b";
    .port_info 2 /OUTPUT 1 "y";
L_00000221827f55e0 .functor AND 1, v00000221827f54a0_0, v00000221827f5540_0, C4<1>, C4<1>;
L_00000221827c2be0 .functor NOT 1, L_00000221827f55e0, C4<0>, C4<0>, C4<0>;
v00000221827c3030_0 .net *"_ivl_0", 0 0, L_00000221827f55e0;  1 drivers
v00000221827c3250_0 .net "a", 0 0, v00000221827f54a0_0;  1 drivers
v00000221827a85c0_0 .net "b", 0 0, v00000221827f5540_0;  1 drivers
v00000221827c2b40_0 .net "y", 0 0, L_00000221827c2be0;  alias, 1 drivers
    .scope S_00000221827f5180;
T_0 ;
    %vpi_call 2 14 "$dumpfile", "dump.vcd" {0 0 0};
    %vpi_call 2 15 "$dumpvars", 32'sb00000000000000000000000000000000, S_00000221827f5180 {0 0 0};
    %pushi/vec4 0, 0, 1;
    %store/vec4 v00000221827f54a0_0, 0, 1;
    %pushi/vec4 0, 0, 1;
    %store/vec4 v00000221827f5540_0, 0, 1;
    %delay 10000, 0;
    %pushi/vec4 0, 0, 1;
    %store/vec4 v00000221827f54a0_0, 0, 1;
    %pushi/vec4 1, 0, 1;
    %store/vec4 v00000221827f5540_0, 0, 1;
    %delay 10000, 0;
    %pushi/vec4 1, 0, 1;
    %store/vec4 v00000221827f54a0_0, 0, 1;
    %pushi/vec4 0, 0, 1;
    %store/vec4 v00000221827f5540_0, 0, 1;
    %delay 10000, 0;
    %pushi/vec4 1, 0, 1;
    %store/vec4 v00000221827f54a0_0, 0, 1;
    %pushi/vec4 1, 0, 1;
    %store/vec4 v00000221827f5540_0, 0, 1;
    %delay 10000, 0;
    %vpi_call 2 22 "$finish" {0 0 0};
    %end;
    .thread T_0;
# The file index is used to find the file name in the following table.
:file_names 4;
    "N/A";
    "<interactive>";
    "tb_nand_gate.v";
    "nand_gate.v";
