#! /c/Source/iverilog-install/bin/vvp
:ivl_version "12.0 (devel)" "(s20150603-1110-g18392a46)";
:ivl_delay_selection "TYPICAL";
:vpi_time_precision + 0;
:vpi_module "C:\iverilog\lib\ivl\system.vpi";
:vpi_module "C:\iverilog\lib\ivl\vhdl_sys.vpi";
:vpi_module "C:\iverilog\lib\ivl\vhdl_textio.vpi";
:vpi_module "C:\iverilog\lib\ivl\v2005_math.vpi";
:vpi_module "C:\iverilog\lib\ivl\va_math.vpi";
S_000001ffb1912800 .scope module, "tb_bit2" "tb_bit2" 2 1;
 .timescale 0 0;
v000001ffb18fb9c0_0 .var "clk", 0 0;
v000001ffb18fba60_0 .var "load", 1 0;
v000001ffb18fbb00_0 .var "parallel_in", 3 0;
v000001ffb18fbba0_0 .net "q", 3 0, v000001ffb18fb880_0;  1 drivers
v000001ffb18fbc40_0 .var "rst", 0 0;
S_000001ffb1912990 .scope module, "uut" "bit2" 2 8, 3 1 0, S_000001ffb1912800;
 .timescale 0 0;
    .port_info 0 /INPUT 4 "parallel_in";
    .port_info 1 /INPUT 2 "load";
    .port_info 2 /INPUT 1 "rst";
    .port_info 3 /INPUT 1 "clk";
    .port_info 4 /OUTPUT 4 "q";
v000001ffb1912b20_0 .net "clk", 0 0, v000001ffb18fb9c0_0;  1 drivers
v000001ffb19479b0_0 .net "load", 1 0, v000001ffb18fba60_0;  1 drivers
v000001ffb1912bc0_0 .net "parallel_in", 3 0, v000001ffb18fbb00_0;  1 drivers
v000001ffb18fb880_0 .var "q", 3 0;
v000001ffb18fb920_0 .net "rst", 0 0, v000001ffb18fbc40_0;  1 drivers
E_000001ffb18fa1b0 .event posedge, v000001ffb1912b20_0;
    .scope S_000001ffb1912990;
T_0 ;
    %wait E_000001ffb18fa1b0;
    %load/vec4 v000001ffb18fb920_0;
    %cmpi/e 1, 0, 1;
    %jmp/0xz  T_0.0, 4;
    %pushi/vec4 0, 0, 4;
    %assign/vec4 v000001ffb18fb880_0, 0;
    %jmp T_0.1;
T_0.0 ;
    %load/vec4 v000001ffb19479b0_0;
    %cmpi/e 0, 0, 2;
    %jmp/0xz  T_0.2, 4;
    %load/vec4 v000001ffb18fb880_0;
    %assign/vec4 v000001ffb18fb880_0, 0;
    %jmp T_0.3;
T_0.2 ;
    %load/vec4 v000001ffb19479b0_0;
    %cmpi/e 1, 0, 2;
    %jmp/0xz  T_0.4, 4;
    %pushi/vec4 0, 0, 1;
    %load/vec4 v000001ffb18fb880_0;
    %parti/s 3, 1, 2;
    %concat/vec4; draw_concat_vec4
    %assign/vec4 v000001ffb18fb880_0, 0;
    %jmp T_0.5;
T_0.4 ;
    %load/vec4 v000001ffb19479b0_0;
    %cmpi/e 2, 0, 2;
    %jmp/0xz  T_0.6, 4;
    %load/vec4 v000001ffb18fb880_0;
    %parti/s 3, 0, 2;
    %concati/vec4 0, 0, 1;
    %assign/vec4 v000001ffb18fb880_0, 0;
    %jmp T_0.7;
T_0.6 ;
    %load/vec4 v000001ffb19479b0_0;
    %cmpi/e 3, 0, 2;
    %jmp/0xz  T_0.8, 4;
    %load/vec4 v000001ffb1912bc0_0;
    %assign/vec4 v000001ffb18fb880_0, 0;
T_0.8 ;
T_0.7 ;
T_0.5 ;
T_0.3 ;
T_0.1 ;
    %jmp T_0;
    .thread T_0;
    .scope S_000001ffb1912800;
T_1 ;
    %delay 5, 0;
    %load/vec4 v000001ffb18fb9c0_0;
    %inv;
    %store/vec4 v000001ffb18fb9c0_0, 0, 1;
    %jmp T_1;
    .thread T_1;
    .scope S_000001ffb1912800;
T_2 ;
    %vpi_call 2 17 "$dumpfile", "dump.vcd" {0 0 0};
    %vpi_call 2 18 "$dumpvars", 32'sb00000000000000000000000000000000, S_000001ffb1912800 {0 0 0};
    %pushi/vec4 0, 0, 1;
    %store/vec4 v000001ffb18fb9c0_0, 0, 1;
    %pushi/vec4 0, 0, 1;
    %store/vec4 v000001ffb18fbc40_0, 0, 1;
    %pushi/vec4 10, 0, 4;
    %store/vec4 v000001ffb18fbb00_0, 0, 4;
    %pushi/vec4 1, 0, 2;
    %store/vec4 v000001ffb18fba60_0, 0, 2;
    %delay 2, 0;
    %pushi/vec4 1, 0, 1;
    %store/vec4 v000001ffb18fbc40_0, 0, 1;
    %delay 6, 0;
    %pushi/vec4 0, 0, 1;
    %store/vec4 v000001ffb18fbc40_0, 0, 1;
    %delay 6, 0;
    %pushi/vec4 11, 0, 4;
    %store/vec4 v000001ffb18fbb00_0, 0, 4;
    %pushi/vec4 2, 0, 2;
    %store/vec4 v000001ffb18fba60_0, 0, 2;
    %delay 10, 0;
    %pushi/vec4 15, 0, 4;
    %store/vec4 v000001ffb18fbb00_0, 0, 4;
    %pushi/vec4 0, 0, 2;
    %store/vec4 v000001ffb18fba60_0, 0, 2;
    %delay 10, 0;
    %pushi/vec4 14, 0, 4;
    %store/vec4 v000001ffb18fbb00_0, 0, 4;
    %pushi/vec4 3, 0, 2;
    %store/vec4 v000001ffb18fba60_0, 0, 2;
    %delay 10, 0;
    %pushi/vec4 11, 0, 4;
    %store/vec4 v000001ffb18fbb00_0, 0, 4;
    %pushi/vec4 1, 0, 2;
    %store/vec4 v000001ffb18fba60_0, 0, 2;
    %delay 10, 0;
    %delay 50, 0;
    %vpi_call 2 31 "$finish" {0 0 0};
    %end;
    .thread T_2;
# The file index is used to find the file name in the following table.
:file_names 4;
    "N/A";
    "<interactive>";
    "tb_bit2.v";
    "./bit2.v";
