#! /c/Source/iverilog-install/bin/vvp
:ivl_version "12.0 (devel)" "(s20150603-1110-g18392a46)";
:ivl_delay_selection "TYPICAL";
:vpi_time_precision + 0;
:vpi_module "C:\iverilog\lib\ivl\system.vpi";
:vpi_module "C:\iverilog\lib\ivl\vhdl_sys.vpi";
:vpi_module "C:\iverilog\lib\ivl\vhdl_textio.vpi";
:vpi_module "C:\iverilog\lib\ivl\v2005_math.vpi";
:vpi_module "C:\iverilog\lib\ivl\va_math.vpi";
S_000002158fb1ce60 .scope module, "tb_traffic" "tb_traffic" 2 1;
 .timescale 0 0;
v000002158fc283d0_0 .var "clk", 0 0;
v000002158fc285b0_0 .net "o_green", 0 0, v000002158fc27930_0;  1 drivers
v000002158fc28790_0 .net "o_red", 0 0, v000002158fc28330_0;  1 drivers
v000002158fc28650_0 .net "o_yellow", 0 0, v000002158fc28150_0;  1 drivers
v000002158fc27d90_0 .var "rst", 0 0;
S_000002158fb1cff0 .scope module, "uut" "traffic" 2 7, 3 1 0, S_000002158fb1ce60;
 .timescale 0 0;
    .port_info 0 /OUTPUT 1 "o_red";
    .port_info 1 /OUTPUT 1 "o_yellow";
    .port_info 2 /OUTPUT 1 "o_green";
    .port_info 3 /INPUT 1 "rst";
    .port_info 4 /INPUT 1 "clk";
P_000002158fba2eb0 .param/l "green" 1 3 13, C4<100>;
P_000002158fba2ee8 .param/l "red" 1 3 11, C4<001>;
P_000002158fba2f20 .param/l "yellow" 1 3 12, C4<010>;
L_000002158fc28858 .functor BUFT 1, C4<001>, C4<0>, C4<0>, C4<0>;
v000002158fbc6c50_0 .net/2u *"_ivl_0", 2 0, L_000002158fc28858;  1 drivers
L_000002158fc28930 .functor BUFT 1, C4<00101>, C4<0>, C4<0>, C4<0>;
v000002158fba30c0_0 .net/2u *"_ivl_10", 4 0, L_000002158fc28930;  1 drivers
L_000002158fc28978 .functor BUFT 1, C4<100>, C4<0>, C4<0>, C4<0>;
v000002158fbd4890_0 .net/2u *"_ivl_12", 2 0, L_000002158fc28978;  1 drivers
v000002158fba2c80_0 .net *"_ivl_14", 0 0, L_000002158fc27bb0;  1 drivers
L_000002158fc289c0 .functor BUFT 1, C4<11001>, C4<0>, C4<0>, C4<0>;
v000002158fb1d180_0 .net/2u *"_ivl_16", 4 0, L_000002158fc289c0;  1 drivers
L_000002158fc28a08 .functor BUFT 1, C4<00000>, C4<0>, C4<0>, C4<0>;
v000002158fc27890_0 .net/2u *"_ivl_18", 4 0, L_000002158fc28a08;  1 drivers
v000002158fc27cf0_0 .net *"_ivl_2", 0 0, L_000002158fc279d0;  1 drivers
v000002158fc27e30_0 .net *"_ivl_20", 4 0, L_000002158fc27c50;  1 drivers
v000002158fc28290_0 .net *"_ivl_22", 4 0, L_000002158fc27ed0;  1 drivers
L_000002158fc288a0 .functor BUFT 1, C4<11110>, C4<0>, C4<0>, C4<0>;
v000002158fc27a70_0 .net/2u *"_ivl_4", 4 0, L_000002158fc288a0;  1 drivers
L_000002158fc288e8 .functor BUFT 1, C4<010>, C4<0>, C4<0>, C4<0>;
v000002158fc28010_0 .net/2u *"_ivl_6", 2 0, L_000002158fc288e8;  1 drivers
v000002158fc27f70_0 .net *"_ivl_8", 0 0, L_000002158fc27b10;  1 drivers
v000002158fc281f0_0 .var "baud_count", 4 0;
v000002158fc280b0_0 .net "clk", 0 0, v000002158fc283d0_0;  1 drivers
v000002158fc27930_0 .var "o_green", 0 0;
v000002158fc28330_0 .var "o_red", 0 0;
v000002158fc28150_0 .var "o_yellow", 0 0;
v000002158fc28510_0 .net "rst", 0 0, v000002158fc27d90_0;  1 drivers
v000002158fc28470_0 .var "st", 2 0;
v000002158fc286f0_0 .net "timer_limit", 4 0, L_000002158fc72e60;  1 drivers
E_000002158fbc9ce0 .event posedge, v000002158fc280b0_0;
L_000002158fc279d0 .cmp/eq 3, v000002158fc28470_0, L_000002158fc28858;
L_000002158fc27b10 .cmp/eq 3, v000002158fc28470_0, L_000002158fc288e8;
L_000002158fc27bb0 .cmp/eq 3, v000002158fc28470_0, L_000002158fc28978;
L_000002158fc27c50 .functor MUXZ 5, L_000002158fc28a08, L_000002158fc289c0, L_000002158fc27bb0, C4<>;
L_000002158fc27ed0 .functor MUXZ 5, L_000002158fc27c50, L_000002158fc28930, L_000002158fc27b10, C4<>;
L_000002158fc72e60 .functor MUXZ 5, L_000002158fc27ed0, L_000002158fc288a0, L_000002158fc279d0, C4<>;
    .scope S_000002158fb1cff0;
T_0 ;
    %wait E_000002158fbc9ce0;
    %load/vec4 v000002158fc28510_0;
    %flag_set/vec4 8;
    %jmp/0xz  T_0.0, 8;
    %pushi/vec4 0, 0, 5;
    %assign/vec4 v000002158fc281f0_0, 0;
    %jmp T_0.1;
T_0.0 ;
    %load/vec4 v000002158fc281f0_0;
    %load/vec4 v000002158fc286f0_0;
    %subi 1, 0, 5;
    %cmp/e;
    %jmp/0xz  T_0.2, 4;
    %pushi/vec4 0, 0, 5;
    %assign/vec4 v000002158fc281f0_0, 0;
    %jmp T_0.3;
T_0.2 ;
    %load/vec4 v000002158fc281f0_0;
    %addi 1, 0, 5;
    %assign/vec4 v000002158fc281f0_0, 0;
T_0.3 ;
T_0.1 ;
    %jmp T_0;
    .thread T_0;
    .scope S_000002158fb1cff0;
T_1 ;
    %wait E_000002158fbc9ce0;
    %load/vec4 v000002158fc28510_0;
    %flag_set/vec4 8;
    %jmp/0xz  T_1.0, 8;
    %pushi/vec4 0, 0, 1;
    %assign/vec4 v000002158fc27930_0, 0;
    %pushi/vec4 0, 0, 1;
    %assign/vec4 v000002158fc28330_0, 0;
    %pushi/vec4 0, 0, 1;
    %assign/vec4 v000002158fc28150_0, 0;
    %pushi/vec4 1, 0, 3;
    %assign/vec4 v000002158fc28470_0, 0;
    %jmp T_1.1;
T_1.0 ;
    %load/vec4 v000002158fc28470_0;
    %dup/vec4;
    %pushi/vec4 1, 0, 3;
    %cmp/u;
    %jmp/1 T_1.2, 6;
    %dup/vec4;
    %pushi/vec4 2, 0, 3;
    %cmp/u;
    %jmp/1 T_1.3, 6;
    %dup/vec4;
    %pushi/vec4 4, 0, 3;
    %cmp/u;
    %jmp/1 T_1.4, 6;
    %jmp T_1.5;
T_1.2 ;
    %pushi/vec4 1, 0, 1;
    %assign/vec4 v000002158fc28330_0, 0;
    %pushi/vec4 0, 0, 1;
    %assign/vec4 v000002158fc28150_0, 0;
    %pushi/vec4 0, 0, 1;
    %assign/vec4 v000002158fc27930_0, 0;
    %load/vec4 v000002158fc281f0_0;
    %load/vec4 v000002158fc286f0_0;
    %subi 1, 0, 5;
    %cmp/e;
    %jmp/0xz  T_1.6, 4;
    %pushi/vec4 2, 0, 3;
    %assign/vec4 v000002158fc28470_0, 0;
T_1.6 ;
    %jmp T_1.5;
T_1.3 ;
    %pushi/vec4 0, 0, 1;
    %assign/vec4 v000002158fc28330_0, 0;
    %pushi/vec4 1, 0, 1;
    %assign/vec4 v000002158fc28150_0, 0;
    %pushi/vec4 0, 0, 1;
    %assign/vec4 v000002158fc27930_0, 0;
    %load/vec4 v000002158fc281f0_0;
    %load/vec4 v000002158fc286f0_0;
    %subi 1, 0, 5;
    %cmp/e;
    %jmp/0xz  T_1.8, 4;
    %pushi/vec4 4, 0, 3;
    %assign/vec4 v000002158fc28470_0, 0;
T_1.8 ;
    %jmp T_1.5;
T_1.4 ;
    %pushi/vec4 0, 0, 1;
    %assign/vec4 v000002158fc28330_0, 0;
    %pushi/vec4 0, 0, 1;
    %assign/vec4 v000002158fc28150_0, 0;
    %pushi/vec4 1, 0, 1;
    %assign/vec4 v000002158fc27930_0, 0;
    %load/vec4 v000002158fc281f0_0;
    %load/vec4 v000002158fc286f0_0;
    %subi 1, 0, 5;
    %cmp/e;
    %jmp/0xz  T_1.10, 4;
    %pushi/vec4 1, 0, 3;
    %assign/vec4 v000002158fc28470_0, 0;
T_1.10 ;
    %jmp T_1.5;
T_1.5 ;
    %pop/vec4 1;
T_1.1 ;
    %jmp T_1;
    .thread T_1;
    .scope S_000002158fb1ce60;
T_2 ;
    %delay 5, 0;
    %load/vec4 v000002158fc283d0_0;
    %inv;
    %store/vec4 v000002158fc283d0_0, 0, 1;
    %jmp T_2;
    .thread T_2;
    .scope S_000002158fb1ce60;
T_3 ;
    %vpi_call 2 12 "$dumpfile", "dump.vcd" {0 0 0};
    %vpi_call 2 13 "$dumpvars", 32'sb00000000000000000000000000000000, S_000002158fb1ce60 {0 0 0};
    %pushi/vec4 0, 0, 1;
    %store/vec4 v000002158fc27d90_0, 0, 1;
    %pushi/vec4 0, 0, 1;
    %store/vec4 v000002158fc283d0_0, 0, 1;
    %delay 3, 0;
    %pushi/vec4 1, 0, 1;
    %store/vec4 v000002158fc27d90_0, 0, 1;
    %delay 3, 0;
    %pushi/vec4 0, 0, 1;
    %store/vec4 v000002158fc27d90_0, 0, 1;
    %delay 1500, 0;
    %vpi_call 2 17 "$finish" {0 0 0};
    %end;
    .thread T_3;
# The file index is used to find the file name in the following table.
:file_names 4;
    "N/A";
    "<interactive>";
    "tb_traffic.v";
    "./traffic.v";
