#! /c/Source/iverilog-install/bin/vvp
:ivl_version "12.0 (devel)" "(s20150603-1110-g18392a46)";
:ivl_delay_selection "TYPICAL";
:vpi_time_precision - 12;
:vpi_module "C:\iverilog\lib\ivl\system.vpi";
:vpi_module "C:\iverilog\lib\ivl\vhdl_sys.vpi";
:vpi_module "C:\iverilog\lib\ivl\vhdl_textio.vpi";
:vpi_module "C:\iverilog\lib\ivl\v2005_math.vpi";
:vpi_module "C:\iverilog\lib\ivl\va_math.vpi";
S_00000181ac171fa0 .scope module, "tb_project" "tb_project" 2 3;
 .timescale -9 -12;
v00000181ac1e12b0_0 .var "clk", 0 0;
v00000181ac1e1530_0 .var "data_in", 7 0;
v00000181ac1e1670_0 .net "empty", 0 0, L_00000181ac18c250;  1 drivers
v00000181ac1e1710_0 .net "full", 0 0, L_00000181ac1e1850;  1 drivers
v00000181ac1e17b0_0 .var "rst", 0 0;
v00000181ac1e0bd0_0 .net "tx_out", 0 0, v00000181ac18ec10_0;  1 drivers
v00000181ac1e2250_0 .var "wi_en", 0 0;
E_00000181ac1550c0 .event negedge, v00000181ac18e210_0;
S_00000181ac172130 .scope module, "uut" "project" 2 15, 3 4 0, S_00000181ac171fa0;
 .timescale -9 -12;
    .port_info 0 /INPUT 1 "clk";
    .port_info 1 /INPUT 1 "rst";
    .port_info 2 /INPUT 8 "data_in";
    .port_info 3 /INPUT 1 "wi_en";
    .port_info 4 /OUTPUT 1 "full";
    .port_info 5 /OUTPUT 1 "empty";
    .port_info 6 /OUTPUT 1 "tx_out";
L_00000181ac18c250 .functor BUFZ 1, L_00000181ac1e1d50, C4<0>, C4<0>, C4<0>;
v00000181ac1e0b30_0 .net "clk", 0 0, v00000181ac1e12b0_0;  1 drivers
v00000181ac1e2610_0 .net "data_in", 7 0, v00000181ac1e1530_0;  1 drivers
v00000181ac1e2750_0 .net "empty", 0 0, L_00000181ac18c250;  alias, 1 drivers
v00000181ac1e10d0_0 .net "fifo_dout", 7 0, v00000181ac18e710_0;  1 drivers
v00000181ac1e27f0_0 .net "fifo_empty", 0 0, L_00000181ac1e1d50;  1 drivers
v00000181ac1e26b0_0 .net "fifo_rd_en", 0 0, v00000181ac1e0e50_0;  1 drivers
v00000181ac1e1030_0 .net "full", 0 0, L_00000181ac1e1850;  alias, 1 drivers
v00000181ac1e0f90_0 .net "rst", 0 0, v00000181ac1e17b0_0;  1 drivers
v00000181ac1e0950_0 .net "tx_busy", 0 0, v00000181ac18e990_0;  1 drivers
v00000181ac1e1c10_0 .net "tx_done", 0 0, v00000181ac18eb70_0;  1 drivers
v00000181ac1e1170_0 .net "tx_out", 0 0, v00000181ac18ec10_0;  alias, 1 drivers
v00000181ac1e21b0_0 .net "tx_send", 0 0, v00000181ac1e13f0_0;  1 drivers
v00000181ac1e1490_0 .net "uart_din", 7 0, v00000181ac1e09f0_0;  1 drivers
v00000181ac1e1210_0 .net "wi_en", 0 0, v00000181ac1e2250_0;  1 drivers
S_00000181ac1722c0 .scope module, "inst" "fifo" 3 22, 4 1 0, S_00000181ac172130;
 .timescale -9 -12;
    .port_info 0 /INPUT 1 "clk";
    .port_info 1 /INPUT 1 "rst";
    .port_info 2 /INPUT 1 "wi_en";
    .port_info 3 /INPUT 1 "rd_en";
    .port_info 4 /INPUT 8 "data_in";
    .port_info 5 /OUTPUT 8 "data_out";
    .port_info 6 /OUTPUT 1 "empty";
    .port_info 7 /OUTPUT 1 "full";
L_00000181ac220088 .functor BUFT 1, C4<0000>, C4<0>, C4<0>, C4<0>;
v00000181ac18ed50_0 .net/2u *"_ivl_0", 3 0, L_00000181ac220088;  1 drivers
L_00000181ac2200d0 .functor BUFT 1, C4<1000>, C4<0>, C4<0>, C4<0>;
v00000181ac18e8f0_0 .net/2u *"_ivl_4", 3 0, L_00000181ac2200d0;  1 drivers
v00000181ac18e210_0 .net "clk", 0 0, v00000181ac1e12b0_0;  alias, 1 drivers
v00000181ac18e530_0 .var "count", 3 0;
v00000181ac18e670_0 .net "data_in", 7 0, v00000181ac1e1530_0;  alias, 1 drivers
v00000181ac18e710_0 .var "data_out", 7 0;
v00000181ac18e5d0_0 .net "empty", 0 0, L_00000181ac1e1d50;  alias, 1 drivers
v00000181ac18ef30_0 .net "full", 0 0, L_00000181ac1e1850;  alias, 1 drivers
v00000181ac18ea30 .array "mem", 7 0, 7 0;
v00000181ac18e2b0_0 .net "rd_en", 0 0, v00000181ac1e0e50_0;  alias, 1 drivers
v00000181ac18e7b0_0 .var "rd_ptr", 2 0;
v00000181ac18ee90_0 .net "rst", 0 0, v00000181ac1e17b0_0;  alias, 1 drivers
v00000181ac18ecb0_0 .net "wi_en", 0 0, v00000181ac1e2250_0;  alias, 1 drivers
v00000181ac18e030_0 .var "wr_ptr", 2 0;
E_00000181ac155900 .event posedge, v00000181ac18e210_0;
L_00000181ac1e1d50 .cmp/eq 4, v00000181ac18e530_0, L_00000181ac220088;
L_00000181ac1e1850 .cmp/eq 4, v00000181ac18e530_0, L_00000181ac2200d0;
S_00000181ac1647c0 .scope module, "instt" "uart" 3 25, 5 1 0, S_00000181ac172130;
 .timescale -9 -12;
    .port_info 0 /INPUT 1 "rst";
    .port_info 1 /INPUT 1 "clk";
    .port_info 2 /OUTPUT 1 "tx_active";
    .port_info 3 /INPUT 1 "tx_start";
    .port_info 4 /OUTPUT 1 "tx_done";
    .port_info 5 /INPUT 8 "tx_data";
    .port_info 6 /OUTPUT 1 "tx_out";
P_00000181ac132860 .param/l "data" 1 5 17, C4<10>;
P_00000181ac132898 .param/l "idle" 1 5 15, C4<00>;
P_00000181ac1328d0 .param/l "start" 1 5 16, C4<01>;
P_00000181ac132908 .param/l "stop" 1 5 18, C4<11>;
L_00000181ac220118 .functor BUFT 1, C4<1010001010111>, C4<0>, C4<0>, C4<0>;
v00000181ac18e0d0_0 .net/2u *"_ivl_0", 12 0, L_00000181ac220118;  1 drivers
v00000181ac18ead0_0 .var "baud_count", 12 0;
v00000181ac18edf0_0 .net "baud_tick", 0 0, L_00000181ac1e2070;  1 drivers
v00000181ac18e350_0 .net "clk", 0 0, v00000181ac1e12b0_0;  alias, 1 drivers
v00000181ac18e850_0 .var "index", 3 0;
v00000181ac18e170_0 .net "rst", 0 0, v00000181ac1e17b0_0;  alias, 1 drivers
v00000181ac18e3f0_0 .var "st", 1 0;
v00000181ac18e990_0 .var "tx_active", 0 0;
v00000181ac18e490_0 .net "tx_data", 7 0, v00000181ac1e09f0_0;  alias, 1 drivers
v00000181ac18eb70_0 .var "tx_done", 0 0;
v00000181ac18ec10_0 .var "tx_out", 0 0;
v00000181ac1e2430_0 .var "tx_shift", 7 0;
v00000181ac1e24d0_0 .net "tx_start", 0 0, v00000181ac1e13f0_0;  alias, 1 drivers
L_00000181ac1e2070 .cmp/eq 13, v00000181ac18ead0_0, L_00000181ac220118;
S_00000181ac132950 .scope module, "insttt" "handshake_fsm" 3 28, 6 1 0, S_00000181ac172130;
 .timescale -9 -12;
    .port_info 0 /OUTPUT 1 "fifo_rd_en";
    .port_info 1 /OUTPUT 1 "uart_send";
    .port_info 2 /OUTPUT 8 "uart_din";
    .port_info 3 /INPUT 1 "tx_done";
    .port_info 4 /INPUT 1 "tx_busy";
    .port_info 5 /INPUT 1 "fifo_empty";
    .port_info 6 /INPUT 8 "fifo_dout";
    .port_info 7 /INPUT 1 "clk";
    .port_info 8 /INPUT 1 "rst";
P_00000181ac132ae0 .param/l "load" 1 6 15, C4<10>;
P_00000181ac132b18 .param/l "pop" 1 6 14, C4<01>;
P_00000181ac132b50 .param/l "transmit" 1 6 16, C4<11>;
P_00000181ac132b88 .param/l "wait_data" 1 6 13, C4<00>;
v00000181ac1e15d0_0 .net "clk", 0 0, v00000181ac1e12b0_0;  alias, 1 drivers
v00000181ac1e0db0_0 .net "fifo_dout", 7 0, v00000181ac18e710_0;  alias, 1 drivers
v00000181ac1e18f0_0 .net "fifo_empty", 0 0, L_00000181ac1e1d50;  alias, 1 drivers
v00000181ac1e0e50_0 .var "fifo_rd_en", 0 0;
v00000181ac1e0a90_0 .net "rst", 0 0, v00000181ac1e17b0_0;  alias, 1 drivers
v00000181ac1e2570_0 .var "st", 1 0;
v00000181ac1e1350_0 .net "tx_busy", 0 0, v00000181ac18e990_0;  alias, 1 drivers
v00000181ac1e0ef0_0 .net "tx_done", 0 0, v00000181ac18eb70_0;  alias, 1 drivers
v00000181ac1e09f0_0 .var "uart_din", 7 0;
v00000181ac1e13f0_0 .var "uart_send", 0 0;
    .scope S_00000181ac1722c0;
T_0 ;
    %wait E_00000181ac155900;
    %load/vec4 v00000181ac18ee90_0;
    %flag_set/vec4 8;
    %jmp/0xz  T_0.0, 8;
    %pushi/vec4 0, 0, 3;
    %assign/vec4 v00000181ac18e030_0, 0;
    %jmp T_0.1;
T_0.0 ;
    %load/vec4 v00000181ac18ecb0_0;
    %load/vec4 v00000181ac18ef30_0;
    %nor/r;
    %and;
    %flag_set/vec4 8;
    %jmp/0xz  T_0.2, 8;
    %load/vec4 v00000181ac18e670_0;
    %load/vec4 v00000181ac18e030_0;
    %pad/u 5;
    %ix/vec4 3;
    %ix/load 4, 0, 0; Constant delay
    %assign/vec4/a/d v00000181ac18ea30, 0, 4;
    %load/vec4 v00000181ac18e030_0;
    %addi 1, 0, 3;
    %assign/vec4 v00000181ac18e030_0, 0;
T_0.2 ;
T_0.1 ;
    %jmp T_0;
    .thread T_0;
    .scope S_00000181ac1722c0;
T_1 ;
    %wait E_00000181ac155900;
    %load/vec4 v00000181ac18ee90_0;
    %flag_set/vec4 8;
    %jmp/0xz  T_1.0, 8;
    %pushi/vec4 0, 0, 3;
    %assign/vec4 v00000181ac18e7b0_0, 0;
    %pushi/vec4 0, 0, 8;
    %assign/vec4 v00000181ac18e710_0, 0;
    %jmp T_1.1;
T_1.0 ;
    %load/vec4 v00000181ac18e2b0_0;
    %load/vec4 v00000181ac18e5d0_0;
    %nor/r;
    %and;
    %flag_set/vec4 8;
    %jmp/0xz  T_1.2, 8;
    %load/vec4 v00000181ac18e7b0_0;
    %pad/u 5;
    %ix/vec4 4;
    %load/vec4a v00000181ac18ea30, 4;
    %assign/vec4 v00000181ac18e710_0, 0;
    %load/vec4 v00000181ac18e7b0_0;
    %addi 1, 0, 3;
    %assign/vec4 v00000181ac18e7b0_0, 0;
T_1.2 ;
T_1.1 ;
    %jmp T_1;
    .thread T_1;
    .scope S_00000181ac1722c0;
T_2 ;
    %wait E_00000181ac155900;
    %load/vec4 v00000181ac18ee90_0;
    %flag_set/vec4 8;
    %jmp/0xz  T_2.0, 8;
    %pushi/vec4 0, 0, 4;
    %assign/vec4 v00000181ac18e530_0, 0;
    %jmp T_2.1;
T_2.0 ;
    %load/vec4 v00000181ac18ecb0_0;
    %load/vec4 v00000181ac18ef30_0;
    %nor/r;
    %and;
    %load/vec4 v00000181ac18e2b0_0;
    %load/vec4 v00000181ac18e5d0_0;
    %nor/r;
    %and;
    %and;
    %flag_set/vec4 8;
    %jmp/0xz  T_2.2, 8;
    %load/vec4 v00000181ac18e530_0;
    %assign/vec4 v00000181ac18e530_0, 0;
    %jmp T_2.3;
T_2.2 ;
    %load/vec4 v00000181ac18ecb0_0;
    %load/vec4 v00000181ac18ef30_0;
    %nor/r;
    %and;
    %flag_set/vec4 8;
    %jmp/0xz  T_2.4, 8;
    %load/vec4 v00000181ac18e530_0;
    %addi 1, 0, 4;
    %assign/vec4 v00000181ac18e530_0, 0;
    %jmp T_2.5;
T_2.4 ;
    %load/vec4 v00000181ac18e2b0_0;
    %load/vec4 v00000181ac18e5d0_0;
    %nor/r;
    %and;
    %flag_set/vec4 8;
    %jmp/0xz  T_2.6, 8;
    %load/vec4 v00000181ac18e530_0;
    %subi 1, 0, 4;
    %assign/vec4 v00000181ac18e530_0, 0;
T_2.6 ;
T_2.5 ;
T_2.3 ;
T_2.1 ;
    %jmp T_2;
    .thread T_2;
    .scope S_00000181ac1647c0;
T_3 ;
    %wait E_00000181ac155900;
    %load/vec4 v00000181ac18e170_0;
    %flag_set/vec4 8;
    %jmp/0xz  T_3.0, 8;
    %pushi/vec4 0, 0, 13;
    %assign/vec4 v00000181ac18ead0_0, 0;
    %jmp T_3.1;
T_3.0 ;
    %load/vec4 v00000181ac18e990_0;
    %flag_set/vec4 8;
    %jmp/0xz  T_3.2, 8;
    %load/vec4 v00000181ac18edf0_0;
    %flag_set/vec4 8;
    %jmp/0xz  T_3.4, 8;
    %pushi/vec4 0, 0, 13;
    %assign/vec4 v00000181ac18ead0_0, 0;
    %jmp T_3.5;
T_3.4 ;
    %load/vec4 v00000181ac18ead0_0;
    %addi 1, 0, 13;
    %assign/vec4 v00000181ac18ead0_0, 0;
T_3.5 ;
    %jmp T_3.3;
T_3.2 ;
    %pushi/vec4 0, 0, 13;
    %assign/vec4 v00000181ac18ead0_0, 0;
T_3.3 ;
T_3.1 ;
    %jmp T_3;
    .thread T_3;
    .scope S_00000181ac1647c0;
T_4 ;
    %wait E_00000181ac155900;
    %load/vec4 v00000181ac18e170_0;
    %flag_set/vec4 8;
    %jmp/0xz  T_4.0, 8;
    %pushi/vec4 0, 0, 2;
    %assign/vec4 v00000181ac18e3f0_0, 0;
    %pushi/vec4 0, 0, 4;
    %assign/vec4 v00000181ac18e850_0, 0;
    %pushi/vec4 0, 0, 8;
    %assign/vec4 v00000181ac1e2430_0, 0;
    %pushi/vec4 0, 0, 1;
    %assign/vec4 v00000181ac18e990_0, 0;
    %pushi/vec4 0, 0, 1;
    %assign/vec4 v00000181ac18eb70_0, 0;
    %pushi/vec4 0, 0, 1;
    %assign/vec4 v00000181ac18ec10_0, 0;
    %jmp T_4.1;
T_4.0 ;
    %load/vec4 v00000181ac18e3f0_0;
    %dup/vec4;
    %pushi/vec4 0, 0, 2;
    %cmp/u;
    %jmp/1 T_4.2, 6;
    %dup/vec4;
    %pushi/vec4 1, 0, 2;
    %cmp/u;
    %jmp/1 T_4.3, 6;
    %dup/vec4;
    %pushi/vec4 2, 0, 2;
    %cmp/u;
    %jmp/1 T_4.4, 6;
    %dup/vec4;
    %pushi/vec4 3, 0, 2;
    %cmp/u;
    %jmp/1 T_4.5, 6;
    %pushi/vec4 0, 0, 2;
    %assign/vec4 v00000181ac18e3f0_0, 0;
    %jmp T_4.7;
T_4.2 ;
    %pushi/vec4 1, 0, 1;
    %assign/vec4 v00000181ac18ec10_0, 0;
    %pushi/vec4 0, 0, 1;
    %assign/vec4 v00000181ac18eb70_0, 0;
    %load/vec4 v00000181ac1e24d0_0;
    %flag_set/vec4 8;
    %jmp/0xz  T_4.8, 8;
    %pushi/vec4 1, 0, 1;
    %assign/vec4 v00000181ac18e990_0, 0;
    %load/vec4 v00000181ac18e490_0;
    %assign/vec4 v00000181ac1e2430_0, 0;
    %pushi/vec4 1, 0, 2;
    %assign/vec4 v00000181ac18e3f0_0, 0;
T_4.8 ;
    %jmp T_4.7;
T_4.3 ;
    %pushi/vec4 0, 0, 1;
    %assign/vec4 v00000181ac18ec10_0, 0;
    %load/vec4 v00000181ac18edf0_0;
    %flag_set/vec4 8;
    %jmp/0xz  T_4.10, 8;
    %pushi/vec4 2, 0, 2;
    %assign/vec4 v00000181ac18e3f0_0, 0;
    %pushi/vec4 0, 0, 4;
    %assign/vec4 v00000181ac18e850_0, 0;
T_4.10 ;
    %jmp T_4.7;
T_4.4 ;
    %load/vec4 v00000181ac1e2430_0;
    %parti/s 1, 0, 2;
    %assign/vec4 v00000181ac18ec10_0, 0;
    %load/vec4 v00000181ac18edf0_0;
    %flag_set/vec4 8;
    %jmp/0xz  T_4.12, 8;
    %load/vec4 v00000181ac18e850_0;
    %cmpi/e 7, 0, 4;
    %jmp/0xz  T_4.14, 4;
    %pushi/vec4 3, 0, 2;
    %assign/vec4 v00000181ac18e3f0_0, 0;
    %jmp T_4.15;
T_4.14 ;
    %load/vec4 v00000181ac18e850_0;
    %addi 1, 0, 4;
    %assign/vec4 v00000181ac18e850_0, 0;
    %pushi/vec4 1, 0, 1;
    %load/vec4 v00000181ac1e2430_0;
    %parti/s 7, 1, 2;
    %concat/vec4; draw_concat_vec4
    %assign/vec4 v00000181ac1e2430_0, 0;
T_4.15 ;
T_4.12 ;
    %jmp T_4.7;
T_4.5 ;
    %pushi/vec4 1, 0, 1;
    %assign/vec4 v00000181ac18eb70_0, 0;
    %pushi/vec4 1, 0, 1;
    %assign/vec4 v00000181ac18ec10_0, 0;
    %load/vec4 v00000181ac18edf0_0;
    %flag_set/vec4 8;
    %jmp/0xz  T_4.16, 8;
    %pushi/vec4 0, 0, 1;
    %store/vec4 v00000181ac18e990_0, 0, 1;
    %pushi/vec4 0, 0, 1;
    %store/vec4 v00000181ac18eb70_0, 0, 1;
    %pushi/vec4 0, 0, 2;
    %assign/vec4 v00000181ac18e3f0_0, 0;
T_4.16 ;
    %jmp T_4.7;
T_4.7 ;
    %pop/vec4 1;
T_4.1 ;
    %jmp T_4;
    .thread T_4;
    .scope S_00000181ac132950;
T_5 ;
    %wait E_00000181ac155900;
    %load/vec4 v00000181ac1e0a90_0;
    %flag_set/vec4 8;
    %jmp/0xz  T_5.0, 8;
    %pushi/vec4 0, 0, 1;
    %assign/vec4 v00000181ac1e0e50_0, 0;
    %pushi/vec4 0, 0, 1;
    %assign/vec4 v00000181ac1e13f0_0, 0;
    %pushi/vec4 0, 0, 8;
    %assign/vec4 v00000181ac1e09f0_0, 0;
    %pushi/vec4 0, 0, 2;
    %assign/vec4 v00000181ac1e2570_0, 0;
    %jmp T_5.1;
T_5.0 ;
    %load/vec4 v00000181ac1e2570_0;
    %dup/vec4;
    %pushi/vec4 0, 0, 2;
    %cmp/u;
    %jmp/1 T_5.2, 6;
    %dup/vec4;
    %pushi/vec4 1, 0, 2;
    %cmp/u;
    %jmp/1 T_5.3, 6;
    %dup/vec4;
    %pushi/vec4 2, 0, 2;
    %cmp/u;
    %jmp/1 T_5.4, 6;
    %dup/vec4;
    %pushi/vec4 3, 0, 2;
    %cmp/u;
    %jmp/1 T_5.5, 6;
    %pushi/vec4 0, 0, 2;
    %assign/vec4 v00000181ac1e2570_0, 0;
    %jmp T_5.7;
T_5.2 ;
    %load/vec4 v00000181ac1e18f0_0;
    %pad/u 32;
    %pushi/vec4 0, 0, 32;
    %cmp/e;
    %flag_get/vec4 4;
    %load/vec4 v00000181ac1e1350_0;
    %pad/u 32;
    %pushi/vec4 0, 0, 32;
    %cmp/e;
    %flag_get/vec4 4;
    %and;
    %flag_set/vec4 8;
    %jmp/0xz  T_5.8, 8;
    %pushi/vec4 1, 0, 2;
    %assign/vec4 v00000181ac1e2570_0, 0;
    %jmp T_5.9;
T_5.8 ;
    %pushi/vec4 0, 0, 2;
    %assign/vec4 v00000181ac1e2570_0, 0;
T_5.9 ;
    %jmp T_5.7;
T_5.3 ;
    %pushi/vec4 1, 0, 1;
    %assign/vec4 v00000181ac1e0e50_0, 0;
    %pushi/vec4 2, 0, 2;
    %assign/vec4 v00000181ac1e2570_0, 0;
    %jmp T_5.7;
T_5.4 ;
    %pushi/vec4 0, 0, 1;
    %assign/vec4 v00000181ac1e0e50_0, 0;
    %load/vec4 v00000181ac1e0db0_0;
    %assign/vec4 v00000181ac1e09f0_0, 0;
    %pushi/vec4 1, 0, 1;
    %assign/vec4 v00000181ac1e13f0_0, 0;
    %pushi/vec4 3, 0, 2;
    %assign/vec4 v00000181ac1e2570_0, 0;
    %jmp T_5.7;
T_5.5 ;
    %load/vec4 v00000181ac1e0ef0_0;
    %flag_set/vec4 8;
    %jmp/0xz  T_5.10, 8;
    %pushi/vec4 0, 0, 2;
    %assign/vec4 v00000181ac1e2570_0, 0;
    %jmp T_5.11;
T_5.10 ;
    %pushi/vec4 3, 0, 2;
    %assign/vec4 v00000181ac1e2570_0, 0;
T_5.11 ;
    %jmp T_5.7;
T_5.7 ;
    %pop/vec4 1;
T_5.1 ;
    %jmp T_5;
    .thread T_5;
    .scope S_00000181ac171fa0;
T_6 ;
    %delay 10000, 0;
    %load/vec4 v00000181ac1e12b0_0;
    %inv;
    %store/vec4 v00000181ac1e12b0_0, 0, 1;
    %jmp T_6;
    .thread T_6;
    .scope S_00000181ac171fa0;
T_7 ;
    %vpi_call 2 30 "$dumpfile", "dump.vcd" {0 0 0};
    %vpi_call 2 31 "$dumpvars", 32'sb00000000000000000000000000000000, S_00000181ac171fa0 {0 0 0};
    %pushi/vec4 0, 0, 1;
    %store/vec4 v00000181ac1e12b0_0, 0, 1;
    %pushi/vec4 1, 0, 1;
    %store/vec4 v00000181ac1e17b0_0, 0, 1;
    %pushi/vec4 0, 0, 1;
    %store/vec4 v00000181ac1e2250_0, 0, 1;
    %delay 60000, 0;
    %wait E_00000181ac155900;
    %pushi/vec4 0, 0, 1;
    %store/vec4 v00000181ac1e17b0_0, 0, 1;
    %vpi_call 2 45 "$display", "[TB] Initiating inline 10-byte burst write on falling edges..." {0 0 0};
    %wait E_00000181ac1550c0;
    %pushi/vec4 0, 0, 1;
    %store/vec4 v00000181ac1e2250_0, 0, 1;
    %delay 1410065408, 2;
    %vpi_call 2 52 "$display", "[TB SUCCESS] Simulation complete. Verify results in GTKWave!" {0 0 0};
    %vpi_call 2 53 "$finish" {0 0 0};
    %end;
    .thread T_7;
# The file index is used to find the file name in the following table.
:file_names 7;
    "N/A";
    "<interactive>";
    "tb_project.v";
    "./project.v";
    "./fifo.v";
    "./uart.v";
    "./handshake_fsm.v";
