#! /c/Source/iverilog-install/bin/vvp
:ivl_version "12.0 (devel)" "(s20150603-1110-g18392a46)";
:ivl_delay_selection "TYPICAL";
:vpi_time_precision + 0;
:vpi_module "C:\iverilog\lib\ivl\system.vpi";
:vpi_module "C:\iverilog\lib\ivl\vhdl_sys.vpi";
:vpi_module "C:\iverilog\lib\ivl\vhdl_textio.vpi";
:vpi_module "C:\iverilog\lib\ivl\v2005_math.vpi";
:vpi_module "C:\iverilog\lib\ivl\va_math.vpi";
S_000002d79f037b40 .scope module, "tb_tues" "tb_tues" 2 1;
 .timescale 0 0;
v000002d79f085d80_0 .var "addr", 1 0;
v000002d79f085c40_0 .var "addr1", 1 0;
v000002d79f085ec0_0 .var "addr2", 1 0;
v000002d79f0859c0_0 .var "clk", 0 0;
v000002d79f085740_0 .var "data_in", 7 0;
v000002d79f085a60_0 .net "data_out1", 7 0, L_000002d79f039f80;  1 drivers
v000002d79f085560_0 .net "data_out2", 7 0, L_000002d79f03a300;  1 drivers
v000002d79f085ba0_0 .var "wi", 0 0;
S_000002d79f037cd0 .scope module, "uut" "tues" 2 10, 3 1 0, S_000002d79f037b40;
 .timescale 0 0;
    .port_info 0 /INPUT 1 "clk";
    .port_info 1 /INPUT 8 "data_in";
    .port_info 2 /OUTPUT 8 "data_out1";
    .port_info 3 /OUTPUT 8 "data_out2";
    .port_info 4 /INPUT 2 "addr";
    .port_info 5 /INPUT 2 "addr1";
    .port_info 6 /INPUT 2 "addr2";
    .port_info 7 /INPUT 1 "wi";
L_000002d79f039f80 .functor BUFZ 8, L_000002d79f085420, C4<00000000>, C4<00000000>, C4<00000000>;
L_000002d79f03a300 .functor BUFZ 8, L_000002d79f085060, C4<00000000>, C4<00000000>, C4<00000000>;
v000002d79f037e60_0 .net *"_ivl_0", 7 0, L_000002d79f085420;  1 drivers
v000002d79f002c00_0 .net *"_ivl_10", 3 0, L_000002d79f085e20;  1 drivers
L_000002d79f086470 .functor BUFT 1, C4<00>, C4<0>, C4<0>, C4<0>;
v000002d79f037f00_0 .net *"_ivl_13", 1 0, L_000002d79f086470;  1 drivers
v000002d79f034200_0 .net *"_ivl_2", 3 0, L_000002d79f0854c0;  1 drivers
L_000002d79f086428 .functor BUFT 1, C4<00>, C4<0>, C4<0>, C4<0>;
v000002d79f0342a0_0 .net *"_ivl_5", 1 0, L_000002d79f086428;  1 drivers
v000002d79f034340_0 .net *"_ivl_8", 7 0, L_000002d79f085060;  1 drivers
v000002d79f0343e0_0 .net "addr", 1 0, v000002d79f085d80_0;  1 drivers
v000002d79f034480_0 .net "addr1", 1 0, v000002d79f085c40_0;  1 drivers
v000002d79f034520_0 .net "addr2", 1 0, v000002d79f085ec0_0;  1 drivers
v000002d79f0345c0_0 .net "clk", 0 0, v000002d79f0859c0_0;  1 drivers
v000002d79f085240_0 .net "data_in", 7 0, v000002d79f085740_0;  1 drivers
v000002d79f0851a0_0 .net "data_out1", 7 0, L_000002d79f039f80;  alias, 1 drivers
v000002d79f0852e0_0 .net "data_out2", 7 0, L_000002d79f03a300;  alias, 1 drivers
v000002d79f085ce0 .array "mem1", 3 0, 7 0;
v000002d79f085380 .array "mem2", 3 0, 7 0;
v000002d79f085100_0 .net "wi", 0 0, v000002d79f085ba0_0;  1 drivers
E_000002d79f159730 .event posedge, v000002d79f0345c0_0;
L_000002d79f085420 .array/port v000002d79f085ce0, L_000002d79f0854c0;
L_000002d79f0854c0 .concat [ 2 2 0 0], v000002d79f085c40_0, L_000002d79f086428;
L_000002d79f085060 .array/port v000002d79f085380, L_000002d79f085e20;
L_000002d79f085e20 .concat [ 2 2 0 0], v000002d79f085ec0_0, L_000002d79f086470;
    .scope S_000002d79f037cd0;
T_0 ;
    %wait E_000002d79f159730;
    %load/vec4 v000002d79f085100_0;
    %cmpi/e 1, 0, 1;
    %jmp/0xz  T_0.0, 4;
    %load/vec4 v000002d79f085240_0;
    %load/vec4 v000002d79f0343e0_0;
    %pad/u 4;
    %ix/vec4 3;
    %ix/load 4, 0, 0; Constant delay
    %assign/vec4/a/d v000002d79f085ce0, 0, 4;
T_0.0 ;
    %jmp T_0;
    .thread T_0;
    .scope S_000002d79f037b40;
T_1 ;
    %delay 5, 0;
    %load/vec4 v000002d79f0859c0_0;
    %inv;
    %store/vec4 v000002d79f0859c0_0, 0, 1;
    %jmp T_1;
    .thread T_1;
    .scope S_000002d79f037b40;
T_2 ;
    %vpi_call 2 15 "$dumpfile", "dump.vcd" {0 0 0};
    %vpi_call 2 16 "$dumpvars", 32'sb00000000000000000000000000000000, S_000002d79f037b40 {0 0 0};
    %pushi/vec4 0, 0, 1;
    %store/vec4 v000002d79f0859c0_0, 0, 1;
    %pushi/vec4 0, 0, 8;
    %store/vec4 v000002d79f085740_0, 0, 8;
    %pushi/vec4 0, 0, 2;
    %store/vec4 v000002d79f085d80_0, 0, 2;
    %pushi/vec4 0, 0, 1;
    %store/vec4 v000002d79f085ba0_0, 0, 1;
    %delay 10, 0;
    %pushi/vec4 1, 0, 1;
    %store/vec4 v000002d79f085ba0_0, 0, 1;
    %pushi/vec4 0, 0, 2;
    %store/vec4 v000002d79f085d80_0, 0, 2;
    %pushi/vec4 170, 0, 8;
    %store/vec4 v000002d79f085740_0, 0, 8;
    %delay 10, 0;
    %pushi/vec4 1, 0, 1;
    %store/vec4 v000002d79f085ba0_0, 0, 1;
    %pushi/vec4 1, 0, 2;
    %store/vec4 v000002d79f085d80_0, 0, 2;
    %pushi/vec4 187, 0, 8;
    %store/vec4 v000002d79f085740_0, 0, 8;
    %delay 10, 0;
    %pushi/vec4 1, 0, 1;
    %store/vec4 v000002d79f085ba0_0, 0, 1;
    %pushi/vec4 2, 0, 2;
    %store/vec4 v000002d79f085d80_0, 0, 2;
    %pushi/vec4 204, 0, 8;
    %store/vec4 v000002d79f085740_0, 0, 8;
    %pushi/vec4 2, 0, 2;
    %store/vec4 v000002d79f085c40_0, 0, 2;
    %pushi/vec4 2, 0, 2;
    %store/vec4 v000002d79f085ec0_0, 0, 2;
    %delay 10, 0;
    %pushi/vec4 0, 0, 1;
    %store/vec4 v000002d79f085ba0_0, 0, 1;
    %pushi/vec4 0, 0, 2;
    %store/vec4 v000002d79f085c40_0, 0, 2;
    %pushi/vec4 1, 0, 2;
    %store/vec4 v000002d79f085ec0_0, 0, 2;
    %delay 10, 0;
    %vpi_call 2 27 "$finish" {0 0 0};
    %end;
    .thread T_2;
# The file index is used to find the file name in the following table.
:file_names 4;
    "N/A";
    "<interactive>";
    "tb_tues.v";
    "./tues.v";
