#! /c/Source/iverilog-install/bin/vvp
:ivl_version "12.0 (devel)" "(s20150603-1110-g18392a46)";
:ivl_delay_selection "TYPICAL";
:vpi_time_precision + 0;
:vpi_module "C:\iverilog\lib\ivl\system.vpi";
:vpi_module "C:\iverilog\lib\ivl\vhdl_sys.vpi";
:vpi_module "C:\iverilog\lib\ivl\vhdl_textio.vpi";
:vpi_module "C:\iverilog\lib\ivl\v2005_math.vpi";
:vpi_module "C:\iverilog\lib\ivl\va_math.vpi";
S_00000234a203bca0 .scope module, "tb_gray_code" "tb_gray_code" 2 1;
 .timescale 0 0;
v00000234a203bed0_0 .var "bin", 3 0;
v00000234a203e0b0_0 .var "clk", 0 0;
v00000234a203e150_0 .net "gray", 3 0, v00000234a203a560_0;  1 drivers
v00000234a203e1f0_0 .var "rst", 0 0;
S_00000234a203df20 .scope module, "uut" "gray_code" 2 7, 3 1 0, S_00000234a203bca0;
 .timescale 0 0;
    .port_info 0 /INPUT 4 "bin";
    .port_info 1 /INPUT 1 "clk";
    .port_info 2 /INPUT 1 "rst";
    .port_info 3 /OUTPUT 4 "gray";
v00000234a2052f50_0 .net "bin", 3 0, v00000234a203bed0_0;  1 drivers
v00000234a2052cd0_0 .net "clk", 0 0, v00000234a203e0b0_0;  1 drivers
v00000234a203a560_0 .var "gray", 3 0;
v00000234a203be30_0 .net "rst", 0 0, v00000234a203e1f0_0;  1 drivers
E_00000234a2074bd0 .event posedge, v00000234a2052cd0_0;
    .scope S_00000234a203df20;
T_0 ;
    %wait E_00000234a2074bd0;
    %load/vec4 v00000234a203be30_0;
    %pad/u 32;
    %cmpi/e 1, 0, 32;
    %jmp/0xz  T_0.0, 4;
    %pushi/vec4 0, 0, 4;
    %assign/vec4 v00000234a203a560_0, 0;
    %jmp T_0.1;
T_0.0 ;
    %load/vec4 v00000234a2052f50_0;
    %load/vec4 v00000234a2052f50_0;
    %ix/load 4, 1, 0;
    %flag_set/imm 4, 0;
    %shiftr 4;
    %xor;
    %store/vec4 v00000234a203a560_0, 0, 4;
T_0.1 ;
    %jmp T_0;
    .thread T_0;
    .scope S_00000234a203bca0;
T_1 ;
    %delay 5, 0;
    %load/vec4 v00000234a203e0b0_0;
    %inv;
    %store/vec4 v00000234a203e0b0_0, 0, 1;
    %jmp T_1;
    .thread T_1;
    .scope S_00000234a203bca0;
T_2 ;
    %vpi_call 2 12 "$dumpfile", "dump.vcd" {0 0 0};
    %vpi_call 2 13 "$dumpvars", 32'sb00000000000000000000000000000000, S_00000234a203bca0 {0 0 0};
    %pushi/vec4 0, 0, 1;
    %store/vec4 v00000234a203e1f0_0, 0, 1;
    %pushi/vec4 0, 0, 1;
    %store/vec4 v00000234a203e0b0_0, 0, 1;
    %delay 2, 0;
    %pushi/vec4 1, 0, 1;
    %store/vec4 v00000234a203e1f0_0, 0, 1;
    %delay 5, 0;
    %pushi/vec4 0, 0, 1;
    %store/vec4 v00000234a203e1f0_0, 0, 1;
    %pushi/vec4 5, 0, 4;
    %store/vec4 v00000234a203bed0_0, 0, 4;
    %delay 15, 0;
    %pushi/vec4 15, 0, 4;
    %store/vec4 v00000234a203bed0_0, 0, 4;
    %delay 5, 0;
    %pushi/vec4 5, 0, 4;
    %store/vec4 v00000234a203bed0_0, 0, 4;
    %delay 5, 0;
    %vpi_call 2 19 "$finish" {0 0 0};
    %end;
    .thread T_2;
# The file index is used to find the file name in the following table.
:file_names 4;
    "N/A";
    "<interactive>";
    "tb_gray_code.v";
    "./gray_code.v";
