#! /c/Source/iverilog-install/bin/vvp
:ivl_version "12.0 (devel)" "(s20150603-1110-g18392a46)";
:ivl_delay_selection "TYPICAL";
:vpi_time_precision + 0;
:vpi_module "C:\iverilog\lib\ivl\system.vpi";
:vpi_module "C:\iverilog\lib\ivl\vhdl_sys.vpi";
:vpi_module "C:\iverilog\lib\ivl\vhdl_textio.vpi";
:vpi_module "C:\iverilog\lib\ivl\v2005_math.vpi";
:vpi_module "C:\iverilog\lib\ivl\va_math.vpi";
S_00000245cb8a28d0 .scope module, "tb_gray_code" "tb_gray_code" 2 1;
 .timescale 0 0;
v00000245cb91e830_0 .net "bin", 3 0, v00000245cb8a2c90_0;  1 drivers
v00000245cb91e8d0_0 .var "clk", 0 0;
v00000245cb91e970_0 .net "gray", 3 0, L_00000245cb9eb8f0;  1 drivers
v00000245cb91ea10_0 .var "rst", 0 0;
S_00000245cb8a2a60 .scope module, "uut" "gray_code1" 2 7, 3 1 0, S_00000245cb8a28d0;
 .timescale 0 0;
    .port_info 0 /OUTPUT 4 "bin";
    .port_info 1 /INPUT 1 "clk";
    .port_info 2 /INPUT 1 "rst";
    .port_info 3 /OUTPUT 4 "gray";
L_00000245cb9eb8f0 .functor XOR 4, v00000245cb8a2c90_0, L_00000245cb8d3330, C4<0000>, C4<0000>;
v00000245cb8a2f50_0 .net *"_ivl_0", 3 0, L_00000245cb8d3330;  1 drivers
v00000245cb9eb850_0 .net *"_ivl_2", 2 0, L_00000245cb91eab0;  1 drivers
L_00000245cb91eb58 .functor BUFT 1, C4<0>, C4<0>, C4<0>, C4<0>;
v00000245cb8a2bf0_0 .net *"_ivl_4", 0 0, L_00000245cb91eb58;  1 drivers
v00000245cb8a2c90_0 .var "bin", 3 0;
v00000245cb9edea0_0 .net "clk", 0 0, v00000245cb91e8d0_0;  1 drivers
v00000245cb9edf40_0 .net "gray", 3 0, L_00000245cb9eb8f0;  alias, 1 drivers
v00000245cb9edfe0_0 .net "rst", 0 0, v00000245cb91ea10_0;  1 drivers
E_00000245cb8c4f90 .event posedge, v00000245cb9edea0_0;
L_00000245cb91eab0 .part v00000245cb8a2c90_0, 1, 3;
L_00000245cb8d3330 .concat [ 3 1 0 0], L_00000245cb91eab0, L_00000245cb91eb58;
    .scope S_00000245cb8a2a60;
T_0 ;
    %wait E_00000245cb8c4f90;
    %load/vec4 v00000245cb9edfe0_0;
    %pad/u 32;
    %cmpi/e 1, 0, 32;
    %jmp/0xz  T_0.0, 4;
    %pushi/vec4 0, 0, 4;
    %assign/vec4 v00000245cb8a2c90_0, 0;
    %jmp T_0.1;
T_0.0 ;
    %load/vec4 v00000245cb8a2c90_0;
    %addi 1, 0, 4;
    %assign/vec4 v00000245cb8a2c90_0, 0;
T_0.1 ;
    %jmp T_0;
    .thread T_0;
    .scope S_00000245cb8a28d0;
T_1 ;
    %delay 5, 0;
    %load/vec4 v00000245cb91e8d0_0;
    %inv;
    %store/vec4 v00000245cb91e8d0_0, 0, 1;
    %jmp T_1;
    .thread T_1;
    .scope S_00000245cb8a28d0;
T_2 ;
    %vpi_call 2 12 "$dumpfile", "dump.vcd" {0 0 0};
    %vpi_call 2 13 "$dumpvars", 32'sb00000000000000000000000000000000, S_00000245cb8a28d0 {0 0 0};
    %pushi/vec4 0, 0, 1;
    %store/vec4 v00000245cb91ea10_0, 0, 1;
    %pushi/vec4 0, 0, 1;
    %store/vec4 v00000245cb91e8d0_0, 0, 1;
    %delay 2, 0;
    %pushi/vec4 1, 0, 1;
    %store/vec4 v00000245cb91ea10_0, 0, 1;
    %delay 5, 0;
    %pushi/vec4 0, 0, 1;
    %store/vec4 v00000245cb91ea10_0, 0, 1;
    %delay 150, 0;
    %vpi_call 2 17 "$finish" {0 0 0};
    %end;
    .thread T_2;
# The file index is used to find the file name in the following table.
:file_names 4;
    "N/A";
    "<interactive>";
    "tb_gray_code_copy.v";
    "./gray_code1.v";
