#! /c/Source/iverilog-install/bin/vvp
:ivl_version "12.0 (devel)" "(s20150603-1110-g18392a46)";
:ivl_delay_selection "TYPICAL";
:vpi_time_precision + 0;
:vpi_module "C:\iverilog\lib\ivl\system.vpi";
:vpi_module "C:\iverilog\lib\ivl\vhdl_sys.vpi";
:vpi_module "C:\iverilog\lib\ivl\vhdl_textio.vpi";
:vpi_module "C:\iverilog\lib\ivl\v2005_math.vpi";
:vpi_module "C:\iverilog\lib\ivl\va_math.vpi";
S_0000025d610a6850 .scope module, "tb_counter_nbit" "tb_counter_nbit" 2 1;
 .timescale 0 0;
v0000025d610a6c10_0 .var "clk", 0 0;
v0000025d6105bd10_0 .net "q", 12 0, v0000025d61072b70_0;  1 drivers
v0000025d6105bdb0_0 .var "rst", 0 0;
S_0000025d610a69e0 .scope module, "uut" "counter_nbit" 2 5, 3 1 0, S_0000025d610a6850;
 .timescale 0 0;
    .port_info 0 /INPUT 1 "rst";
    .port_info 1 /INPUT 1 "clk";
    .port_info 2 /OUTPUT 13 "q";
v0000025d610732b0_0 .net "clk", 0 0, v0000025d610a6c10_0;  1 drivers
v0000025d61072b70_0 .var "q", 12 0;
v0000025d610a6b70_0 .net "rst", 0 0, v0000025d6105bdb0_0;  1 drivers
E_0000025d6105c070 .event posedge, v0000025d610732b0_0;
    .scope S_0000025d610a69e0;
T_0 ;
    %wait E_0000025d6105c070;
    %load/vec4 v0000025d610a6b70_0;
    %pad/u 32;
    %cmpi/e 1, 0, 32;
    %jmp/0xz  T_0.0, 4;
    %pushi/vec4 0, 0, 13;
    %assign/vec4 v0000025d61072b70_0, 0;
    %jmp T_0.1;
T_0.0 ;
    %load/vec4 v0000025d61072b70_0;
    %cmpi/e 5208, 0, 13;
    %jmp/0xz  T_0.2, 4;
    %pushi/vec4 0, 0, 13;
    %assign/vec4 v0000025d61072b70_0, 0;
    %jmp T_0.3;
T_0.2 ;
    %load/vec4 v0000025d61072b70_0;
    %addi 1, 0, 13;
    %assign/vec4 v0000025d61072b70_0, 0;
T_0.3 ;
T_0.1 ;
    %jmp T_0;
    .thread T_0;
    .scope S_0000025d610a6850;
T_1 ;
    %delay 5, 0;
    %load/vec4 v0000025d610a6c10_0;
    %inv;
    %store/vec4 v0000025d610a6c10_0, 0, 1;
    %jmp T_1;
    .thread T_1;
    .scope S_0000025d610a6850;
T_2 ;
    %vpi_call 2 12 "$dumpfile", "dump.vcd" {0 0 0};
    %vpi_call 2 13 "$dumpvars", 32'sb00000000000000000000000000000000, S_0000025d610a6850 {0 0 0};
    %pushi/vec4 0, 0, 1;
    %store/vec4 v0000025d6105bdb0_0, 0, 1;
    %pushi/vec4 0, 0, 1;
    %store/vec4 v0000025d610a6c10_0, 0, 1;
    %delay 200, 0;
    %pushi/vec4 1, 0, 1;
    %store/vec4 v0000025d6105bdb0_0, 0, 1;
    %delay 60, 0;
    %pushi/vec4 0, 0, 1;
    %store/vec4 v0000025d6105bdb0_0, 0, 1;
    %delay 1200, 0;
    %vpi_call 2 18 "$finish" {0 0 0};
    %end;
    .thread T_2;
# The file index is used to find the file name in the following table.
:file_names 4;
    "N/A";
    "<interactive>";
    "tb_counter_nbit.v";
    "./counter_nbit.v";
