#! /c/Source/iverilog-install/bin/vvp
:ivl_version "12.0 (devel)" "(s20150603-1110-g18392a46)";
:ivl_delay_selection "TYPICAL";
:vpi_time_precision + 0;
:vpi_module "C:\iverilog\lib\ivl\system.vpi";
:vpi_module "C:\iverilog\lib\ivl\vhdl_sys.vpi";
:vpi_module "C:\iverilog\lib\ivl\vhdl_textio.vpi";
:vpi_module "C:\iverilog\lib\ivl\v2005_math.vpi";
:vpi_module "C:\iverilog\lib\ivl\va_math.vpi";
S_000002bfc9db2800 .scope module, "tb_clk" "tb_clk" 2 1;
 .timescale 0 0;
v000002bfc9e31b60_0 .var "addr", 3 0;
v000002bfc9e31c00_0 .var "clk", 0 0;
v000002bfc9e31ca0_0 .var "data_in", 7 0;
v000002bfc9e31d40_0 .net "data_out", 7 0, L_000002bfc9dea540;  1 drivers
v000002bfc9de3060_0 .var "wi_en", 0 0;
S_000002bfc9db2990 .scope module, "uut" "clk" 2 7, 3 1 0, S_000002bfc9db2800;
 .timescale 0 0;
    .port_info 0 /INPUT 1 "clk";
    .port_info 1 /INPUT 8 "data_in";
    .port_info 2 /INPUT 4 "addr";
    .port_info 3 /OUTPUT 8 "data_out";
    .port_info 4 /INPUT 1 "wi_en";
L_000002bfc9dea540 .functor BUFZ 8, L_000002bfc9de2660, C4<00000000>, C4<00000000>, C4<00000000>;
v000002bfc9f78b60_0 .net *"_ivl_0", 7 0, L_000002bfc9de2660;  1 drivers
v000002bfc9de7880_0 .net *"_ivl_2", 5 0, L_000002bfc9de2520;  1 drivers
L_000002bfc9e31de8 .functor BUFT 1, C4<00>, C4<0>, C4<0>, C4<0>;
v000002bfc9db2b20_0 .net *"_ivl_5", 1 0, L_000002bfc9e31de8;  1 drivers
v000002bfc9db2bc0_0 .net "addr", 3 0, v000002bfc9e31b60_0;  1 drivers
v000002bfc9e31840_0 .net "clk", 0 0, v000002bfc9e31c00_0;  1 drivers
v000002bfc9e318e0_0 .net "data_in", 7 0, v000002bfc9e31ca0_0;  1 drivers
v000002bfc9e31980_0 .net "data_out", 7 0, L_000002bfc9dea540;  alias, 1 drivers
v000002bfc9e31a20 .array "mem", 15 0, 7 0;
v000002bfc9e31ac0_0 .net "wi_en", 0 0, v000002bfc9de3060_0;  1 drivers
E_000002bfc9de8be0 .event posedge, v000002bfc9e31840_0;
L_000002bfc9de2660 .array/port v000002bfc9e31a20, L_000002bfc9de2520;
L_000002bfc9de2520 .concat [ 4 2 0 0], v000002bfc9e31b60_0, L_000002bfc9e31de8;
    .scope S_000002bfc9db2990;
T_0 ;
    %wait E_000002bfc9de8be0;
    %load/vec4 v000002bfc9e31ac0_0;
    %cmpi/e 1, 0, 1;
    %jmp/0xz  T_0.0, 4;
    %load/vec4 v000002bfc9e318e0_0;
    %load/vec4 v000002bfc9db2bc0_0;
    %pad/u 6;
    %ix/vec4 3;
    %ix/load 4, 0, 0; Constant delay
    %assign/vec4/a/d v000002bfc9e31a20, 0, 4;
T_0.0 ;
    %jmp T_0;
    .thread T_0;
    .scope S_000002bfc9db2800;
T_1 ;
    %delay 5, 0;
    %load/vec4 v000002bfc9e31c00_0;
    %inv;
    %store/vec4 v000002bfc9e31c00_0, 0, 1;
    %jmp T_1;
    .thread T_1;
    .scope S_000002bfc9db2800;
T_2 ;
    %vpi_call 2 12 "$dumpfile", "dump.vcd" {0 0 0};
    %vpi_call 2 13 "$dumpvars", 32'sb00000000000000000000000000000000, S_000002bfc9db2800 {0 0 0};
    %pushi/vec4 0, 0, 1;
    %store/vec4 v000002bfc9e31c00_0, 0, 1;
    %pushi/vec4 0, 0, 8;
    %store/vec4 v000002bfc9e31ca0_0, 0, 8;
    %pushi/vec4 0, 0, 4;
    %store/vec4 v000002bfc9e31b60_0, 0, 4;
    %pushi/vec4 0, 0, 1;
    %store/vec4 v000002bfc9de3060_0, 0, 1;
    %delay 10, 0;
    %pushi/vec4 1, 0, 1;
    %store/vec4 v000002bfc9de3060_0, 0, 1;
    %pushi/vec4 4, 0, 4;
    %store/vec4 v000002bfc9e31b60_0, 0, 4;
    %pushi/vec4 170, 0, 8;
    %store/vec4 v000002bfc9e31ca0_0, 0, 8;
    %delay 10, 0;
    %pushi/vec4 3, 0, 4;
    %store/vec4 v000002bfc9e31b60_0, 0, 4;
    %pushi/vec4 187, 0, 8;
    %store/vec4 v000002bfc9e31ca0_0, 0, 8;
    %delay 10, 0;
    %pushi/vec4 2, 0, 4;
    %store/vec4 v000002bfc9e31b60_0, 0, 4;
    %pushi/vec4 204, 0, 8;
    %store/vec4 v000002bfc9e31ca0_0, 0, 8;
    %delay 10, 0;
    %pushi/vec4 0, 0, 1;
    %store/vec4 v000002bfc9de3060_0, 0, 1;
    %pushi/vec4 2, 0, 4;
    %store/vec4 v000002bfc9e31b60_0, 0, 4;
    %delay 10, 0;
    %pushi/vec4 3, 0, 4;
    %store/vec4 v000002bfc9e31b60_0, 0, 4;
    %delay 10, 0;
    %pushi/vec4 4, 0, 4;
    %store/vec4 v000002bfc9e31b60_0, 0, 4;
    %delay 10, 0;
    %vpi_call 2 25 "$finish" {0 0 0};
    %end;
    .thread T_2;
# The file index is used to find the file name in the following table.
:file_names 4;
    "N/A";
    "<interactive>";
    "tb_clk.v";
    "./clk.v";
