#! /c/Source/iverilog-install/bin/vvp
:ivl_version "12.0 (devel)" "(s20150603-1110-g18392a46)";
:ivl_delay_selection "TYPICAL";
:vpi_time_precision + 0;
:vpi_module "C:\iverilog\lib\ivl\system.vpi";
:vpi_module "C:\iverilog\lib\ivl\vhdl_sys.vpi";
:vpi_module "C:\iverilog\lib\ivl\vhdl_textio.vpi";
:vpi_module "C:\iverilog\lib\ivl\v2005_math.vpi";
:vpi_module "C:\iverilog\lib\ivl\va_math.vpi";
S_0000021f9c714820 .scope module, "tb_4bit_adder" "tb_4bit_adder" 2 2;
 .timescale 0 0;
v0000021f9c77e8d0_0 .var "A", 3 0;
v0000021f9c77e970_0 .var "B", 3 0;
v0000021f9c77ea10_0 .var "cin", 0 0;
v0000021f9c77f370_0 .net "cout", 0 0, L_0000021f9c781cf0;  1 drivers
v0000021f9c77f190_0 .var/i "i", 31 0;
v0000021f9c77eab0_0 .var/i "j", 31 0;
v0000021f9c77ebf0_0 .net "sum", 3 0, L_0000021f9c77f5f0;  1 drivers
S_0000021f9c7149b0 .scope module, "uut" "ripple_carry_4bit" 2 12, 3 1 0, S_0000021f9c714820;
 .timescale 0 0;
    .port_info 0 /INPUT 4 "A";
    .port_info 1 /INPUT 4 "B";
    .port_info 2 /INPUT 1 "cin";
    .port_info 3 /OUTPUT 4 "sum";
    .port_info 4 /OUTPUT 1 "cout";
v0000021f9c77e5b0_0 .net "A", 3 0, v0000021f9c77e8d0_0;  1 drivers
v0000021f9c77e3d0_0 .net "B", 3 0, v0000021f9c77e970_0;  1 drivers
v0000021f9c77dd90_0 .net "carry1", 0 0, L_0000021f9c782850;  1 drivers
v0000021f9c77edd0_0 .net "carry2", 0 0, L_0000021f9c782000;  1 drivers
v0000021f9c77e830_0 .net "carry3", 0 0, L_0000021f9c781eb0;  1 drivers
v0000021f9c77e470_0 .net "cin", 0 0, v0000021f9c77ea10_0;  1 drivers
v0000021f9c77e650_0 .net "cout", 0 0, L_0000021f9c781cf0;  alias, 1 drivers
v0000021f9c77f2d0_0 .net "sum", 3 0, L_0000021f9c77f5f0;  alias, 1 drivers
L_0000021f9c77ec90 .part v0000021f9c77e8d0_0, 0, 1;
L_0000021f9c77ed30 .part v0000021f9c77e970_0, 0, 1;
L_0000021f9c77ee70 .part v0000021f9c77e8d0_0, 1, 1;
L_0000021f9c77efb0 .part v0000021f9c77e970_0, 1, 1;
L_0000021f9c77f230 .part v0000021f9c77e8d0_0, 2, 1;
L_0000021f9c77f410 .part v0000021f9c77e970_0, 2, 1;
L_0000021f9c77f4b0 .part v0000021f9c77e8d0_0, 3, 1;
L_0000021f9c77dbb0 .part v0000021f9c77e970_0, 3, 1;
L_0000021f9c77f5f0 .concat8 [ 1 1 1 1], L_0000021f9c782770, L_0000021f9c7827e0, L_0000021f9c781f90, L_0000021f9c782070;
S_0000021f9c714b40 .scope module, "FA0" "full_adder" 3 12, 4 1 0, S_0000021f9c7149b0;
 .timescale 0 0;
    .port_info 0 /INPUT 1 "a";
    .port_info 1 /INPUT 1 "b";
    .port_info 2 /INPUT 1 "cin";
    .port_info 3 /OUTPUT 1 "sum";
    .port_info 4 /OUTPUT 1 "cout";
v0000021f9c77c4b0_0 .net "a", 0 0, L_0000021f9c77ec90;  1 drivers
v0000021f9c77c5f0_0 .net "b", 0 0, L_0000021f9c77ed30;  1 drivers
v0000021f9c77c550_0 .net "carry1", 0 0, L_0000021f9c781c80;  1 drivers
v0000021f9c77c190_0 .net "carry2", 0 0, L_0000021f9c782540;  1 drivers
v0000021f9c77bdd0_0 .net "cin", 0 0, v0000021f9c77ea10_0;  alias, 1 drivers
v0000021f9c77b970_0 .net "cout", 0 0, L_0000021f9c781eb0;  alias, 1 drivers
v0000021f9c77be70_0 .net "sum", 0 0, L_0000021f9c782770;  1 drivers
v0000021f9c77b150_0 .net "sum1", 0 0, L_0000021f9c782310;  1 drivers
S_0000021f9c716fd0 .scope module, "HA1" "half_adder" 4 15, 5 1 0, S_0000021f9c714b40;
 .timescale 0 0;
    .port_info 0 /INPUT 1 "a";
    .port_info 1 /INPUT 1 "b";
    .port_info 2 /OUTPUT 1 "carry";
    .port_info 3 /OUTPUT 1 "sum";
L_0000021f9c782310 .functor XOR 1, L_0000021f9c77ec90, L_0000021f9c77ed30, C4<0>, C4<0>;
L_0000021f9c781c80 .functor AND 1, L_0000021f9c77ec90, L_0000021f9c77ed30, C4<1>, C4<1>;
v0000021f9c721b30_0 .net "a", 0 0, L_0000021f9c77ec90;  alias, 1 drivers
v0000021f9c722030_0 .net "b", 0 0, L_0000021f9c77ed30;  alias, 1 drivers
v0000021f9c722530_0 .net "carry", 0 0, L_0000021f9c781c80;  alias, 1 drivers
v0000021f9c722170_0 .net "sum", 0 0, L_0000021f9c782310;  alias, 1 drivers
S_0000021f9c717160 .scope module, "HA2" "half_adder" 4 23, 5 1 0, S_0000021f9c714b40;
 .timescale 0 0;
    .port_info 0 /INPUT 1 "a";
    .port_info 1 /INPUT 1 "b";
    .port_info 2 /OUTPUT 1 "carry";
    .port_info 3 /OUTPUT 1 "sum";
L_0000021f9c782770 .functor XOR 1, L_0000021f9c782310, v0000021f9c77ea10_0, C4<0>, C4<0>;
L_0000021f9c782540 .functor AND 1, L_0000021f9c782310, v0000021f9c77ea10_0, C4<1>, C4<1>;
v0000021f9c722210_0 .net "a", 0 0, L_0000021f9c782310;  alias, 1 drivers
v0000021f9c722350_0 .net "b", 0 0, v0000021f9c77ea10_0;  alias, 1 drivers
v0000021f9c7223f0_0 .net "carry", 0 0, L_0000021f9c782540;  alias, 1 drivers
v0000021f9c722490_0 .net "sum", 0 0, L_0000021f9c782770;  alias, 1 drivers
S_0000021f9c7172f0 .scope module, "OR1" "or_gate" 4 31, 6 2 0, S_0000021f9c714b40;
 .timescale 0 0;
    .port_info 0 /INPUT 1 "a";
    .port_info 1 /INPUT 1 "b";
    .port_info 2 /OUTPUT 1 "y";
L_0000021f9c781eb0 .functor OR 1, L_0000021f9c781c80, L_0000021f9c782540, C4<0>, C4<0>;
v0000021f9c7225d0_0 .net "a", 0 0, L_0000021f9c781c80;  alias, 1 drivers
v0000021f9c722670_0 .net "b", 0 0, L_0000021f9c782540;  alias, 1 drivers
v0000021f9c77b8d0_0 .net "y", 0 0, L_0000021f9c781eb0;  alias, 1 drivers
S_0000021f9c72db60 .scope module, "FA1" "full_adder" 3 13, 4 1 0, S_0000021f9c7149b0;
 .timescale 0 0;
    .port_info 0 /INPUT 1 "a";
    .port_info 1 /INPUT 1 "b";
    .port_info 2 /INPUT 1 "cin";
    .port_info 3 /OUTPUT 1 "sum";
    .port_info 4 /OUTPUT 1 "cout";
v0000021f9c77c7d0_0 .net "a", 0 0, L_0000021f9c77ee70;  1 drivers
v0000021f9c77b510_0 .net "b", 0 0, L_0000021f9c77efb0;  1 drivers
v0000021f9c77cd70_0 .net "carry1", 0 0, L_0000021f9c782930;  1 drivers
v0000021f9c77c870_0 .net "carry2", 0 0, L_0000021f9c782690;  1 drivers
v0000021f9c77b650_0 .net "cin", 0 0, L_0000021f9c781eb0;  alias, 1 drivers
v0000021f9c77ba10_0 .net "cout", 0 0, L_0000021f9c782850;  alias, 1 drivers
v0000021f9c77b790_0 .net "sum", 0 0, L_0000021f9c7827e0;  1 drivers
v0000021f9c77bfb0_0 .net "sum1", 0 0, L_0000021f9c7828c0;  1 drivers
S_0000021f9c72dcf0 .scope module, "HA1" "half_adder" 4 15, 5 1 0, S_0000021f9c72db60;
 .timescale 0 0;
    .port_info 0 /INPUT 1 "a";
    .port_info 1 /INPUT 1 "b";
    .port_info 2 /OUTPUT 1 "carry";
    .port_info 3 /OUTPUT 1 "sum";
L_0000021f9c7828c0 .functor XOR 1, L_0000021f9c77ee70, L_0000021f9c77efb0, C4<0>, C4<0>;
L_0000021f9c782930 .functor AND 1, L_0000021f9c77ee70, L_0000021f9c77efb0, C4<1>, C4<1>;
v0000021f9c77cf50_0 .net "a", 0 0, L_0000021f9c77ee70;  alias, 1 drivers
v0000021f9c77c690_0 .net "b", 0 0, L_0000021f9c77efb0;  alias, 1 drivers
v0000021f9c77b3d0_0 .net "carry", 0 0, L_0000021f9c782930;  alias, 1 drivers
v0000021f9c77c230_0 .net "sum", 0 0, L_0000021f9c7828c0;  alias, 1 drivers
S_0000021f9c72de80 .scope module, "HA2" "half_adder" 4 23, 5 1 0, S_0000021f9c72db60;
 .timescale 0 0;
    .port_info 0 /INPUT 1 "a";
    .port_info 1 /INPUT 1 "b";
    .port_info 2 /OUTPUT 1 "carry";
    .port_info 3 /OUTPUT 1 "sum";
L_0000021f9c7827e0 .functor XOR 1, L_0000021f9c7828c0, L_0000021f9c781eb0, C4<0>, C4<0>;
L_0000021f9c782690 .functor AND 1, L_0000021f9c7828c0, L_0000021f9c781eb0, C4<1>, C4<1>;
v0000021f9c77c370_0 .net "a", 0 0, L_0000021f9c7828c0;  alias, 1 drivers
v0000021f9c77c730_0 .net "b", 0 0, L_0000021f9c781eb0;  alias, 1 drivers
v0000021f9c77b1f0_0 .net "carry", 0 0, L_0000021f9c782690;  alias, 1 drivers
v0000021f9c77b0b0_0 .net "sum", 0 0, L_0000021f9c7827e0;  alias, 1 drivers
S_0000021f9c72e010 .scope module, "OR1" "or_gate" 4 31, 6 2 0, S_0000021f9c72db60;
 .timescale 0 0;
    .port_info 0 /INPUT 1 "a";
    .port_info 1 /INPUT 1 "b";
    .port_info 2 /OUTPUT 1 "y";
L_0000021f9c782850 .functor OR 1, L_0000021f9c782930, L_0000021f9c782690, C4<0>, C4<0>;
v0000021f9c77c410_0 .net "a", 0 0, L_0000021f9c782930;  alias, 1 drivers
v0000021f9c77b290_0 .net "b", 0 0, L_0000021f9c782690;  alias, 1 drivers
v0000021f9c77b330_0 .net "y", 0 0, L_0000021f9c782850;  alias, 1 drivers
S_0000021f9c72e1a0 .scope module, "FA2" "full_adder" 3 14, 4 1 0, S_0000021f9c7149b0;
 .timescale 0 0;
    .port_info 0 /INPUT 1 "a";
    .port_info 1 /INPUT 1 "b";
    .port_info 2 /INPUT 1 "cin";
    .port_info 3 /OUTPUT 1 "sum";
    .port_info 4 /OUTPUT 1 "cout";
v0000021f9c77caf0_0 .net "a", 0 0, L_0000021f9c77f230;  1 drivers
v0000021f9c77cb90_0 .net "b", 0 0, L_0000021f9c77f410;  1 drivers
v0000021f9c77bb50_0 .net "carry1", 0 0, L_0000021f9c781c10;  1 drivers
v0000021f9c77bbf0_0 .net "carry2", 0 0, L_0000021f9c781ac0;  1 drivers
v0000021f9c77cc30_0 .net "cin", 0 0, L_0000021f9c782000;  alias, 1 drivers
v0000021f9c77bc90_0 .net "cout", 0 0, L_0000021f9c782000;  alias, 1 drivers
v0000021f9c77ce10_0 .net "sum", 0 0, L_0000021f9c781f90;  1 drivers
v0000021f9c77ceb0_0 .net "sum1", 0 0, L_0000021f9c7825b0;  1 drivers
S_0000021f9c77d070 .scope module, "HA1" "half_adder" 4 15, 5 1 0, S_0000021f9c72e1a0;
 .timescale 0 0;
    .port_info 0 /INPUT 1 "a";
    .port_info 1 /INPUT 1 "b";
    .port_info 2 /OUTPUT 1 "carry";
    .port_info 3 /OUTPUT 1 "sum";
L_0000021f9c7825b0 .functor XOR 1, L_0000021f9c77f230, L_0000021f9c77f410, C4<0>, C4<0>;
L_0000021f9c781c10 .functor AND 1, L_0000021f9c77f230, L_0000021f9c77f410, C4<1>, C4<1>;
v0000021f9c77ccd0_0 .net "a", 0 0, L_0000021f9c77f230;  alias, 1 drivers
v0000021f9c77bf10_0 .net "b", 0 0, L_0000021f9c77f410;  alias, 1 drivers
v0000021f9c77c910_0 .net "carry", 0 0, L_0000021f9c781c10;  alias, 1 drivers
v0000021f9c77b5b0_0 .net "sum", 0 0, L_0000021f9c7825b0;  alias, 1 drivers
S_0000021f9c77d200 .scope module, "HA2" "half_adder" 4 23, 5 1 0, S_0000021f9c72e1a0;
 .timescale 0 0;
    .port_info 0 /INPUT 1 "a";
    .port_info 1 /INPUT 1 "b";
    .port_info 2 /OUTPUT 1 "carry";
    .port_info 3 /OUTPUT 1 "sum";
L_0000021f9c781f90 .functor XOR 1, L_0000021f9c7825b0, L_0000021f9c782000, C4<0>, C4<0>;
L_0000021f9c781ac0 .functor AND 1, L_0000021f9c7825b0, L_0000021f9c782000, C4<1>, C4<1>;
v0000021f9c77c050_0 .net "a", 0 0, L_0000021f9c7825b0;  alias, 1 drivers
v0000021f9c77c2d0_0 .net "b", 0 0, L_0000021f9c782000;  alias, 1 drivers
v0000021f9c77c9b0_0 .net "carry", 0 0, L_0000021f9c781ac0;  alias, 1 drivers
v0000021f9c77bd30_0 .net "sum", 0 0, L_0000021f9c781f90;  alias, 1 drivers
S_0000021f9c77d390 .scope module, "OR1" "or_gate" 4 31, 6 2 0, S_0000021f9c72e1a0;
 .timescale 0 0;
    .port_info 0 /INPUT 1 "a";
    .port_info 1 /INPUT 1 "b";
    .port_info 2 /OUTPUT 1 "y";
L_0000021f9c782000 .functor OR 1, L_0000021f9c781c10, L_0000021f9c781ac0, C4<0>, C4<0>;
v0000021f9c77c0f0_0 .net "a", 0 0, L_0000021f9c781c10;  alias, 1 drivers
v0000021f9c77bab0_0 .net "b", 0 0, L_0000021f9c781ac0;  alias, 1 drivers
v0000021f9c77ca50_0 .net "y", 0 0, L_0000021f9c782000;  alias, 1 drivers
S_0000021f9c77d520 .scope module, "FA3" "full_adder" 3 15, 4 1 0, S_0000021f9c7149b0;
 .timescale 0 0;
    .port_info 0 /INPUT 1 "a";
    .port_info 1 /INPUT 1 "b";
    .port_info 2 /INPUT 1 "cin";
    .port_info 3 /OUTPUT 1 "sum";
    .port_info 4 /OUTPUT 1 "cout";
v0000021f9c77f0f0_0 .net "a", 0 0, L_0000021f9c77f4b0;  1 drivers
v0000021f9c77ef10_0 .net "b", 0 0, L_0000021f9c77dbb0;  1 drivers
v0000021f9c77e790_0 .net "carry1", 0 0, L_0000021f9c781a50;  1 drivers
v0000021f9c77e1f0_0 .net "carry2", 0 0, L_0000021f9c782700;  1 drivers
v0000021f9c77eb50_0 .net "cin", 0 0, L_0000021f9c782850;  alias, 1 drivers
v0000021f9c77f050_0 .net "cout", 0 0, L_0000021f9c781cf0;  alias, 1 drivers
v0000021f9c77e150_0 .net "sum", 0 0, L_0000021f9c782070;  1 drivers
v0000021f9c77f550_0 .net "sum1", 0 0, L_0000021f9c7820e0;  1 drivers
S_0000021f9c77d6b0 .scope module, "HA1" "half_adder" 4 15, 5 1 0, S_0000021f9c77d520;
 .timescale 0 0;
    .port_info 0 /INPUT 1 "a";
    .port_info 1 /INPUT 1 "b";
    .port_info 2 /OUTPUT 1 "carry";
    .port_info 3 /OUTPUT 1 "sum";
L_0000021f9c7820e0 .functor XOR 1, L_0000021f9c77f4b0, L_0000021f9c77dbb0, C4<0>, C4<0>;
L_0000021f9c781a50 .functor AND 1, L_0000021f9c77f4b0, L_0000021f9c77dbb0, C4<1>, C4<1>;
v0000021f9c77b470_0 .net "a", 0 0, L_0000021f9c77f4b0;  alias, 1 drivers
v0000021f9c77b6f0_0 .net "b", 0 0, L_0000021f9c77dbb0;  alias, 1 drivers
v0000021f9c77b830_0 .net "carry", 0 0, L_0000021f9c781a50;  alias, 1 drivers
v0000021f9c77e6f0_0 .net "sum", 0 0, L_0000021f9c7820e0;  alias, 1 drivers
S_0000021f9c77f850 .scope module, "HA2" "half_adder" 4 23, 5 1 0, S_0000021f9c77d520;
 .timescale 0 0;
    .port_info 0 /INPUT 1 "a";
    .port_info 1 /INPUT 1 "b";
    .port_info 2 /OUTPUT 1 "carry";
    .port_info 3 /OUTPUT 1 "sum";
L_0000021f9c782070 .functor XOR 1, L_0000021f9c7820e0, L_0000021f9c782850, C4<0>, C4<0>;
L_0000021f9c782700 .functor AND 1, L_0000021f9c7820e0, L_0000021f9c782850, C4<1>, C4<1>;
v0000021f9c77d930_0 .net "a", 0 0, L_0000021f9c7820e0;  alias, 1 drivers
v0000021f9c77e290_0 .net "b", 0 0, L_0000021f9c782850;  alias, 1 drivers
v0000021f9c77ded0_0 .net "carry", 0 0, L_0000021f9c782700;  alias, 1 drivers
v0000021f9c77e510_0 .net "sum", 0 0, L_0000021f9c782070;  alias, 1 drivers
S_0000021f9c780520 .scope module, "OR1" "or_gate" 4 31, 6 2 0, S_0000021f9c77d520;
 .timescale 0 0;
    .port_info 0 /INPUT 1 "a";
    .port_info 1 /INPUT 1 "b";
    .port_info 2 /OUTPUT 1 "y";
L_0000021f9c781cf0 .functor OR 1, L_0000021f9c781a50, L_0000021f9c782700, C4<0>, C4<0>;
v0000021f9c77e330_0 .net "a", 0 0, L_0000021f9c781a50;  alias, 1 drivers
v0000021f9c77d9d0_0 .net "b", 0 0, L_0000021f9c782700;  alias, 1 drivers
v0000021f9c77da70_0 .net "y", 0 0, L_0000021f9c781cf0;  alias, 1 drivers
    .scope S_0000021f9c714820;
T_0 ;
    %vpi_call 2 23 "$dumpfile", "dump.vcd" {0 0 0};
    %vpi_call 2 24 "$dumpvars", 32'sb00000000000000000000000000000000, S_0000021f9c714820 {0 0 0};
    %pushi/vec4 0, 0, 1;
    %store/vec4 v0000021f9c77ea10_0, 0, 1;
    %pushi/vec4 0, 0, 32;
    %store/vec4 v0000021f9c77f190_0, 0, 32;
T_0.0 ;
    %load/vec4 v0000021f9c77f190_0;
    %cmpi/s 16, 0, 32;
    %jmp/0xz T_0.1, 5;
    %load/vec4 v0000021f9c77f190_0;
    %pad/s 4;
    %store/vec4 v0000021f9c77e8d0_0, 0, 4;
    %pushi/vec4 0, 0, 32;
    %store/vec4 v0000021f9c77eab0_0, 0, 32;
T_0.2 ;
    %load/vec4 v0000021f9c77eab0_0;
    %cmpi/s 16, 0, 32;
    %jmp/0xz T_0.3, 5;
    %load/vec4 v0000021f9c77eab0_0;
    %pad/s 4;
    %store/vec4 v0000021f9c77e970_0, 0, 4;
    %delay 10, 0;
    %load/vec4 v0000021f9c77eab0_0;
    %addi 1, 0, 32;
    %store/vec4 v0000021f9c77eab0_0, 0, 32;
    %jmp T_0.2;
T_0.3 ;
    %load/vec4 v0000021f9c77f190_0;
    %addi 1, 0, 32;
    %store/vec4 v0000021f9c77f190_0, 0, 32;
    %jmp T_0.0;
T_0.1 ;
    %vpi_call 2 37 "$finish" {0 0 0};
    %end;
    .thread T_0;
# The file index is used to find the file name in the following table.
:file_names 7;
    "N/A";
    "<interactive>";
    "tb_4bit_adder.v";
    "../full_adder/ripple_carry_4bit.v";
    "../full_adder/full_adder.v";
    "../full_adder/half_adder.v";
    "../full_adder/or_gate.v";
