#! /c/Source/iverilog-install/bin/vvp
:ivl_version "12.0 (devel)" "(s20150603-1110-g18392a46)";
:ivl_delay_selection "TYPICAL";
:vpi_time_precision - 12;
:vpi_module "C:\iverilog\lib\ivl\system.vpi";
:vpi_module "C:\iverilog\lib\ivl\vhdl_sys.vpi";
:vpi_module "C:\iverilog\lib\ivl\vhdl_textio.vpi";
:vpi_module "C:\iverilog\lib\ivl\v2005_math.vpi";
:vpi_module "C:\iverilog\lib\ivl\va_math.vpi";
S_000001b5cc785180 .scope module, "tb_or_gate" "tb_or_gate" 2 2;
 .timescale -9 -12;
v000001b5cc6cbe00_0 .var "a", 0 0;
v000001b5cc7854a0_0 .var "b", 0 0;
v000001b5cc785540_0 .net "y", 0 0, L_000001b5cc7855e0;  1 drivers
S_000001b5cc785310 .scope module, "uut" "or_gate" 2 5, 3 2 0, S_000001b5cc785180;
 .timescale -9 -12;
    .port_info 0 /INPUT 1 "a";
    .port_info 1 /INPUT 1 "b";
    .port_info 2 /OUTPUT 1 "y";
L_000001b5cc7855e0 .functor OR 1, v000001b5cc6cbe00_0, v000001b5cc7854a0_0, C4<0>, C4<0>;
v000001b5cc753010_0 .net "a", 0 0, v000001b5cc6cbe00_0;  1 drivers
v000001b5cc753230_0 .net "b", 0 0, v000001b5cc7854a0_0;  1 drivers
v000001b5cc752b40_0 .net "y", 0 0, L_000001b5cc7855e0;  alias, 1 drivers
    .scope S_000001b5cc785180;
T_0 ;
    %vpi_call 2 12 "$dumpfile", "dump.vcd" {0 0 0};
    %vpi_call 2 13 "$dumpvars", 32'sb00000000000000000000000000000000, S_000001b5cc785180 {0 0 0};
    %pushi/vec4 0, 0, 1;
    %store/vec4 v000001b5cc6cbe00_0, 0, 1;
    %pushi/vec4 0, 0, 1;
    %store/vec4 v000001b5cc7854a0_0, 0, 1;
    %delay 10000, 0;
    %pushi/vec4 0, 0, 1;
    %store/vec4 v000001b5cc6cbe00_0, 0, 1;
    %pushi/vec4 1, 0, 1;
    %store/vec4 v000001b5cc7854a0_0, 0, 1;
    %delay 10000, 0;
    %pushi/vec4 1, 0, 1;
    %store/vec4 v000001b5cc6cbe00_0, 0, 1;
    %pushi/vec4 0, 0, 1;
    %store/vec4 v000001b5cc7854a0_0, 0, 1;
    %delay 10000, 0;
    %pushi/vec4 1, 0, 1;
    %store/vec4 v000001b5cc6cbe00_0, 0, 1;
    %pushi/vec4 1, 0, 1;
    %store/vec4 v000001b5cc7854a0_0, 0, 1;
    %delay 10000, 0;
    %vpi_call 2 19 "$finish" {0 0 0};
    %end;
    .thread T_0;
# The file index is used to find the file name in the following table.
:file_names 4;
    "N/A";
    "<interactive>";
    "tb_or_gate.v";
    "or_gate.v";
