#! /c/Source/iverilog-install/bin/vvp
:ivl_version "12.0 (devel)" "(s20150603-1110-g18392a46)";
:ivl_delay_selection "TYPICAL";
:vpi_time_precision + 0;
:vpi_module "C:\iverilog\lib\ivl\system.vpi";
:vpi_module "C:\iverilog\lib\ivl\vhdl_sys.vpi";
:vpi_module "C:\iverilog\lib\ivl\vhdl_textio.vpi";
:vpi_module "C:\iverilog\lib\ivl\v2005_math.vpi";
:vpi_module "C:\iverilog\lib\ivl\va_math.vpi";
S_00000299f9ec2490 .scope module, "tb_bit4" "tb_bit4" 2 1;
 .timescale 0 0;
v00000299f9eabe70_0 .var "clk", 0 0;
v00000299f9eabf10_0 .var "load", 0 0;
v00000299f9ef40f0_0 .var "parallel_in", 3 0;
v00000299f9ef4190_0 .net "q", 3 0, v00000299f9eabd30_0;  1 drivers
v00000299f9ef4230_0 .var "rst", 0 0;
S_00000299f9ec2620 .scope module, "uut" "bit4" 2 7, 3 1 0, S_00000299f9ec2490;
 .timescale 0 0;
    .port_info 0 /INPUT 4 "parallel_in";
    .port_info 1 /INPUT 1 "load";
    .port_info 2 /INPUT 1 "rst";
    .port_info 3 /INPUT 1 "clk";
    .port_info 4 /OUTPUT 4 "q";
v00000299f9ec27b0_0 .net "clk", 0 0, v00000299f9eabe70_0;  1 drivers
v00000299f9eae850_0 .net "load", 0 0, v00000299f9eabf10_0;  1 drivers
v00000299f9ec2850_0 .net "parallel_in", 3 0, v00000299f9ef40f0_0;  1 drivers
v00000299f9eabd30_0 .var "q", 3 0;
v00000299f9eabdd0_0 .net "rst", 0 0, v00000299f9ef4230_0;  1 drivers
E_00000299f9ea9480 .event posedge, v00000299f9ec27b0_0;
    .scope S_00000299f9ec2620;
T_0 ;
    %wait E_00000299f9ea9480;
    %load/vec4 v00000299f9eabdd0_0;
    %cmpi/e 1, 0, 1;
    %jmp/0xz  T_0.0, 4;
    %pushi/vec4 0, 0, 4;
    %store/vec4 v00000299f9eabd30_0, 0, 4;
    %jmp T_0.1;
T_0.0 ;
    %load/vec4 v00000299f9eae850_0;
    %cmpi/e 0, 0, 1;
    %jmp/0xz  T_0.2, 4;
    %load/vec4 v00000299f9eabd30_0;
    %assign/vec4 v00000299f9eabd30_0, 0;
    %jmp T_0.3;
T_0.2 ;
    %load/vec4 v00000299f9ec2850_0;
    %assign/vec4 v00000299f9eabd30_0, 0;
T_0.3 ;
T_0.1 ;
    %jmp T_0;
    .thread T_0;
    .scope S_00000299f9ec2490;
T_1 ;
    %delay 5, 0;
    %load/vec4 v00000299f9eabe70_0;
    %inv;
    %store/vec4 v00000299f9eabe70_0, 0, 1;
    %jmp T_1;
    .thread T_1;
    .scope S_00000299f9ec2490;
T_2 ;
    %vpi_call 2 12 "$dumpfile", "dump.vcd" {0 0 0};
    %vpi_call 2 13 "$dumpvars", 32'sb00000000000000000000000000000000, S_00000299f9ec2490 {0 0 0};
    %pushi/vec4 0, 0, 1;
    %store/vec4 v00000299f9ef4230_0, 0, 1;
    %pushi/vec4 0, 0, 1;
    %store/vec4 v00000299f9eabe70_0, 0, 1;
    %pushi/vec4 0, 0, 4;
    %store/vec4 v00000299f9ef40f0_0, 0, 4;
    %delay 2, 0;
    %pushi/vec4 1, 0, 1;
    %store/vec4 v00000299f9ef4230_0, 0, 1;
    %delay 4, 0;
    %pushi/vec4 0, 0, 1;
    %store/vec4 v00000299f9ef4230_0, 0, 1;
    %delay 6, 0;
    %pushi/vec4 1, 0, 1;
    %store/vec4 v00000299f9eabf10_0, 0, 1;
    %pushi/vec4 5, 0, 4;
    %store/vec4 v00000299f9ef40f0_0, 0, 4;
    %delay 10, 0;
    %pushi/vec4 0, 0, 1;
    %store/vec4 v00000299f9eabf10_0, 0, 1;
    %pushi/vec4 2, 0, 4;
    %store/vec4 v00000299f9ef40f0_0, 0, 4;
    %delay 30, 0;
    %vpi_call 2 26 "$finish" {0 0 0};
    %end;
    .thread T_2;
# The file index is used to find the file name in the following table.
:file_names 4;
    "N/A";
    "<interactive>";
    "tb_bit4.v";
    "./bit4.v";
