#! /c/Source/iverilog-install/bin/vvp
:ivl_version "12.0 (devel)" "(s20150603-1110-g18392a46)";
:ivl_delay_selection "TYPICAL";
:vpi_time_precision + 0;
:vpi_module "C:\iverilog\lib\ivl\system.vpi";
:vpi_module "C:\iverilog\lib\ivl\vhdl_sys.vpi";
:vpi_module "C:\iverilog\lib\ivl\vhdl_textio.vpi";
:vpi_module "C:\iverilog\lib\ivl\v2005_math.vpi";
:vpi_module "C:\iverilog\lib\ivl\va_math.vpi";
S_00000196f1572490 .scope module, "tb_mux2tol" "tb_mux2tol" 2 1;
 .timescale 0 0;
v00000196f15a8760_0 .var "d0", 0 0;
v00000196f15a8800_0 .var "d1", 0 0;
v00000196f15a88a0_0 .var "sel", 0 0;
v00000196f15a8940_0 .net "y_behavioral", 0 0, v00000196f15a83a0_0;  1 drivers
v00000196f15a89e0_0 .net "y_dataflow", 0 0, L_00000196f15a8a80;  1 drivers
S_00000196f1572620 .scope module, "uut1" "mux2tol_dataflow" 2 8, 3 1 0, S_00000196f1572490;
 .timescale 0 0;
    .port_info 0 /INPUT 1 "d0";
    .port_info 1 /INPUT 1 "d1";
    .port_info 2 /INPUT 1 "sel";
    .port_info 3 /OUTPUT 1 "y";
v00000196f1669d80_0 .net "d0", 0 0, v00000196f15a8760_0;  1 drivers
v00000196f15727b0_0 .net "d1", 0 0, v00000196f15a8800_0;  1 drivers
v00000196f1572850_0 .net "sel", 0 0, v00000196f15a88a0_0;  1 drivers
v00000196f15a7f90_0 .net "y", 0 0, L_00000196f15a8a80;  alias, 1 drivers
L_00000196f15a8a80 .functor MUXZ 1, v00000196f15a8760_0, v00000196f15a8800_0, v00000196f15a88a0_0, C4<>;
S_00000196f15a8030 .scope module, "uut2" "mux2tol_behavioral" 2 12, 4 1 0, S_00000196f1572490;
 .timescale 0 0;
    .port_info 0 /INPUT 1 "d0";
    .port_info 1 /INPUT 1 "d1";
    .port_info 2 /INPUT 1 "sel";
    .port_info 3 /OUTPUT 1 "y";
v00000196f15a81c0_0 .net "d0", 0 0, v00000196f15a8760_0;  alias, 1 drivers
v00000196f15a8260_0 .net "d1", 0 0, v00000196f15a8800_0;  alias, 1 drivers
v00000196f15a8300_0 .net "sel", 0 0, v00000196f15a88a0_0;  alias, 1 drivers
v00000196f15a83a0_0 .var "y", 0 0;
E_00000196f15aade0 .event anyedge, v00000196f1572850_0, v00000196f1669d80_0, v00000196f15727b0_0;
    .scope S_00000196f15a8030;
T_0 ;
    %wait E_00000196f15aade0;
    %load/vec4 v00000196f15a8300_0;
    %dup/vec4;
    %pushi/vec4 0, 0, 1;
    %cmp/u;
    %jmp/1 T_0.0, 6;
    %dup/vec4;
    %pushi/vec4 1, 0, 1;
    %cmp/u;
    %jmp/1 T_0.1, 6;
    %load/vec4 v00000196f15a81c0_0;
    %store/vec4 v00000196f15a83a0_0, 0, 1;
    %jmp T_0.3;
T_0.0 ;
    %load/vec4 v00000196f15a81c0_0;
    %store/vec4 v00000196f15a83a0_0, 0, 1;
    %jmp T_0.3;
T_0.1 ;
    %load/vec4 v00000196f15a8260_0;
    %store/vec4 v00000196f15a83a0_0, 0, 1;
    %jmp T_0.3;
T_0.3 ;
    %pop/vec4 1;
    %jmp T_0;
    .thread T_0, $push;
    .scope S_00000196f1572490;
T_1 ;
    %vpi_call 2 16 "$dumpfile", "dump.vcd" {0 0 0};
    %vpi_call 2 17 "$dumpvars", 32'sb00000000000000000000000000000000, S_00000196f1572490 {0 0 0};
    %pushi/vec4 0, 0, 1;
    %store/vec4 v00000196f15a8760_0, 0, 1;
    %pushi/vec4 0, 0, 1;
    %store/vec4 v00000196f15a8800_0, 0, 1;
    %pushi/vec4 0, 0, 1;
    %store/vec4 v00000196f15a88a0_0, 0, 1;
    %delay 10, 0;
    %pushi/vec4 1, 0, 1;
    %store/vec4 v00000196f15a8760_0, 0, 1;
    %pushi/vec4 0, 0, 1;
    %store/vec4 v00000196f15a8800_0, 0, 1;
    %pushi/vec4 0, 0, 1;
    %store/vec4 v00000196f15a88a0_0, 0, 1;
    %delay 10, 0;
    %pushi/vec4 0, 0, 1;
    %store/vec4 v00000196f15a8760_0, 0, 1;
    %pushi/vec4 1, 0, 1;
    %store/vec4 v00000196f15a8800_0, 0, 1;
    %pushi/vec4 0, 0, 1;
    %store/vec4 v00000196f15a88a0_0, 0, 1;
    %delay 10, 0;
    %pushi/vec4 0, 0, 1;
    %store/vec4 v00000196f15a8760_0, 0, 1;
    %pushi/vec4 1, 0, 1;
    %store/vec4 v00000196f15a8800_0, 0, 1;
    %pushi/vec4 1, 0, 1;
    %store/vec4 v00000196f15a88a0_0, 0, 1;
    %delay 10, 0;
    %pushi/vec4 1, 0, 1;
    %store/vec4 v00000196f15a8760_0, 0, 1;
    %pushi/vec4 0, 0, 1;
    %store/vec4 v00000196f15a8800_0, 0, 1;
    %pushi/vec4 1, 0, 1;
    %store/vec4 v00000196f15a88a0_0, 0, 1;
    %delay 10, 0;
    %vpi_call 2 24 "$finish" {0 0 0};
    %end;
    .thread T_1;
# The file index is used to find the file name in the following table.
:file_names 5;
    "N/A";
    "<interactive>";
    "tb_mux2tol.v";
    "./mux2tol_dataflow.v";
    "./mux2tol_behavioral.v";
