#! /c/Source/iverilog-install/bin/vvp
:ivl_version "12.0 (devel)" "(s20150603-1110-g18392a46)";
:ivl_delay_selection "TYPICAL";
:vpi_time_precision + 0;
:vpi_module "C:\iverilog\lib\ivl\system.vpi";
:vpi_module "C:\iverilog\lib\ivl\vhdl_sys.vpi";
:vpi_module "C:\iverilog\lib\ivl\vhdl_textio.vpi";
:vpi_module "C:\iverilog\lib\ivl\v2005_math.vpi";
:vpi_module "C:\iverilog\lib\ivl\va_math.vpi";
S_0000025ea92ed750 .scope module, "tb_multi" "tb_multi" 2 1;
 .timescale 0 0;
v0000025ea93284e0_0 .var "clk", 0 0;
v0000025ea9328580_0 .net "inta", 3 0, v0000025ea9302c80_0;  1 drivers
v0000025ea9328620_0 .net "out", 6 0, v0000025ea9328440_0;  1 drivers
v0000025ea93286c0_0 .var "rst", 0 0;
S_0000025ea92ed8e0 .scope module, "uut1" "counter_nbit" 2 6, 3 1 0, S_0000025ea92ed750;
 .timescale 0 0;
    .port_info 0 /INPUT 1 "rst";
    .port_info 1 /INPUT 1 "clk";
    .port_info 2 /OUTPUT 4 "q";
v0000025ea92eda70_0 .net "clk", 0 0, v0000025ea93284e0_0;  1 drivers
v0000025ea9302c80_0 .var "q", 3 0;
v0000025ea92edb10_0 .net "rst", 0 0, v0000025ea93286c0_0;  1 drivers
E_0000025ea9326c50 .event posedge, v0000025ea92eda70_0;
S_0000025ea9328210 .scope module, "uut2" "hex_7_display" 2 9, 4 1 0, S_0000025ea92ed750;
 .timescale 0 0;
    .port_info 0 /INPUT 4 "a";
    .port_info 1 /OUTPUT 7 "out";
v0000025ea93283a0_0 .net "a", 3 0, v0000025ea9302c80_0;  alias, 1 drivers
v0000025ea9328440_0 .var "out", 6 0;
E_0000025ea9327410 .event anyedge, v0000025ea9302c80_0;
    .scope S_0000025ea92ed8e0;
T_0 ;
    %wait E_0000025ea9326c50;
    %load/vec4 v0000025ea92edb10_0;
    %pad/u 32;
    %cmpi/e 1, 0, 32;
    %jmp/0xz  T_0.0, 4;
    %pushi/vec4 0, 0, 4;
    %assign/vec4 v0000025ea9302c80_0, 0;
    %jmp T_0.1;
T_0.0 ;
    %load/vec4 v0000025ea9302c80_0;
    %cmpi/e 9, 0, 4;
    %jmp/0xz  T_0.2, 4;
    %pushi/vec4 0, 0, 4;
    %assign/vec4 v0000025ea9302c80_0, 0;
    %jmp T_0.3;
T_0.2 ;
    %load/vec4 v0000025ea9302c80_0;
    %addi 1, 0, 4;
    %assign/vec4 v0000025ea9302c80_0, 0;
T_0.3 ;
T_0.1 ;
    %jmp T_0;
    .thread T_0;
    .scope S_0000025ea9328210;
T_1 ;
    %wait E_0000025ea9327410;
    %load/vec4 v0000025ea93283a0_0;
    %dup/vec4;
    %pushi/vec4 0, 0, 4;
    %cmp/u;
    %jmp/1 T_1.0, 6;
    %dup/vec4;
    %pushi/vec4 1, 0, 4;
    %cmp/u;
    %jmp/1 T_1.1, 6;
    %dup/vec4;
    %pushi/vec4 2, 0, 4;
    %cmp/u;
    %jmp/1 T_1.2, 6;
    %dup/vec4;
    %pushi/vec4 3, 0, 4;
    %cmp/u;
    %jmp/1 T_1.3, 6;
    %dup/vec4;
    %pushi/vec4 4, 0, 4;
    %cmp/u;
    %jmp/1 T_1.4, 6;
    %dup/vec4;
    %pushi/vec4 5, 0, 4;
    %cmp/u;
    %jmp/1 T_1.5, 6;
    %dup/vec4;
    %pushi/vec4 6, 0, 4;
    %cmp/u;
    %jmp/1 T_1.6, 6;
    %dup/vec4;
    %pushi/vec4 7, 0, 4;
    %cmp/u;
    %jmp/1 T_1.7, 6;
    %dup/vec4;
    %pushi/vec4 8, 0, 4;
    %cmp/u;
    %jmp/1 T_1.8, 6;
    %dup/vec4;
    %pushi/vec4 9, 0, 4;
    %cmp/u;
    %jmp/1 T_1.9, 6;
    %dup/vec4;
    %pushi/vec4 10, 0, 4;
    %cmp/u;
    %jmp/1 T_1.10, 6;
    %dup/vec4;
    %pushi/vec4 11, 0, 4;
    %cmp/u;
    %jmp/1 T_1.11, 6;
    %dup/vec4;
    %pushi/vec4 12, 0, 4;
    %cmp/u;
    %jmp/1 T_1.12, 6;
    %dup/vec4;
    %pushi/vec4 13, 0, 4;
    %cmp/u;
    %jmp/1 T_1.13, 6;
    %dup/vec4;
    %pushi/vec4 14, 0, 4;
    %cmp/u;
    %jmp/1 T_1.14, 6;
    %dup/vec4;
    %pushi/vec4 15, 0, 4;
    %cmp/u;
    %jmp/1 T_1.15, 6;
    %pushi/vec4 0, 0, 7;
    %store/vec4 v0000025ea9328440_0, 0, 7;
    %jmp T_1.17;
T_1.0 ;
    %pushi/vec4 63, 0, 7;
    %store/vec4 v0000025ea9328440_0, 0, 7;
    %jmp T_1.17;
T_1.1 ;
    %pushi/vec4 6, 0, 7;
    %store/vec4 v0000025ea9328440_0, 0, 7;
    %jmp T_1.17;
T_1.2 ;
    %pushi/vec4 91, 0, 7;
    %store/vec4 v0000025ea9328440_0, 0, 7;
    %jmp T_1.17;
T_1.3 ;
    %pushi/vec4 79, 0, 7;
    %store/vec4 v0000025ea9328440_0, 0, 7;
    %jmp T_1.17;
T_1.4 ;
    %pushi/vec4 102, 0, 7;
    %store/vec4 v0000025ea9328440_0, 0, 7;
    %jmp T_1.17;
T_1.5 ;
    %pushi/vec4 109, 0, 7;
    %store/vec4 v0000025ea9328440_0, 0, 7;
    %jmp T_1.17;
T_1.6 ;
    %pushi/vec4 125, 0, 7;
    %store/vec4 v0000025ea9328440_0, 0, 7;
    %jmp T_1.17;
T_1.7 ;
    %pushi/vec4 7, 0, 7;
    %store/vec4 v0000025ea9328440_0, 0, 7;
    %jmp T_1.17;
T_1.8 ;
    %pushi/vec4 127, 0, 7;
    %store/vec4 v0000025ea9328440_0, 0, 7;
    %jmp T_1.17;
T_1.9 ;
    %pushi/vec4 111, 0, 7;
    %store/vec4 v0000025ea9328440_0, 0, 7;
    %jmp T_1.17;
T_1.10 ;
    %pushi/vec4 119, 0, 7;
    %store/vec4 v0000025ea9328440_0, 0, 7;
    %jmp T_1.17;
T_1.11 ;
    %pushi/vec4 124, 0, 7;
    %store/vec4 v0000025ea9328440_0, 0, 7;
    %jmp T_1.17;
T_1.12 ;
    %pushi/vec4 57, 0, 7;
    %store/vec4 v0000025ea9328440_0, 0, 7;
    %jmp T_1.17;
T_1.13 ;
    %pushi/vec4 94, 0, 7;
    %store/vec4 v0000025ea9328440_0, 0, 7;
    %jmp T_1.17;
T_1.14 ;
    %pushi/vec4 121, 0, 7;
    %store/vec4 v0000025ea9328440_0, 0, 7;
    %jmp T_1.17;
T_1.15 ;
    %pushi/vec4 113, 0, 7;
    %store/vec4 v0000025ea9328440_0, 0, 7;
    %jmp T_1.17;
T_1.17 ;
    %pop/vec4 1;
    %jmp T_1;
    .thread T_1, $push;
    .scope S_0000025ea92ed750;
T_2 ;
    %delay 5, 0;
    %load/vec4 v0000025ea93284e0_0;
    %inv;
    %store/vec4 v0000025ea93284e0_0, 0, 1;
    %jmp T_2;
    .thread T_2;
    .scope S_0000025ea92ed750;
T_3 ;
    %vpi_call 2 15 "$dumpfile", "dump.vcd" {0 0 0};
    %vpi_call 2 16 "$dumpvars", 32'sb00000000000000000000000000000000, S_0000025ea92ed750 {0 0 0};
    %pushi/vec4 0, 0, 1;
    %store/vec4 v0000025ea93284e0_0, 0, 1;
    %pushi/vec4 0, 0, 1;
    %store/vec4 v0000025ea93286c0_0, 0, 1;
    %delay 200, 0;
    %pushi/vec4 1, 0, 1;
    %store/vec4 v0000025ea93286c0_0, 0, 1;
    %delay 20, 0;
    %pushi/vec4 0, 0, 1;
    %store/vec4 v0000025ea93286c0_0, 0, 1;
    %delay 300, 0;
    %vpi_call 2 29 "$finish" {0 0 0};
    %end;
    .thread T_3;
# The file index is used to find the file name in the following table.
:file_names 5;
    "N/A";
    "<interactive>";
    "tb_multi.v";
    "./counter_nbit.v";
    "./hex_7_display.v";
