#! /c/Source/iverilog-install/bin/vvp
:ivl_version "12.0 (devel)" "(s20150603-1110-g18392a46)";
:ivl_delay_selection "TYPICAL";
:vpi_time_precision + 0;
:vpi_module "C:\iverilog\lib\ivl\system.vpi";
:vpi_module "C:\iverilog\lib\ivl\vhdl_sys.vpi";
:vpi_module "C:\iverilog\lib\ivl\vhdl_textio.vpi";
:vpi_module "C:\iverilog\lib\ivl\v2005_math.vpi";
:vpi_module "C:\iverilog\lib\ivl\va_math.vpi";
S_000001dd871785b0 .scope module, "tb_fifo1" "tb_fifo1" 2 1;
 .timescale 0 0;
v000001dd871cf910_0 .var "clk", 0 0;
v000001dd871cf050_0 .var "data_in", 1 0;
v000001dd871ce6f0_0 .net "data_out", 1 0, L_000001dd871cfc30;  1 drivers
v000001dd871cfd70_0 .var "rd_en", 0 0;
v000001dd871cf9b0_0 .var "rst", 0 0;
v000001dd871cf4b0_0 .var "wi_en", 0 0;
S_000001dd87178740 .scope module, "uut" "fifo" 2 8, 3 1 0, S_000001dd871785b0;
 .timescale 0 0;
    .port_info 0 /INPUT 2 "data_in";
    .port_info 1 /OUTPUT 2 "data_out";
    .port_info 2 /INPUT 1 "clk";
    .port_info 3 /INPUT 1 "rst";
    .port_info 4 /INPUT 1 "wi_en";
    .port_info 5 /INPUT 1 "rd_en";
L_000001dd871695c0 .functor OR 1, L_000001dd871cee70, v000001dd871cfd70_0, C4<0>, C4<0>;
L_000001dd87168a60 .functor AND 1, v000001dd871cf4b0_0, L_000001dd871695c0, C4<1>, C4<1>;
L_000001dd87168d70 .functor OR 1, L_000001dd871ce290, v000001dd871cf4b0_0, C4<0>, C4<0>;
L_000001dd87168ad0 .functor AND 1, v000001dd871cfd70_0, L_000001dd87168d70, C4<1>, C4<1>;
L_000001dd871696a0 .functor AND 1, L_000001dd871cfaf0, v000001dd871cf4b0_0, C4<1>, C4<1>;
v000001dd8716a110_0 .net *"_ivl_1", 0 0, L_000001dd871cee70;  1 drivers
L_000001dd871cffd8 .functor BUFT 1, C4<000>, C4<0>, C4<0>, C4<0>;
v000001dd87169fd0_0 .net/2u *"_ivl_12", 2 0, L_000001dd871cffd8;  1 drivers
L_000001dd871d0020 .functor BUFT 1, C4<100>, C4<0>, C4<0>, C4<0>;
v000001dd8716a7f0_0 .net/2u *"_ivl_16", 2 0, L_000001dd871d0020;  1 drivers
v000001dd8716a070_0 .net *"_ivl_21", 0 0, L_000001dd871696a0;  1 drivers
v000001dd8716a1b0_0 .net *"_ivl_22", 1 0, L_000001dd871cf730;  1 drivers
v000001dd8716a430_0 .net *"_ivl_24", 3 0, L_000001dd871cfb90;  1 drivers
L_000001dd871d0068 .functor BUFT 1, C4<00>, C4<0>, C4<0>, C4<0>;
v000001dd8716a4d0_0 .net *"_ivl_27", 1 0, L_000001dd871d0068;  1 drivers
v000001dd8716a250_0 .net *"_ivl_3", 0 0, L_000001dd871695c0;  1 drivers
v000001dd8716a570_0 .net *"_ivl_7", 0 0, L_000001dd871ce290;  1 drivers
v000001dd87169e90_0 .net *"_ivl_9", 0 0, L_000001dd87168d70;  1 drivers
v000001dd87169a30_0 .net "clk", 0 0, v000001dd871cf910_0;  1 drivers
v000001dd8716a2f0_0 .var "count", 2 0;
v000001dd8716a610_0 .net "data_in", 1 0, v000001dd871cf050_0;  1 drivers
v000001dd87169df0_0 .net "data_out", 1 0, L_000001dd871cfc30;  alias, 1 drivers
v000001dd87169990_0 .net "do_read", 0 0, L_000001dd87168ad0;  1 drivers
v000001dd87169d50_0 .net "do_write", 0 0, L_000001dd87168a60;  1 drivers
v000001dd8716a6b0_0 .net "empty", 0 0, L_000001dd871cfaf0;  1 drivers
v000001dd8716a390_0 .net "full", 0 0, L_000001dd871cfa50;  1 drivers
v000001dd8716a750 .array "mem", 3 0, 1 0;
v000001dd87169ad0_0 .net "rd_en", 0 0, v000001dd871cfd70_0;  1 drivers
v000001dd87169cb0_0 .var "rd_ptr", 1 0;
v000001dd87169b70_0 .net "rst", 0 0, v000001dd871cf9b0_0;  1 drivers
v000001dd87169f30_0 .net "wi_en", 0 0, v000001dd871cf4b0_0;  1 drivers
v000001dd871cfeb0_0 .var "wr_ptr", 1 0;
E_000001dd87164d50 .event posedge, v000001dd87169a30_0;
L_000001dd871cee70 .reduce/nor L_000001dd871cfaf0;
L_000001dd871ce290 .reduce/nor L_000001dd871cfa50;
L_000001dd871cfaf0 .cmp/eq 3, v000001dd8716a2f0_0, L_000001dd871cffd8;
L_000001dd871cfa50 .cmp/eq 3, v000001dd8716a2f0_0, L_000001dd871d0020;
L_000001dd871cf730 .array/port v000001dd8716a750, L_000001dd871cfb90;
L_000001dd871cfb90 .concat [ 2 2 0 0], v000001dd87169cb0_0, L_000001dd871d0068;
L_000001dd871cfc30 .functor MUXZ 2, L_000001dd871cf730, v000001dd871cf050_0, L_000001dd871696a0, C4<>;
S_000001dd871788d0 .scope task, "write_byte" "write_byte" 2 12, 2 12 0, S_000001dd871785b0;
 .timescale 0 0;
v000001dd871ce330_0 .var "test_data", 1 0;
E_000001dd87164d90 .event negedge, v000001dd87169a30_0;
TD_tb_fifo1.write_byte ;
    %wait E_000001dd87164d90;
    %load/vec4 v000001dd871ce330_0;
    %store/vec4 v000001dd871cf050_0, 0, 2;
    %pushi/vec4 1, 0, 1;
    %store/vec4 v000001dd871cf4b0_0, 0, 1;
    %wait E_000001dd87164d50;
    %wait E_000001dd87164d90;
    %pushi/vec4 0, 0, 1;
    %store/vec4 v000001dd871cf4b0_0, 0, 1;
    %end;
    .scope S_000001dd87178740;
T_1 ;
    %wait E_000001dd87164d50;
    %load/vec4 v000001dd87169b70_0;
    %flag_set/vec4 8;
    %jmp/0xz  T_1.0, 8;
    %pushi/vec4 0, 0, 2;
    %store/vec4 v000001dd87169cb0_0, 0, 2;
    %pushi/vec4 0, 0, 2;
    %store/vec4 v000001dd871cfeb0_0, 0, 2;
    %pushi/vec4 0, 0, 3;
    %store/vec4 v000001dd8716a2f0_0, 0, 3;
    %jmp T_1.1;
T_1.0 ;
    %load/vec4 v000001dd87169d50_0;
    %flag_set/vec4 8;
    %jmp/0xz  T_1.2, 8;
    %load/vec4 v000001dd871cfeb0_0;
    %addi 1, 0, 2;
    %assign/vec4 v000001dd871cfeb0_0, 0;
    %load/vec4 v000001dd8716a610_0;
    %load/vec4 v000001dd871cfeb0_0;
    %pad/u 4;
    %ix/vec4 3;
    %ix/load 4, 0, 0; Constant delay
    %assign/vec4/a/d v000001dd8716a750, 0, 4;
T_1.2 ;
    %load/vec4 v000001dd87169990_0;
    %flag_set/vec4 8;
    %jmp/0xz  T_1.4, 8;
    %load/vec4 v000001dd87169cb0_0;
    %addi 1, 0, 2;
    %assign/vec4 v000001dd87169cb0_0, 0;
T_1.4 ;
    %load/vec4 v000001dd87169d50_0;
    %load/vec4 v000001dd87169990_0;
    %concat/vec4; draw_concat_vec4
    %dup/vec4;
    %pushi/vec4 1, 0, 2;
    %cmp/u;
    %jmp/1 T_1.6, 6;
    %dup/vec4;
    %pushi/vec4 2, 0, 2;
    %cmp/u;
    %jmp/1 T_1.7, 6;
    %load/vec4 v000001dd8716a2f0_0;
    %assign/vec4 v000001dd8716a2f0_0, 0;
    %jmp T_1.9;
T_1.6 ;
    %load/vec4 v000001dd8716a2f0_0;
    %addi 1, 0, 3;
    %assign/vec4 v000001dd8716a2f0_0, 0;
    %jmp T_1.9;
T_1.7 ;
    %load/vec4 v000001dd8716a2f0_0;
    %subi 1, 0, 3;
    %assign/vec4 v000001dd8716a2f0_0, 0;
    %jmp T_1.9;
T_1.9 ;
    %pop/vec4 1;
T_1.1 ;
    %jmp T_1;
    .thread T_1;
    .scope S_000001dd871785b0;
T_2 ;
    %delay 5, 0;
    %load/vec4 v000001dd871cf910_0;
    %inv;
    %store/vec4 v000001dd871cf910_0, 0, 1;
    %jmp T_2;
    .thread T_2;
    .scope S_000001dd871785b0;
T_3 ;
    %vpi_call 2 26 "$dumpfile", "dump.vcd" {0 0 0};
    %vpi_call 2 27 "$dumpvars", 32'sb00000000000000000000000000000000, S_000001dd871785b0 {0 0 0};
    %pushi/vec4 0, 0, 1;
    %store/vec4 v000001dd871cf910_0, 0, 1;
    %pushi/vec4 1, 0, 1;
    %store/vec4 v000001dd871cf9b0_0, 0, 1;
    %pushi/vec4 0, 0, 1;
    %store/vec4 v000001dd871cf4b0_0, 0, 1;
    %pushi/vec4 0, 0, 1;
    %store/vec4 v000001dd871cfd70_0, 0, 1;
    %pushi/vec4 0, 0, 2;
    %store/vec4 v000001dd871cf050_0, 0, 2;
    %delay 10, 0;
    %pushi/vec4 0, 0, 1;
    %store/vec4 v000001dd871cf9b0_0, 0, 1;
    %delay 5, 0;
    %pushi/vec4 1, 0, 2;
    %store/vec4 v000001dd871ce330_0, 0, 2;
    %fork TD_tb_fifo1.write_byte, S_000001dd871788d0;
    %join;
    %delay 6, 0;
    %pushi/vec4 3, 0, 2;
    %store/vec4 v000001dd871ce330_0, 0, 2;
    %fork TD_tb_fifo1.write_byte, S_000001dd871788d0;
    %join;
    %delay 6, 0;
    %vpi_call 2 39 "$finish" {0 0 0};
    %end;
    .thread T_3;
# The file index is used to find the file name in the following table.
:file_names 4;
    "N/A";
    "<interactive>";
    "tb_fifo1.v";
    "./fifo.v";
