#! /c/Source/iverilog-install/bin/vvp
:ivl_version "12.0 (devel)" "(s20150603-1110-g18392a46)";
:ivl_delay_selection "TYPICAL";
:vpi_time_precision + 0;
:vpi_module "C:\iverilog\lib\ivl\system.vpi";
:vpi_module "C:\iverilog\lib\ivl\vhdl_sys.vpi";
:vpi_module "C:\iverilog\lib\ivl\vhdl_textio.vpi";
:vpi_module "C:\iverilog\lib\ivl\v2005_math.vpi";
:vpi_module "C:\iverilog\lib\ivl\va_math.vpi";
S_000001bee66e8430 .scope module, "tb_fifo2" "tb_fifo2" 2 1;
 .timescale 0 0;
v000001bee674f6e0_0 .var "clk", 0 0;
v000001bee674f640_0 .var "data_in", 1 0;
v000001bee674e100_0 .net "data_out", 1 0, L_000001bee674fb40;  1 drivers
v000001bee674e4c0_0 .var "rd_en", 0 0;
v000001bee674f140_0 .var "rst", 0 0;
v000001bee674ee20_0 .var "wi_en", 0 0;
S_000001bee66e85c0 .scope task, "read_byte" "read_byte" 2 12, 2 12 0, S_000001bee66e8430;
 .timescale 0 0;
E_000001bee66ecd60 .event negedge, v000001bee66f2910_0;
E_000001bee66ed460 .event posedge, v000001bee66f2910_0;
TD_tb_fifo2.read_byte ;
    %wait E_000001bee66ecd60;
    %pushi/vec4 1, 0, 1;
    %store/vec4 v000001bee674e4c0_0, 0, 1;
    %wait E_000001bee66ed460;
    %wait E_000001bee66ecd60;
    %pushi/vec4 0, 0, 1;
    %store/vec4 v000001bee674e4c0_0, 0, 1;
    %end;
S_000001bee66e8750 .scope module, "uut" "fifo" 2 8, 3 1 0, S_000001bee66e8430;
 .timescale 0 0;
    .port_info 0 /INPUT 2 "data_in";
    .port_info 1 /OUTPUT 2 "data_out";
    .port_info 2 /INPUT 1 "clk";
    .port_info 3 /INPUT 1 "rst";
    .port_info 4 /INPUT 1 "wi_en";
    .port_info 5 /INPUT 1 "rd_en";
L_000001bee66f11b0 .functor OR 1, L_000001bee674f500, v000001bee674e4c0_0, C4<0>, C4<0>;
L_000001bee66f0f80 .functor AND 1, v000001bee674ee20_0, L_000001bee66f11b0, C4<1>, C4<1>;
L_000001bee66f13e0 .functor OR 1, L_000001bee674e560, v000001bee674ee20_0, C4<0>, C4<0>;
L_000001bee66f0ab0 .functor AND 1, v000001bee674e4c0_0, L_000001bee66f13e0, C4<1>, C4<1>;
L_000001bee66f0c00 .functor AND 1, L_000001bee674dca0, v000001bee674ee20_0, C4<1>, C4<1>;
v000001bee66f20f0_0 .net *"_ivl_1", 0 0, L_000001bee674f500;  1 drivers
L_000001bee674fc68 .functor BUFT 1, C4<000>, C4<0>, C4<0>, C4<0>;
v000001bee66f2190_0 .net/2u *"_ivl_12", 2 0, L_000001bee674fc68;  1 drivers
L_000001bee674fcb0 .functor BUFT 1, C4<100>, C4<0>, C4<0>, C4<0>;
v000001bee66f2a50_0 .net/2u *"_ivl_16", 2 0, L_000001bee674fcb0;  1 drivers
v000001bee66f2af0_0 .net *"_ivl_21", 0 0, L_000001bee66f0c00;  1 drivers
v000001bee66f2230_0 .net *"_ivl_22", 1 0, L_000001bee674f8c0;  1 drivers
v000001bee66f2b90_0 .net *"_ivl_24", 3 0, L_000001bee674eba0;  1 drivers
L_000001bee674fcf8 .functor BUFT 1, C4<00>, C4<0>, C4<0>, C4<0>;
v000001bee66f2690_0 .net *"_ivl_27", 1 0, L_000001bee674fcf8;  1 drivers
v000001bee66f24b0_0 .net *"_ivl_3", 0 0, L_000001bee66f11b0;  1 drivers
v000001bee66f22d0_0 .net *"_ivl_7", 0 0, L_000001bee674e560;  1 drivers
v000001bee66f2d70_0 .net *"_ivl_9", 0 0, L_000001bee66f13e0;  1 drivers
v000001bee66f2910_0 .net "clk", 0 0, v000001bee674f6e0_0;  1 drivers
v000001bee66f2370_0 .var "count", 2 0;
v000001bee66f29b0_0 .net "data_in", 1 0, v000001bee674f640_0;  1 drivers
v000001bee66f2410_0 .net "data_out", 1 0, L_000001bee674fb40;  alias, 1 drivers
v000001bee66f2c30_0 .net "do_read", 0 0, L_000001bee66f0ab0;  1 drivers
v000001bee66f2550_0 .net "do_write", 0 0, L_000001bee66f0f80;  1 drivers
v000001bee66f1f10_0 .net "empty", 0 0, L_000001bee674dca0;  1 drivers
v000001bee66f25f0_0 .net "full", 0 0, L_000001bee674dd40;  1 drivers
v000001bee66f2cd0 .array "mem", 3 0, 1 0;
v000001bee66f1fb0_0 .net "rd_en", 0 0, v000001bee674e4c0_0;  1 drivers
v000001bee66f2730_0 .var "rd_ptr", 1 0;
v000001bee66f27d0_0 .net "rst", 0 0, v000001bee674f140_0;  1 drivers
v000001bee66f2870_0 .net "wi_en", 0 0, v000001bee674ee20_0;  1 drivers
v000001bee674f960_0 .var "wr_ptr", 1 0;
L_000001bee674f500 .reduce/nor L_000001bee674dca0;
L_000001bee674e560 .reduce/nor L_000001bee674dd40;
L_000001bee674dca0 .cmp/eq 3, v000001bee66f2370_0, L_000001bee674fc68;
L_000001bee674dd40 .cmp/eq 3, v000001bee66f2370_0, L_000001bee674fcb0;
L_000001bee674f8c0 .array/port v000001bee66f2cd0, L_000001bee674eba0;
L_000001bee674eba0 .concat [ 2 2 0 0], v000001bee66f2730_0, L_000001bee674fcf8;
L_000001bee674fb40 .functor MUXZ 2, L_000001bee674f8c0, v000001bee674f640_0, L_000001bee66f0c00, C4<>;
    .scope S_000001bee66e8750;
T_1 ;
    %wait E_000001bee66ed460;
    %load/vec4 v000001bee66f27d0_0;
    %flag_set/vec4 8;
    %jmp/0xz  T_1.0, 8;
    %pushi/vec4 0, 0, 2;
    %store/vec4 v000001bee66f2730_0, 0, 2;
    %pushi/vec4 0, 0, 2;
    %store/vec4 v000001bee674f960_0, 0, 2;
    %pushi/vec4 0, 0, 3;
    %store/vec4 v000001bee66f2370_0, 0, 3;
    %jmp T_1.1;
T_1.0 ;
    %load/vec4 v000001bee66f2550_0;
    %flag_set/vec4 8;
    %jmp/0xz  T_1.2, 8;
    %load/vec4 v000001bee674f960_0;
    %addi 1, 0, 2;
    %assign/vec4 v000001bee674f960_0, 0;
    %load/vec4 v000001bee66f29b0_0;
    %load/vec4 v000001bee674f960_0;
    %pad/u 4;
    %ix/vec4 3;
    %ix/load 4, 0, 0; Constant delay
    %assign/vec4/a/d v000001bee66f2cd0, 0, 4;
T_1.2 ;
    %load/vec4 v000001bee66f2c30_0;
    %flag_set/vec4 8;
    %jmp/0xz  T_1.4, 8;
    %load/vec4 v000001bee66f2730_0;
    %addi 1, 0, 2;
    %assign/vec4 v000001bee66f2730_0, 0;
T_1.4 ;
    %load/vec4 v000001bee66f2550_0;
    %load/vec4 v000001bee66f2c30_0;
    %concat/vec4; draw_concat_vec4
    %dup/vec4;
    %pushi/vec4 1, 0, 2;
    %cmp/u;
    %jmp/1 T_1.6, 6;
    %dup/vec4;
    %pushi/vec4 2, 0, 2;
    %cmp/u;
    %jmp/1 T_1.7, 6;
    %load/vec4 v000001bee66f2370_0;
    %assign/vec4 v000001bee66f2370_0, 0;
    %jmp T_1.9;
T_1.6 ;
    %load/vec4 v000001bee66f2370_0;
    %addi 1, 0, 3;
    %assign/vec4 v000001bee66f2370_0, 0;
    %jmp T_1.9;
T_1.7 ;
    %load/vec4 v000001bee66f2370_0;
    %subi 1, 0, 3;
    %assign/vec4 v000001bee66f2370_0, 0;
    %jmp T_1.9;
T_1.9 ;
    %pop/vec4 1;
T_1.1 ;
    %jmp T_1;
    .thread T_1;
    .scope S_000001bee66e8430;
T_2 ;
    %delay 5, 0;
    %load/vec4 v000001bee674f6e0_0;
    %inv;
    %store/vec4 v000001bee674f6e0_0, 0, 1;
    %jmp T_2;
    .thread T_2;
    .scope S_000001bee66e8430;
T_3 ;
    %vpi_call 2 24 "$dumpfile", "dump.vcd" {0 0 0};
    %vpi_call 2 25 "$dumpvars", 32'sb00000000000000000000000000000000, S_000001bee66e8430 {0 0 0};
    %pushi/vec4 0, 0, 1;
    %store/vec4 v000001bee674f6e0_0, 0, 1;
    %pushi/vec4 1, 0, 1;
    %store/vec4 v000001bee674f140_0, 0, 1;
    %pushi/vec4 0, 0, 1;
    %store/vec4 v000001bee674ee20_0, 0, 1;
    %pushi/vec4 0, 0, 1;
    %store/vec4 v000001bee674e4c0_0, 0, 1;
    %pushi/vec4 0, 0, 2;
    %store/vec4 v000001bee674f640_0, 0, 2;
    %delay 10, 0;
    %pushi/vec4 0, 0, 1;
    %store/vec4 v000001bee674f140_0, 0, 1;
    %delay 5, 0;
    %pushi/vec4 1, 0, 2;
    %store/vec4 v000001bee674f640_0, 0, 2;
    %pushi/vec4 1, 0, 1;
    %store/vec4 v000001bee674ee20_0, 0, 1;
    %delay 6, 0;
    %pushi/vec4 3, 0, 2;
    %store/vec4 v000001bee674f640_0, 0, 2;
    %pushi/vec4 1, 0, 1;
    %store/vec4 v000001bee674ee20_0, 0, 1;
    %delay 6, 0;
    %fork TD_tb_fifo2.read_byte, S_000001bee66e85c0;
    %join;
    %vpi_call 2 38 "$finish" {0 0 0};
    %end;
    .thread T_3;
# The file index is used to find the file name in the following table.
:file_names 4;
    "N/A";
    "<interactive>";
    "tb_fifo2.v";
    "./fifo.v";
