#! /c/Source/iverilog-install/bin/vvp
:ivl_version "12.0 (devel)" "(s20150603-1110-g18392a46)";
:ivl_delay_selection "TYPICAL";
:vpi_time_precision + 0;
:vpi_module "C:\iverilog\lib\ivl\system.vpi";
:vpi_module "C:\iverilog\lib\ivl\vhdl_sys.vpi";
:vpi_module "C:\iverilog\lib\ivl\vhdl_textio.vpi";
:vpi_module "C:\iverilog\lib\ivl\v2005_math.vpi";
:vpi_module "C:\iverilog\lib\ivl\va_math.vpi";
S_00000247252f2800 .scope module, "tb_fifo" "tb_fifo" 2 1;
 .timescale 0 0;
v000002472537c6c0_0 .var "clk", 0 0;
v000002472537c8a0_0 .var "data_in", 7 0;
v000002472537e030_0 .net "data_out", 7 0, L_000002472537df90;  1 drivers
v000002472537ea30_0 .var/i "i", 31 0;
v000002472537eb70_0 .var "rd_en", 0 0;
v000002472537e7b0_0 .var "rst", 0 0;
v000002472537e490_0 .var "wi_en", 0 0;
S_00000247252f2990 .scope module, "uut" "fifo" 2 8, 3 1 0, S_00000247252f2800;
 .timescale 0 0;
    .port_info 0 /INPUT 8 "data_in";
    .port_info 1 /OUTPUT 8 "data_out";
    .port_info 2 /INPUT 1 "clk";
    .port_info 3 /INPUT 1 "rst";
    .port_info 4 /INPUT 1 "wi_en";
    .port_info 5 /INPUT 1 "rd_en";
L_000002472541b300 .functor OR 1, L_000002472537ec10, v000002472537eb70_0, C4<0>, C4<0>;
L_000002472541ace0 .functor AND 1, v000002472537e490_0, L_000002472541b300, C4<1>, C4<1>;
L_000002472541ab90 .functor OR 1, L_000002472537ee90, v000002472537e490_0, C4<0>, C4<0>;
L_000002472541b370 .functor AND 1, v000002472537eb70_0, L_000002472541ab90, C4<1>, C4<1>;
L_000002472541a8f0 .functor AND 1, L_000002472537e530, v000002472537e490_0, C4<1>, C4<1>;
v00000247252f2b20_0 .net *"_ivl_1", 0 0, L_000002472537ec10;  1 drivers
L_000002472537f058 .functor BUFT 1, C4<000>, C4<0>, C4<0>, C4<0>;
v000002472537cc60_0 .net/2u *"_ivl_12", 2 0, L_000002472537f058;  1 drivers
L_000002472537f0a0 .functor BUFT 1, C4<100>, C4<0>, C4<0>, C4<0>;
v000002472537c9e0_0 .net/2u *"_ivl_16", 2 0, L_000002472537f0a0;  1 drivers
v000002472537cee0_0 .net *"_ivl_21", 0 0, L_000002472541a8f0;  1 drivers
v000002472537c760_0 .net *"_ivl_22", 7 0, L_000002472537ead0;  1 drivers
v000002472537c3a0_0 .net *"_ivl_24", 3 0, L_000002472537ed50;  1 drivers
L_000002472537f0e8 .functor BUFT 1, C4<00>, C4<0>, C4<0>, C4<0>;
v000002472537ca80_0 .net *"_ivl_27", 1 0, L_000002472537f0e8;  1 drivers
v000002472537c940_0 .net *"_ivl_3", 0 0, L_000002472541b300;  1 drivers
v000002472537cd00_0 .net *"_ivl_7", 0 0, L_000002472537ee90;  1 drivers
v000002472537cbc0_0 .net *"_ivl_9", 0 0, L_000002472541ab90;  1 drivers
v000002472537cda0_0 .net "clk", 0 0, v000002472537c6c0_0;  1 drivers
v000002472537ce40_0 .var "count", 2 0;
v000002472537cf80_0 .net "data_in", 7 0, v000002472537c8a0_0;  1 drivers
v000002472537c620_0 .net "data_out", 7 0, L_000002472537df90;  alias, 1 drivers
v000002472537c120_0 .net "do_read", 0 0, L_000002472541b370;  1 drivers
v000002472537c4e0_0 .net "do_write", 0 0, L_000002472541ace0;  1 drivers
v000002472537c1c0_0 .net "empty", 0 0, L_000002472537e530;  1 drivers
v000002472537c080_0 .net "full", 0 0, L_000002472537e8f0;  1 drivers
v000002472537c260 .array "mem", 3 0, 7 0;
v000002472537c300_0 .net "rd_en", 0 0, v000002472537eb70_0;  1 drivers
v000002472537cb20_0 .var "rd_ptr", 1 0;
v000002472537c800_0 .net "rst", 0 0, v000002472537e7b0_0;  1 drivers
v000002472537c440_0 .net "wi_en", 0 0, v000002472537e490_0;  1 drivers
v000002472537c580_0 .var "wr_ptr", 1 0;
E_0000024725315890 .event posedge, v000002472537cda0_0;
L_000002472537ec10 .reduce/nor L_000002472537e8f0;
L_000002472537ee90 .reduce/nor L_000002472537e530;
L_000002472537e530 .cmp/eq 3, v000002472537ce40_0, L_000002472537f058;
L_000002472537e8f0 .cmp/eq 3, v000002472537ce40_0, L_000002472537f0a0;
L_000002472537ead0 .array/port v000002472537c260, L_000002472537ed50;
L_000002472537ed50 .concat [ 2 2 0 0], v000002472537cb20_0, L_000002472537f0e8;
L_000002472537df90 .functor MUXZ 8, L_000002472537ead0, v000002472537c8a0_0, L_000002472541a8f0, C4<>;
    .scope S_00000247252f2990;
T_0 ;
    %wait E_0000024725315890;
    %load/vec4 v000002472537c800_0;
    %flag_set/vec4 8;
    %jmp/0xz  T_0.0, 8;
    %pushi/vec4 0, 0, 2;
    %store/vec4 v000002472537cb20_0, 0, 2;
    %pushi/vec4 0, 0, 2;
    %store/vec4 v000002472537c580_0, 0, 2;
    %pushi/vec4 0, 0, 3;
    %store/vec4 v000002472537ce40_0, 0, 3;
    %jmp T_0.1;
T_0.0 ;
    %load/vec4 v000002472537c4e0_0;
    %flag_set/vec4 8;
    %jmp/0xz  T_0.2, 8;
    %load/vec4 v000002472537c580_0;
    %addi 1, 0, 2;
    %assign/vec4 v000002472537c580_0, 0;
    %load/vec4 v000002472537cf80_0;
    %load/vec4 v000002472537c580_0;
    %pad/u 4;
    %ix/vec4 3;
    %ix/load 4, 0, 0; Constant delay
    %assign/vec4/a/d v000002472537c260, 0, 4;
T_0.2 ;
    %load/vec4 v000002472537c120_0;
    %flag_set/vec4 8;
    %jmp/0xz  T_0.4, 8;
    %load/vec4 v000002472537cb20_0;
    %addi 1, 0, 2;
    %assign/vec4 v000002472537cb20_0, 0;
T_0.4 ;
    %load/vec4 v000002472537c4e0_0;
    %load/vec4 v000002472537c120_0;
    %concat/vec4; draw_concat_vec4
    %dup/vec4;
    %pushi/vec4 1, 0, 2;
    %cmp/u;
    %jmp/1 T_0.6, 6;
    %dup/vec4;
    %pushi/vec4 2, 0, 2;
    %cmp/u;
    %jmp/1 T_0.7, 6;
    %load/vec4 v000002472537ce40_0;
    %assign/vec4 v000002472537ce40_0, 0;
    %jmp T_0.9;
T_0.6 ;
    %load/vec4 v000002472537ce40_0;
    %addi 1, 0, 3;
    %assign/vec4 v000002472537ce40_0, 0;
    %jmp T_0.9;
T_0.7 ;
    %load/vec4 v000002472537ce40_0;
    %subi 1, 0, 3;
    %assign/vec4 v000002472537ce40_0, 0;
    %jmp T_0.9;
T_0.9 ;
    %pop/vec4 1;
T_0.1 ;
    %jmp T_0;
    .thread T_0;
    .scope S_00000247252f2800;
T_1 ;
    %delay 5, 0;
    %load/vec4 v000002472537c6c0_0;
    %inv;
    %store/vec4 v000002472537c6c0_0, 0, 1;
    %jmp T_1;
    .thread T_1;
    .scope S_00000247252f2800;
T_2 ;
    %vpi_call 2 14 "$dumpfile", "dump.vcd" {0 0 0};
    %vpi_call 2 15 "$dumpvars", 32'sb00000000000000000000000000000000, S_00000247252f2800 {0 0 0};
    %pushi/vec4 0, 0, 1;
    %store/vec4 v000002472537c6c0_0, 0, 1;
    %pushi/vec4 1, 0, 1;
    %store/vec4 v000002472537e7b0_0, 0, 1;
    %pushi/vec4 0, 0, 1;
    %store/vec4 v000002472537e490_0, 0, 1;
    %pushi/vec4 0, 0, 1;
    %store/vec4 v000002472537eb70_0, 0, 1;
    %pushi/vec4 0, 0, 8;
    %store/vec4 v000002472537c8a0_0, 0, 8;
    %delay 10, 0;
    %pushi/vec4 0, 0, 1;
    %store/vec4 v000002472537e7b0_0, 0, 1;
    %delay 5, 0;
    %pushi/vec4 0, 0, 32;
    %store/vec4 v000002472537ea30_0, 0, 32;
T_2.0 ;
    %load/vec4 v000002472537ea30_0;
    %cmpi/s 1000, 0, 32;
    %jmp/0xz T_2.1, 5;
    %vpi_func 2 24 "$random" 32 {0 0 0};
    %pad/s 8;
    %store/vec4 v000002472537c8a0_0, 0, 8;
    %vpi_func 2 25 "$random" 32 {0 0 0};
    %pushi/vec4 2, 0, 32;
    %mod/s;
    %pad/s 1;
    %store/vec4 v000002472537e490_0, 0, 1;
    %vpi_func 2 26 "$random" 32 {0 0 0};
    %pushi/vec4 2, 0, 32;
    %mod/s;
    %pad/s 1;
    %store/vec4 v000002472537eb70_0, 0, 1;
    %delay 2, 0;
    %load/vec4 v000002472537ea30_0;
    %addi 1, 0, 32;
    %store/vec4 v000002472537ea30_0, 0, 32;
    %jmp T_2.0;
T_2.1 ;
    %vpi_call 2 29 "$finish" {0 0 0};
    %end;
    .thread T_2;
# The file index is used to find the file name in the following table.
:file_names 4;
    "N/A";
    "<interactive>";
    "tb_fifo.v";
    "./fifo.v";
