#! /c/Source/iverilog-install/bin/vvp
:ivl_version "12.0 (devel)" "(s20150603-1110-g18392a46)";
:ivl_delay_selection "TYPICAL";
:vpi_time_precision + 0;
:vpi_module "C:\iverilog\lib\ivl\system.vpi";
:vpi_module "C:\iverilog\lib\ivl\vhdl_sys.vpi";
:vpi_module "C:\iverilog\lib\ivl\vhdl_textio.vpi";
:vpi_module "C:\iverilog\lib\ivl\v2005_math.vpi";
:vpi_module "C:\iverilog\lib\ivl\va_math.vpi";
S_0000025ce2d8e2f0 .scope module, "tb_s1011" "tb_s1011" 2 1;
 .timescale 0 0;
v0000025ce2d8bcb0_0 .var "clk", 0 0;
v0000025ce2d8bd50_0 .var "data", 0 0;
v0000025ce2e96010_0 .net "out", 0 0, v0000025ce2e12c80_0;  1 drivers
v0000025ce2e960b0_0 .var "rst", 0 0;
S_0000025ce2d8e480 .scope module, "uut" "s1011" 2 6, 3 1 0, S_0000025ce2d8e2f0;
 .timescale 0 0;
    .port_info 0 /INPUT 1 "data";
    .port_info 1 /OUTPUT 1 "out";
    .port_info 2 /INPUT 1 "clk";
    .port_info 3 /INPUT 1 "rst";
P_0000025ce2d8e610 .param/l "g1" 1 3 8, C4<00>;
P_0000025ce2d8e648 .param/l "g10" 1 3 9, C4<01>;
P_0000025ce2d8e680 .param/l "g101" 1 3 10, C4<10>;
P_0000025ce2d8e6b8 .param/l "idle" 1 3 11, C4<11>;
v0000025ce2e13420_0 .net "clk", 0 0, v0000025ce2d8bcb0_0;  1 drivers
v0000025ce2d8e700_0 .net "data", 0 0, v0000025ce2d8bd50_0;  1 drivers
v0000025ce2e12c80_0 .var "out", 0 0;
v0000025ce2d8bb70_0 .net "rst", 0 0, v0000025ce2e960b0_0;  1 drivers
v0000025ce2d8bc10_0 .var "st", 1 0;
E_0000025ce2d8a3a0 .event anyedge, v0000025ce2d8bc10_0, v0000025ce2d8e700_0;
E_0000025ce2d8a560 .event posedge, v0000025ce2e13420_0;
    .scope S_0000025ce2d8e480;
T_0 ;
    %wait E_0000025ce2d8a560;
    %load/vec4 v0000025ce2d8bb70_0;
    %flag_set/vec4 8;
    %jmp/0xz  T_0.0, 8;
    %pushi/vec4 0, 0, 1;
    %store/vec4 v0000025ce2e12c80_0, 0, 1;
    %pushi/vec4 3, 0, 2;
    %assign/vec4 v0000025ce2d8bc10_0, 0;
    %jmp T_0.1;
T_0.0 ;
    %load/vec4 v0000025ce2d8bc10_0;
    %dup/vec4;
    %pushi/vec4 3, 0, 2;
    %cmp/u;
    %jmp/1 T_0.2, 6;
    %dup/vec4;
    %pushi/vec4 0, 0, 2;
    %cmp/u;
    %jmp/1 T_0.3, 6;
    %dup/vec4;
    %pushi/vec4 1, 0, 2;
    %cmp/u;
    %jmp/1 T_0.4, 6;
    %dup/vec4;
    %pushi/vec4 2, 0, 2;
    %cmp/u;
    %jmp/1 T_0.5, 6;
    %jmp T_0.6;
T_0.2 ;
    %pushi/vec4 0, 0, 1;
    %assign/vec4 v0000025ce2e12c80_0, 0;
    %load/vec4 v0000025ce2d8e700_0;
    %cmpi/e 1, 0, 1;
    %jmp/0xz  T_0.7, 4;
    %pushi/vec4 0, 0, 2;
    %assign/vec4 v0000025ce2d8bc10_0, 0;
T_0.7 ;
    %jmp T_0.6;
T_0.3 ;
    %pushi/vec4 0, 0, 1;
    %assign/vec4 v0000025ce2e12c80_0, 0;
    %load/vec4 v0000025ce2d8e700_0;
    %cmpi/e 0, 0, 1;
    %jmp/0xz  T_0.9, 4;
    %pushi/vec4 1, 0, 2;
    %assign/vec4 v0000025ce2d8bc10_0, 0;
    %jmp T_0.10;
T_0.9 ;
    %pushi/vec4 0, 0, 1;
    %assign/vec4 v0000025ce2e12c80_0, 0;
T_0.10 ;
    %jmp T_0.6;
T_0.4 ;
    %load/vec4 v0000025ce2d8e700_0;
    %cmpi/e 1, 0, 1;
    %jmp/0xz  T_0.11, 4;
    %pushi/vec4 2, 0, 2;
    %assign/vec4 v0000025ce2d8bc10_0, 0;
    %jmp T_0.12;
T_0.11 ;
    %pushi/vec4 3, 0, 2;
    %assign/vec4 v0000025ce2d8bc10_0, 0;
    %pushi/vec4 0, 0, 1;
    %assign/vec4 v0000025ce2e12c80_0, 0;
T_0.12 ;
    %jmp T_0.6;
T_0.5 ;
    %load/vec4 v0000025ce2d8e700_0;
    %cmpi/e 1, 0, 1;
    %jmp/0xz  T_0.13, 4;
    %pushi/vec4 0, 0, 2;
    %assign/vec4 v0000025ce2d8bc10_0, 0;
    %jmp T_0.14;
T_0.13 ;
    %pushi/vec4 1, 0, 2;
    %assign/vec4 v0000025ce2d8bc10_0, 0;
T_0.14 ;
    %jmp T_0.6;
T_0.6 ;
    %pop/vec4 1;
T_0.1 ;
    %jmp T_0;
    .thread T_0;
    .scope S_0000025ce2d8e480;
T_1 ;
    %wait E_0000025ce2d8a3a0;
    %load/vec4 v0000025ce2d8bc10_0;
    %pushi/vec4 2, 0, 2;
    %cmp/e;
    %flag_get/vec4 4;
    %load/vec4 v0000025ce2d8e700_0;
    %pushi/vec4 1, 0, 1;
    %cmp/e;
    %flag_get/vec4 4;
    %and;
    %flag_set/vec4 8;
    %jmp/0xz  T_1.0, 8;
    %pushi/vec4 1, 0, 1;
    %store/vec4 v0000025ce2e12c80_0, 0, 1;
    %jmp T_1.1;
T_1.0 ;
    %pushi/vec4 0, 0, 1;
    %store/vec4 v0000025ce2e12c80_0, 0, 1;
T_1.1 ;
    %jmp T_1;
    .thread T_1, $push;
    .scope S_0000025ce2d8e2f0;
T_2 ;
    %delay 5, 0;
    %load/vec4 v0000025ce2d8bcb0_0;
    %inv;
    %store/vec4 v0000025ce2d8bcb0_0, 0, 1;
    %jmp T_2;
    .thread T_2;
    .scope S_0000025ce2d8e2f0;
T_3 ;
    %vpi_call 2 11 "$dumpfile", "dump.vcd" {0 0 0};
    %vpi_call 2 12 "$dumpvars", 32'sb00000000000000000000000000000000, S_0000025ce2d8e2f0 {0 0 0};
    %pushi/vec4 0, 0, 1;
    %store/vec4 v0000025ce2e960b0_0, 0, 1;
    %pushi/vec4 0, 0, 1;
    %store/vec4 v0000025ce2d8bcb0_0, 0, 1;
    %delay 10, 0;
    %pushi/vec4 1, 0, 1;
    %store/vec4 v0000025ce2e960b0_0, 0, 1;
    %delay 10, 0;
    %pushi/vec4 0, 0, 1;
    %store/vec4 v0000025ce2e960b0_0, 0, 1;
    %pushi/vec4 1, 0, 1;
    %store/vec4 v0000025ce2d8bd50_0, 0, 1;
    %delay 10, 0;
    %pushi/vec4 0, 0, 1;
    %store/vec4 v0000025ce2d8bd50_0, 0, 1;
    %delay 10, 0;
    %pushi/vec4 1, 0, 1;
    %store/vec4 v0000025ce2d8bd50_0, 0, 1;
    %delay 10, 0;
    %pushi/vec4 1, 0, 1;
    %store/vec4 v0000025ce2d8bd50_0, 0, 1;
    %delay 10, 0;
    %pushi/vec4 0, 0, 1;
    %store/vec4 v0000025ce2d8bd50_0, 0, 1;
    %delay 10, 0;
    %vpi_call 2 21 "$finish" {0 0 0};
    %end;
    .thread T_3;
# The file index is used to find the file name in the following table.
:file_names 4;
    "N/A";
    "<interactive>";
    "tb_s1011.v";
    "./s1011.v";
