#! /c/Source/iverilog-install/bin/vvp
:ivl_version "12.0 (devel)" "(s20150603-1110-g18392a46)";
:ivl_delay_selection "TYPICAL";
:vpi_time_precision - 12;
:vpi_module "C:\iverilog\lib\ivl\system.vpi";
:vpi_module "C:\iverilog\lib\ivl\vhdl_sys.vpi";
:vpi_module "C:\iverilog\lib\ivl\vhdl_textio.vpi";
:vpi_module "C:\iverilog\lib\ivl\v2005_math.vpi";
:vpi_module "C:\iverilog\lib\ivl\va_math.vpi";
S_0000020c6ee845c0 .scope module, "tb_project" "tb_project" 2 3;
 .timescale -9 -12;
v0000020c6ef03f90_0 .var "clk", 0 0;
v0000020c6ef042b0_0 .var "data_in", 7 0;
v0000020c6ef04170_0 .net "empty", 0 0, L_0000020c6ef04530;  1 drivers
v0000020c6ef05930_0 .net "full", 0 0, L_0000020c6ef045d0;  1 drivers
v0000020c6ef059d0_0 .var "rst", 0 0;
v0000020c6ef04350_0 .net "tx_out", 0 0, v0000020c6ef05c50_0;  1 drivers
v0000020c6ef05a70_0 .var "wi_en", 0 0;
S_0000020c6ee84750 .scope module, "uut" "project" 2 11, 3 4 0, S_0000020c6ee845c0;
 .timescale -9 -12;
    .port_info 0 /INPUT 1 "clk";
    .port_info 1 /INPUT 1 "rst";
    .port_info 2 /INPUT 8 "data_in";
    .port_info 3 /INPUT 1 "wi_en";
    .port_info 4 /OUTPUT 1 "full";
    .port_info 5 /OUTPUT 1 "empty";
    .port_info 6 /OUTPUT 1 "tx_out";
v0000020c6ef05390_0 .net "clk", 0 0, v0000020c6ef03f90_0;  1 drivers
v0000020c6ef04cb0_0 .net "data_in", 7 0, v0000020c6ef042b0_0;  1 drivers
v0000020c6ef04df0_0 .net "empty", 0 0, L_0000020c6ef04530;  alias, 1 drivers
v0000020c6ef05570_0 .net "fifo_dout", 7 0, L_0000020c6ef084f0;  1 drivers
v0000020c6ef04a30_0 .net "fifo_rd_en", 0 0, v0000020c6ef05070_0;  1 drivers
v0000020c6ef04670_0 .net "full", 0 0, L_0000020c6ef045d0;  alias, 1 drivers
v0000020c6ef03e50_0 .net "rst", 0 0, v0000020c6ef059d0_0;  1 drivers
v0000020c6ef05610_0 .net "tx_busy", 0 0, v0000020c6ef05430_0;  1 drivers
v0000020c6ef04ad0_0 .net "tx_done", 0 0, v0000020c6ef03db0_0;  1 drivers
v0000020c6ef04f30_0 .net "tx_out", 0 0, v0000020c6ef05c50_0;  alias, 1 drivers
v0000020c6ef05890_0 .net "tx_send", 0 0, v0000020c6ef05250_0;  1 drivers
v0000020c6ef03ef0_0 .net "uart_din", 7 0, v0000020c6ef054d0_0;  1 drivers
v0000020c6ef04d50_0 .net "wi_en", 0 0, v0000020c6ef05a70_0;  1 drivers
S_0000020c6ee89e80 .scope module, "inst" "fifo" 3 21, 4 1 0, S_0000020c6ee84750;
 .timescale -9 -12;
    .port_info 0 /INPUT 8 "data_in";
    .port_info 1 /OUTPUT 8 "data_out";
    .port_info 2 /INPUT 1 "clk";
    .port_info 3 /INPUT 1 "rst";
    .port_info 4 /INPUT 1 "wi_en";
    .port_info 5 /INPUT 1 "rd_en";
    .port_info 6 /OUTPUT 1 "full";
    .port_info 7 /OUTPUT 1 "empty";
L_0000020c6ee7f260 .functor OR 1, L_0000020c6ef043f0, v0000020c6ef05070_0, C4<0>, C4<0>;
L_0000020c6ee7eaf0 .functor AND 1, v0000020c6ef05a70_0, L_0000020c6ee7f260, C4<1>, C4<1>;
L_0000020c6ee7f730 .functor OR 1, L_0000020c6ef04490, v0000020c6ef05a70_0, C4<0>, C4<0>;
L_0000020c6ee7f490 .functor AND 1, v0000020c6ef05070_0, L_0000020c6ee7f730, C4<1>, C4<1>;
L_0000020c6ee7ec40 .functor AND 1, L_0000020c6ef04530, v0000020c6ef05a70_0, C4<1>, C4<1>;
v0000020c6ee807b0_0 .net *"_ivl_1", 0 0, L_0000020c6ef043f0;  1 drivers
L_0000020c6ef40088 .functor BUFT 1, C4<000>, C4<0>, C4<0>, C4<0>;
v0000020c6ee7fdb0_0 .net/2u *"_ivl_12", 2 0, L_0000020c6ef40088;  1 drivers
L_0000020c6ef400d0 .functor BUFT 1, C4<100>, C4<0>, C4<0>, C4<0>;
v0000020c6ee80170_0 .net/2u *"_ivl_16", 2 0, L_0000020c6ef400d0;  1 drivers
v0000020c6ee7fc70_0 .net *"_ivl_21", 0 0, L_0000020c6ee7ec40;  1 drivers
v0000020c6ee7fd10_0 .net *"_ivl_22", 7 0, L_0000020c6ef08810;  1 drivers
v0000020c6ee800d0_0 .net *"_ivl_24", 3 0, L_0000020c6ef070f0;  1 drivers
L_0000020c6ef40118 .functor BUFT 1, C4<00>, C4<0>, C4<0>, C4<0>;
v0000020c6ee80850_0 .net *"_ivl_27", 1 0, L_0000020c6ef40118;  1 drivers
v0000020c6ee80030_0 .net *"_ivl_3", 0 0, L_0000020c6ee7f260;  1 drivers
v0000020c6ee7fe50_0 .net *"_ivl_7", 0 0, L_0000020c6ef04490;  1 drivers
v0000020c6ee80350_0 .net *"_ivl_9", 0 0, L_0000020c6ee7f730;  1 drivers
v0000020c6ee80710_0 .net "clk", 0 0, v0000020c6ef03f90_0;  alias, 1 drivers
v0000020c6ee808f0_0 .var "count", 2 0;
v0000020c6ee80210_0 .net "data_in", 7 0, v0000020c6ef042b0_0;  alias, 1 drivers
v0000020c6ee802b0_0 .net "data_out", 7 0, L_0000020c6ef084f0;  alias, 1 drivers
v0000020c6ee803f0_0 .net "do_read", 0 0, L_0000020c6ee7f490;  1 drivers
v0000020c6ee80490_0 .net "do_write", 0 0, L_0000020c6ee7eaf0;  1 drivers
v0000020c6ee80990_0 .net "empty", 0 0, L_0000020c6ef04530;  alias, 1 drivers
v0000020c6ee80530_0 .net "full", 0 0, L_0000020c6ef045d0;  alias, 1 drivers
v0000020c6ee805d0 .array "mem", 3 0, 7 0;
v0000020c6ee7fa90_0 .net "rd_en", 0 0, v0000020c6ef05070_0;  alias, 1 drivers
v0000020c6ee7fb30_0 .var "rd_ptr", 1 0;
v0000020c6ee7fbd0_0 .net "rst", 0 0, v0000020c6ef059d0_0;  alias, 1 drivers
v0000020c6ef04030_0 .net "wi_en", 0 0, v0000020c6ef05a70_0;  alias, 1 drivers
v0000020c6ef04b70_0 .var "wr_ptr", 1 0;
E_0000020c6eeab530 .event posedge, v0000020c6ee80710_0;
L_0000020c6ef043f0 .reduce/nor L_0000020c6ef045d0;
L_0000020c6ef04490 .reduce/nor L_0000020c6ef04530;
L_0000020c6ef04530 .cmp/eq 3, v0000020c6ee808f0_0, L_0000020c6ef40088;
L_0000020c6ef045d0 .cmp/eq 3, v0000020c6ee808f0_0, L_0000020c6ef400d0;
L_0000020c6ef08810 .array/port v0000020c6ee805d0, L_0000020c6ef070f0;
L_0000020c6ef070f0 .concat [ 2 2 0 0], v0000020c6ee7fb30_0, L_0000020c6ef40118;
L_0000020c6ef084f0 .functor MUXZ 8, L_0000020c6ef08810, v0000020c6ef042b0_0, L_0000020c6ee7ec40, C4<>;
S_0000020c6eeb1640 .scope module, "instt" "uart" 3 25, 5 1 0, S_0000020c6ee84750;
 .timescale -9 -12;
    .port_info 0 /INPUT 1 "rst";
    .port_info 1 /INPUT 1 "clk";
    .port_info 2 /OUTPUT 1 "tx_active";
    .port_info 3 /INPUT 1 "tx_start";
    .port_info 4 /OUTPUT 1 "tx_done";
    .port_info 5 /INPUT 8 "tx_data";
    .port_info 6 /OUTPUT 1 "tx_out";
P_0000020c6eeb17d0 .param/l "data" 1 5 17, C4<10>;
P_0000020c6eeb1808 .param/l "idle" 1 5 15, C4<00>;
P_0000020c6eeb1840 .param/l "start" 1 5 16, C4<01>;
P_0000020c6eeb1878 .param/l "stop" 1 5 18, C4<11>;
L_0000020c6ef40160 .functor BUFT 1, C4<1010001010111>, C4<0>, C4<0>, C4<0>;
v0000020c6ef05750_0 .net/2u *"_ivl_0", 12 0, L_0000020c6ef40160;  1 drivers
v0000020c6ef052f0_0 .var "baud_count", 12 0;
v0000020c6ef057f0_0 .net "baud_tick", 0 0, L_0000020c6ef07a50;  1 drivers
v0000020c6ef04710_0 .net "clk", 0 0, v0000020c6ef03f90_0;  alias, 1 drivers
v0000020c6ef05110_0 .var "index", 3 0;
v0000020c6ef051b0_0 .net "rst", 0 0, v0000020c6ef059d0_0;  alias, 1 drivers
v0000020c6ef040d0_0 .var "st", 1 0;
v0000020c6ef05430_0 .var "tx_active", 0 0;
v0000020c6ef048f0_0 .net "tx_data", 7 0, v0000020c6ef054d0_0;  alias, 1 drivers
v0000020c6ef03db0_0 .var "tx_done", 0 0;
v0000020c6ef05c50_0 .var "tx_out", 0 0;
v0000020c6ef04fd0_0 .var "tx_shift", 7 0;
v0000020c6ef05b10_0 .net "tx_start", 0 0, v0000020c6ef05250_0;  alias, 1 drivers
L_0000020c6ef07a50 .cmp/eq 13, v0000020c6ef052f0_0, L_0000020c6ef40160;
S_0000020c6ee8a010 .scope module, "insttt" "handshake_fsm" 3 28, 6 1 0, S_0000020c6ee84750;
 .timescale -9 -12;
    .port_info 0 /OUTPUT 1 "fifo_rd_en";
    .port_info 1 /OUTPUT 1 "uart_send";
    .port_info 2 /OUTPUT 8 "uart_din";
    .port_info 3 /INPUT 1 "tx_done";
    .port_info 4 /INPUT 1 "tx_busy";
    .port_info 5 /INPUT 1 "fifo_empty";
    .port_info 6 /INPUT 8 "fifo_dout";
    .port_info 7 /INPUT 1 "clk";
    .port_info 8 /INPUT 1 "rst";
P_0000020c6ee8a1a0 .param/l "load" 1 6 15, C4<10>;
P_0000020c6ee8a1d8 .param/l "pop" 1 6 14, C4<01>;
P_0000020c6ee8a210 .param/l "transmit" 1 6 16, C4<11>;
P_0000020c6ee8a248 .param/l "wait_data" 1 6 13, C4<00>;
v0000020c6ef04210_0 .net "clk", 0 0, v0000020c6ef03f90_0;  alias, 1 drivers
v0000020c6ef047b0_0 .net "fifo_dout", 7 0, L_0000020c6ef084f0;  alias, 1 drivers
v0000020c6ef04850_0 .net "fifo_empty", 0 0, L_0000020c6ef04530;  alias, 1 drivers
v0000020c6ef05070_0 .var "fifo_rd_en", 0 0;
v0000020c6ef04990_0 .net "rst", 0 0, v0000020c6ef059d0_0;  alias, 1 drivers
v0000020c6ef04c10_0 .var "st", 1 0;
v0000020c6ef056b0_0 .net "tx_busy", 0 0, v0000020c6ef05430_0;  alias, 1 drivers
v0000020c6ef05bb0_0 .net "tx_done", 0 0, v0000020c6ef03db0_0;  alias, 1 drivers
v0000020c6ef054d0_0 .var "uart_din", 7 0;
v0000020c6ef05250_0 .var "uart_send", 0 0;
    .scope S_0000020c6ee89e80;
T_0 ;
    %wait E_0000020c6eeab530;
    %load/vec4 v0000020c6ee7fbd0_0;
    %flag_set/vec4 8;
    %jmp/0xz  T_0.0, 8;
    %pushi/vec4 0, 0, 2;
    %store/vec4 v0000020c6ee7fb30_0, 0, 2;
    %pushi/vec4 0, 0, 2;
    %store/vec4 v0000020c6ef04b70_0, 0, 2;
    %pushi/vec4 0, 0, 3;
    %store/vec4 v0000020c6ee808f0_0, 0, 3;
    %jmp T_0.1;
T_0.0 ;
    %load/vec4 v0000020c6ee80490_0;
    %flag_set/vec4 8;
    %jmp/0xz  T_0.2, 8;
    %load/vec4 v0000020c6ef04b70_0;
    %addi 1, 0, 2;
    %assign/vec4 v0000020c6ef04b70_0, 0;
    %load/vec4 v0000020c6ee80210_0;
    %load/vec4 v0000020c6ef04b70_0;
    %pad/u 4;
    %ix/vec4 3;
    %ix/load 4, 0, 0; Constant delay
    %assign/vec4/a/d v0000020c6ee805d0, 0, 4;
T_0.2 ;
    %load/vec4 v0000020c6ee803f0_0;
    %flag_set/vec4 8;
    %jmp/0xz  T_0.4, 8;
    %load/vec4 v0000020c6ee7fb30_0;
    %addi 1, 0, 2;
    %assign/vec4 v0000020c6ee7fb30_0, 0;
T_0.4 ;
    %load/vec4 v0000020c6ee80490_0;
    %load/vec4 v0000020c6ee803f0_0;
    %concat/vec4; draw_concat_vec4
    %dup/vec4;
    %pushi/vec4 1, 0, 2;
    %cmp/u;
    %jmp/1 T_0.6, 6;
    %dup/vec4;
    %pushi/vec4 2, 0, 2;
    %cmp/u;
    %jmp/1 T_0.7, 6;
    %load/vec4 v0000020c6ee808f0_0;
    %assign/vec4 v0000020c6ee808f0_0, 0;
    %jmp T_0.9;
T_0.6 ;
    %load/vec4 v0000020c6ee808f0_0;
    %addi 1, 0, 3;
    %assign/vec4 v0000020c6ee808f0_0, 0;
    %jmp T_0.9;
T_0.7 ;
    %load/vec4 v0000020c6ee808f0_0;
    %subi 1, 0, 3;
    %assign/vec4 v0000020c6ee808f0_0, 0;
    %jmp T_0.9;
T_0.9 ;
    %pop/vec4 1;
T_0.1 ;
    %jmp T_0;
    .thread T_0;
    .scope S_0000020c6eeb1640;
T_1 ;
    %wait E_0000020c6eeab530;
    %load/vec4 v0000020c6ef051b0_0;
    %flag_set/vec4 8;
    %jmp/0xz  T_1.0, 8;
    %pushi/vec4 0, 0, 13;
    %assign/vec4 v0000020c6ef052f0_0, 0;
    %jmp T_1.1;
T_1.0 ;
    %load/vec4 v0000020c6ef05430_0;
    %flag_set/vec4 8;
    %jmp/0xz  T_1.2, 8;
    %load/vec4 v0000020c6ef057f0_0;
    %flag_set/vec4 8;
    %jmp/0xz  T_1.4, 8;
    %pushi/vec4 0, 0, 13;
    %assign/vec4 v0000020c6ef052f0_0, 0;
    %jmp T_1.5;
T_1.4 ;
    %load/vec4 v0000020c6ef052f0_0;
    %addi 1, 0, 13;
    %assign/vec4 v0000020c6ef052f0_0, 0;
T_1.5 ;
    %jmp T_1.3;
T_1.2 ;
    %pushi/vec4 0, 0, 13;
    %assign/vec4 v0000020c6ef052f0_0, 0;
T_1.3 ;
T_1.1 ;
    %jmp T_1;
    .thread T_1;
    .scope S_0000020c6eeb1640;
T_2 ;
    %wait E_0000020c6eeab530;
    %load/vec4 v0000020c6ef051b0_0;
    %flag_set/vec4 8;
    %jmp/0xz  T_2.0, 8;
    %pushi/vec4 0, 0, 2;
    %assign/vec4 v0000020c6ef040d0_0, 0;
    %pushi/vec4 0, 0, 4;
    %assign/vec4 v0000020c6ef05110_0, 0;
    %pushi/vec4 0, 0, 8;
    %assign/vec4 v0000020c6ef04fd0_0, 0;
    %pushi/vec4 0, 0, 1;
    %assign/vec4 v0000020c6ef05430_0, 0;
    %pushi/vec4 0, 0, 1;
    %assign/vec4 v0000020c6ef03db0_0, 0;
    %pushi/vec4 0, 0, 1;
    %assign/vec4 v0000020c6ef05c50_0, 0;
    %jmp T_2.1;
T_2.0 ;
    %load/vec4 v0000020c6ef040d0_0;
    %dup/vec4;
    %pushi/vec4 0, 0, 2;
    %cmp/u;
    %jmp/1 T_2.2, 6;
    %dup/vec4;
    %pushi/vec4 1, 0, 2;
    %cmp/u;
    %jmp/1 T_2.3, 6;
    %dup/vec4;
    %pushi/vec4 2, 0, 2;
    %cmp/u;
    %jmp/1 T_2.4, 6;
    %dup/vec4;
    %pushi/vec4 3, 0, 2;
    %cmp/u;
    %jmp/1 T_2.5, 6;
    %pushi/vec4 0, 0, 2;
    %assign/vec4 v0000020c6ef040d0_0, 0;
    %jmp T_2.7;
T_2.2 ;
    %pushi/vec4 1, 0, 1;
    %assign/vec4 v0000020c6ef05c50_0, 0;
    %pushi/vec4 0, 0, 1;
    %assign/vec4 v0000020c6ef03db0_0, 0;
    %load/vec4 v0000020c6ef05b10_0;
    %flag_set/vec4 8;
    %jmp/0xz  T_2.8, 8;
    %pushi/vec4 1, 0, 1;
    %assign/vec4 v0000020c6ef05430_0, 0;
    %load/vec4 v0000020c6ef048f0_0;
    %assign/vec4 v0000020c6ef04fd0_0, 0;
    %pushi/vec4 1, 0, 2;
    %assign/vec4 v0000020c6ef040d0_0, 0;
T_2.8 ;
    %jmp T_2.7;
T_2.3 ;
    %pushi/vec4 0, 0, 1;
    %assign/vec4 v0000020c6ef05c50_0, 0;
    %load/vec4 v0000020c6ef057f0_0;
    %flag_set/vec4 8;
    %jmp/0xz  T_2.10, 8;
    %pushi/vec4 2, 0, 2;
    %assign/vec4 v0000020c6ef040d0_0, 0;
    %pushi/vec4 0, 0, 4;
    %assign/vec4 v0000020c6ef05110_0, 0;
T_2.10 ;
    %jmp T_2.7;
T_2.4 ;
    %load/vec4 v0000020c6ef04fd0_0;
    %parti/s 1, 0, 2;
    %assign/vec4 v0000020c6ef05c50_0, 0;
    %load/vec4 v0000020c6ef057f0_0;
    %flag_set/vec4 8;
    %jmp/0xz  T_2.12, 8;
    %load/vec4 v0000020c6ef05110_0;
    %cmpi/e 7, 0, 4;
    %jmp/0xz  T_2.14, 4;
    %pushi/vec4 3, 0, 2;
    %assign/vec4 v0000020c6ef040d0_0, 0;
    %jmp T_2.15;
T_2.14 ;
    %load/vec4 v0000020c6ef05110_0;
    %addi 1, 0, 4;
    %assign/vec4 v0000020c6ef05110_0, 0;
    %pushi/vec4 1, 0, 1;
    %load/vec4 v0000020c6ef04fd0_0;
    %parti/s 7, 1, 2;
    %concat/vec4; draw_concat_vec4
    %assign/vec4 v0000020c6ef04fd0_0, 0;
T_2.15 ;
T_2.12 ;
    %jmp T_2.7;
T_2.5 ;
    %pushi/vec4 1, 0, 1;
    %assign/vec4 v0000020c6ef03db0_0, 0;
    %pushi/vec4 1, 0, 1;
    %assign/vec4 v0000020c6ef05c50_0, 0;
    %load/vec4 v0000020c6ef057f0_0;
    %flag_set/vec4 8;
    %jmp/0xz  T_2.16, 8;
    %pushi/vec4 0, 0, 1;
    %store/vec4 v0000020c6ef05430_0, 0, 1;
    %pushi/vec4 0, 0, 1;
    %store/vec4 v0000020c6ef03db0_0, 0, 1;
    %pushi/vec4 0, 0, 2;
    %assign/vec4 v0000020c6ef040d0_0, 0;
T_2.16 ;
    %jmp T_2.7;
T_2.7 ;
    %pop/vec4 1;
T_2.1 ;
    %jmp T_2;
    .thread T_2;
    .scope S_0000020c6ee8a010;
T_3 ;
    %wait E_0000020c6eeab530;
    %load/vec4 v0000020c6ef04990_0;
    %flag_set/vec4 8;
    %jmp/0xz  T_3.0, 8;
    %pushi/vec4 0, 0, 1;
    %assign/vec4 v0000020c6ef05070_0, 0;
    %pushi/vec4 0, 0, 1;
    %assign/vec4 v0000020c6ef05250_0, 0;
    %pushi/vec4 0, 0, 8;
    %assign/vec4 v0000020c6ef054d0_0, 0;
    %pushi/vec4 0, 0, 2;
    %assign/vec4 v0000020c6ef04c10_0, 0;
    %jmp T_3.1;
T_3.0 ;
    %load/vec4 v0000020c6ef04c10_0;
    %dup/vec4;
    %pushi/vec4 0, 0, 2;
    %cmp/u;
    %jmp/1 T_3.2, 6;
    %dup/vec4;
    %pushi/vec4 1, 0, 2;
    %cmp/u;
    %jmp/1 T_3.3, 6;
    %dup/vec4;
    %pushi/vec4 2, 0, 2;
    %cmp/u;
    %jmp/1 T_3.4, 6;
    %dup/vec4;
    %pushi/vec4 3, 0, 2;
    %cmp/u;
    %jmp/1 T_3.5, 6;
    %pushi/vec4 0, 0, 2;
    %assign/vec4 v0000020c6ef04c10_0, 0;
    %jmp T_3.7;
T_3.2 ;
    %load/vec4 v0000020c6ef04850_0;
    %pad/u 32;
    %pushi/vec4 0, 0, 32;
    %cmp/e;
    %flag_get/vec4 4;
    %load/vec4 v0000020c6ef056b0_0;
    %pad/u 32;
    %pushi/vec4 0, 0, 32;
    %cmp/e;
    %flag_get/vec4 4;
    %and;
    %flag_set/vec4 8;
    %jmp/0xz  T_3.8, 8;
    %pushi/vec4 1, 0, 2;
    %assign/vec4 v0000020c6ef04c10_0, 0;
    %jmp T_3.9;
T_3.8 ;
    %pushi/vec4 0, 0, 2;
    %assign/vec4 v0000020c6ef04c10_0, 0;
T_3.9 ;
    %jmp T_3.7;
T_3.3 ;
    %pushi/vec4 1, 0, 1;
    %assign/vec4 v0000020c6ef05070_0, 0;
    %pushi/vec4 2, 0, 2;
    %assign/vec4 v0000020c6ef04c10_0, 0;
    %jmp T_3.7;
T_3.4 ;
    %pushi/vec4 0, 0, 1;
    %assign/vec4 v0000020c6ef05070_0, 0;
    %load/vec4 v0000020c6ef047b0_0;
    %assign/vec4 v0000020c6ef054d0_0, 0;
    %pushi/vec4 1, 0, 1;
    %assign/vec4 v0000020c6ef05250_0, 0;
    %pushi/vec4 3, 0, 2;
    %assign/vec4 v0000020c6ef04c10_0, 0;
    %jmp T_3.7;
T_3.5 ;
    %load/vec4 v0000020c6ef05bb0_0;
    %flag_set/vec4 8;
    %jmp/0xz  T_3.10, 8;
    %pushi/vec4 0, 0, 2;
    %assign/vec4 v0000020c6ef04c10_0, 0;
    %jmp T_3.11;
T_3.10 ;
    %pushi/vec4 3, 0, 2;
    %assign/vec4 v0000020c6ef04c10_0, 0;
T_3.11 ;
    %jmp T_3.7;
T_3.7 ;
    %pop/vec4 1;
T_3.1 ;
    %jmp T_3;
    .thread T_3;
    .scope S_0000020c6ee845c0;
T_4 ;
    %delay 10000, 0;
    %load/vec4 v0000020c6ef03f90_0;
    %inv;
    %store/vec4 v0000020c6ef03f90_0, 0, 1;
    %jmp T_4;
    .thread T_4;
    .scope S_0000020c6ee845c0;
T_5 ;
    %vpi_call 2 16 "$dumpfile", "dump.vcd" {0 0 0};
    %vpi_call 2 17 "$dumpvars", 32'sb00000000000000000000000000000000, S_0000020c6ee845c0 {0 0 0};
    %pushi/vec4 0, 0, 1;
    %store/vec4 v0000020c6ef03f90_0, 0, 1;
    %pushi/vec4 1, 0, 1;
    %store/vec4 v0000020c6ef059d0_0, 0, 1;
    %pushi/vec4 0, 0, 1;
    %store/vec4 v0000020c6ef05a70_0, 0, 1;
    %pushi/vec4 0, 0, 8;
    %store/vec4 v0000020c6ef042b0_0, 0, 8;
    %delay 60000, 0;
    %wait E_0000020c6eeab530;
    %pushi/vec4 0, 0, 1;
    %store/vec4 v0000020c6ef059d0_0, 0, 1;
    %wait E_0000020c6eeab530;
    %vpi_call 2 30 "$display", "[TB STATUS] Pre-loading FIFO with 4 consecutive bytes..." {0 0 0};
    %pushi/vec4 222, 0, 8;
    %store/vec4 v0000020c6ef042b0_0, 0, 8;
    %pushi/vec4 1, 0, 1;
    %store/vec4 v0000020c6ef05a70_0, 0, 1;
    %wait E_0000020c6eeab530;
    %pushi/vec4 173, 0, 8;
    %store/vec4 v0000020c6ef042b0_0, 0, 8;
    %wait E_0000020c6eeab530;
    %pushi/vec4 190, 0, 8;
    %store/vec4 v0000020c6ef042b0_0, 0, 8;
    %wait E_0000020c6eeab530;
    %pushi/vec4 239, 0, 8;
    %store/vec4 v0000020c6ef042b0_0, 0, 8;
    %wait E_0000020c6eeab530;
    %pushi/vec4 0, 0, 1;
    %store/vec4 v0000020c6ef05a70_0, 0, 1;
    %pushi/vec4 0, 0, 8;
    %store/vec4 v0000020c6ef042b0_0, 0, 8;
    %delay 2600000000, 0;
    %wait E_0000020c6eeab530;
    %pushi/vec4 222, 0, 8;
    %store/vec4 v0000020c6ef042b0_0, 0, 8;
    %pushi/vec4 1, 0, 1;
    %store/vec4 v0000020c6ef05a70_0, 0, 1;
    %wait E_0000020c6eeab530;
    %pushi/vec4 0, 0, 1;
    %store/vec4 v0000020c6ef05a70_0, 0, 1;
    %pushi/vec4 0, 0, 8;
    %store/vec4 v0000020c6ef042b0_0, 0, 8;
    %delay 1345294336, 9;
    %vpi_call 2 55 "$display", "[TB SUCCESS] All bytes processed. Open your GTKWave interface to check execution layout!" {0 0 0};
    %vpi_call 2 56 "$finish" {0 0 0};
    %end;
    .thread T_5;
# The file index is used to find the file name in the following table.
:file_names 7;
    "N/A";
    "<interactive>";
    "tb_project.v";
    "./project.v";
    "./fifo.v";
    "./uart.v";
    "./handshake_fsm.v";
