#! /c/Source/iverilog-install/bin/vvp
:ivl_version "12.0 (devel)" "(s20150603-1110-g18392a46)";
:ivl_delay_selection "TYPICAL";
:vpi_time_precision + 0;
:vpi_module "C:\iverilog\lib\ivl\system.vpi";
:vpi_module "C:\iverilog\lib\ivl\vhdl_sys.vpi";
:vpi_module "C:\iverilog\lib\ivl\vhdl_textio.vpi";
:vpi_module "C:\iverilog\lib\ivl\v2005_math.vpi";
:vpi_module "C:\iverilog\lib\ivl\va_math.vpi";
S_000001c50bcb6890 .scope module, "tb_ring_counter" "tb_ring_counter" 2 1;
 .timescale 0 0;
v000001c50bbfbeb0_0 .var "clk", 0 0;
v000001c50bcb6bb0_0 .net "q", 3 0, v000001c50bc82b70_0;  1 drivers
v000001c50bcb6c50_0 .var "rst", 0 0;
S_000001c50bcb6a20 .scope module, "uut" "ring_counter" 2 5, 3 1 0, S_000001c50bcb6890;
 .timescale 0 0;
    .port_info 0 /INPUT 1 "clk";
    .port_info 1 /INPUT 1 "rst";
    .port_info 2 /OUTPUT 4 "q";
v000001c50bc832b0_0 .net "clk", 0 0, v000001c50bbfbeb0_0;  1 drivers
v000001c50bc82b70_0 .var "q", 3 0;
v000001c50bbfa990_0 .net "rst", 0 0, v000001c50bcb6c50_0;  1 drivers
E_000001c50bbfc0f0 .event posedge, v000001c50bc832b0_0;
    .scope S_000001c50bcb6a20;
T_0 ;
    %wait E_000001c50bbfc0f0;
    %load/vec4 v000001c50bbfa990_0;
    %pad/u 32;
    %cmpi/e 1, 0, 32;
    %jmp/0xz  T_0.0, 4;
    %pushi/vec4 8, 0, 4;
    %assign/vec4 v000001c50bc82b70_0, 0;
    %jmp T_0.1;
T_0.0 ;
    %load/vec4 v000001c50bc82b70_0;
    %parti/s 1, 0, 2;
    %load/vec4 v000001c50bc82b70_0;
    %parti/s 3, 1, 2;
    %concat/vec4; draw_concat_vec4
    %assign/vec4 v000001c50bc82b70_0, 0;
T_0.1 ;
    %jmp T_0;
    .thread T_0;
    .scope S_000001c50bcb6890;
T_1 ;
    %delay 5, 0;
    %load/vec4 v000001c50bbfbeb0_0;
    %inv;
    %store/vec4 v000001c50bbfbeb0_0, 0, 1;
    %jmp T_1;
    .thread T_1;
    .scope S_000001c50bcb6890;
T_2 ;
    %vpi_call 2 10 "$dumpfile", "dump.vcd" {0 0 0};
    %vpi_call 2 11 "$dumpvars", 32'sb00000000000000000000000000000000, S_000001c50bcb6890 {0 0 0};
    %pushi/vec4 0, 0, 1;
    %store/vec4 v000001c50bcb6c50_0, 0, 1;
    %pushi/vec4 0, 0, 1;
    %store/vec4 v000001c50bbfbeb0_0, 0, 1;
    %delay 3, 0;
    %pushi/vec4 1, 0, 1;
    %store/vec4 v000001c50bcb6c50_0, 0, 1;
    %delay 3, 0;
    %pushi/vec4 0, 0, 1;
    %store/vec4 v000001c50bcb6c50_0, 0, 1;
    %delay 100, 0;
    %vpi_call 2 15 "$finish" {0 0 0};
    %end;
    .thread T_2;
# The file index is used to find the file name in the following table.
:file_names 4;
    "N/A";
    "<interactive>";
    "tb_ring_counter.v";
    "./ring_counter.v";
