#! /c/Source/iverilog-install/bin/vvp
:ivl_version "12.0 (devel)" "(s20150603-1110-g18392a46)";
:ivl_delay_selection "TYPICAL";
:vpi_time_precision + 0;
:vpi_module "C:\iverilog\lib\ivl\system.vpi";
:vpi_module "C:\iverilog\lib\ivl\vhdl_sys.vpi";
:vpi_module "C:\iverilog\lib\ivl\vhdl_textio.vpi";
:vpi_module "C:\iverilog\lib\ivl\v2005_math.vpi";
:vpi_module "C:\iverilog\lib\ivl\va_math.vpi";
S_00000204a69f6930 .scope module, "tb_clock_divider" "tb_clock_divider" 2 1;
 .timescale 0 0;
v00000204a6a3f000_0 .var "clk_in", 0 0;
v00000204a6a3f8b0_0 .net "clk_out", 0 0, v00000204a69c2c80_0;  1 drivers
v00000204a6a3f950_0 .var "rst", 0 0;
S_00000204a69f6ac0 .scope module, "uut" "clock_divider" 2 5, 3 1 0, S_00000204a69f6930;
 .timescale 0 0;
    .port_info 0 /INPUT 1 "clk_in";
    .port_info 1 /OUTPUT 1 "clk_out";
    .port_info 2 /INPUT 1 "rst";
P_00000204a6b2a600 .param/l "DIVISOR" 0 3 1, +C4<00000000000000000000000000000100>;
v00000204a69c3250_0 .net "clk_in", 0 0, v00000204a6a3f000_0;  1 drivers
v00000204a69c2c80_0 .var "clk_out", 0 0;
v00000204a69f6c50_0 .var "count", 3 0;
v00000204a69f6cf0_0 .net "rst", 0 0, v00000204a6a3f950_0;  1 drivers
E_00000204a6b2ad40 .event posedge, v00000204a69c3250_0;
    .scope S_00000204a69f6ac0;
T_0 ;
    %wait E_00000204a6b2ad40;
    %load/vec4 v00000204a69f6cf0_0;
    %pad/u 32;
    %cmpi/e 1, 0, 32;
    %jmp/0xz  T_0.0, 4;
    %pushi/vec4 0, 0, 4;
    %assign/vec4 v00000204a69f6c50_0, 0;
    %pushi/vec4 0, 0, 1;
    %assign/vec4 v00000204a69c2c80_0, 0;
    %jmp T_0.1;
T_0.0 ;
    %load/vec4 v00000204a69f6c50_0;
    %pad/u 32;
    %cmpi/e 1, 0, 32;
    %jmp/0xz  T_0.2, 4;
    %pushi/vec4 0, 0, 4;
    %assign/vec4 v00000204a69f6c50_0, 0;
    %load/vec4 v00000204a69c2c80_0;
    %inv;
    %assign/vec4 v00000204a69c2c80_0, 0;
    %jmp T_0.3;
T_0.2 ;
    %load/vec4 v00000204a69f6c50_0;
    %addi 1, 0, 4;
    %assign/vec4 v00000204a69f6c50_0, 0;
T_0.3 ;
T_0.1 ;
    %jmp T_0;
    .thread T_0;
    .scope S_00000204a69f6930;
T_1 ;
    %delay 5, 0;
    %load/vec4 v00000204a6a3f000_0;
    %inv;
    %store/vec4 v00000204a6a3f000_0, 0, 1;
    %jmp T_1;
    .thread T_1;
    .scope S_00000204a69f6930;
T_2 ;
    %vpi_call 2 11 "$dumpfile", "dump.vcd" {0 0 0};
    %vpi_call 2 12 "$dumpvars", 32'sb00000000000000000000000000000000, S_00000204a69f6930 {0 0 0};
    %pushi/vec4 0, 0, 1;
    %store/vec4 v00000204a6a3f950_0, 0, 1;
    %pushi/vec4 0, 0, 1;
    %store/vec4 v00000204a6a3f000_0, 0, 1;
    %delay 3, 0;
    %pushi/vec4 1, 0, 1;
    %store/vec4 v00000204a6a3f950_0, 0, 1;
    %delay 3, 0;
    %pushi/vec4 0, 0, 1;
    %store/vec4 v00000204a6a3f950_0, 0, 1;
    %delay 300, 0;
    %vpi_call 2 18 "$finish" {0 0 0};
    %end;
    .thread T_2;
# The file index is used to find the file name in the following table.
:file_names 4;
    "N/A";
    "<interactive>";
    "tb_clock_divider.v";
    "./clock_divider.v";
