#! /c/Source/iverilog-install/bin/vvp
:ivl_version "12.0 (devel)" "(s20150603-1110-g18392a46)";
:ivl_delay_selection "TYPICAL";
:vpi_time_precision - 12;
:vpi_module "C:\iverilog\lib\ivl\system.vpi";
:vpi_module "C:\iverilog\lib\ivl\vhdl_sys.vpi";
:vpi_module "C:\iverilog\lib\ivl\vhdl_textio.vpi";
:vpi_module "C:\iverilog\lib\ivl\v2005_math.vpi";
:vpi_module "C:\iverilog\lib\ivl\va_math.vpi";
S_000002bc7be142e0 .scope module, "tb_project" "tb_project" 2 3;
 .timescale -9 -12;
v000002bc7be87dd0_0 .var "clk", 0 0;
v000002bc7be884b0_0 .var "data_in", 7 0;
v000002bc7be88230_0 .net "empty", 0 0, L_000002bc7bdf9160;  1 drivers
v000002bc7be87fb0_0 .net "full", 0 0, L_000002bc7be8c250;  1 drivers
v000002bc7be880f0_0 .var "rst", 0 0;
v000002bc7be88550_0 .net "tx_out", 0 0, v000002bc7be873d0_0;  1 drivers
v000002bc7be88690_0 .var "wi_en", 0 0;
S_000002bc7be14470 .scope module, "uut" "project" 2 14, 3 4 0, S_000002bc7be142e0;
 .timescale -9 -12;
    .port_info 0 /INPUT 1 "clk";
    .port_info 1 /INPUT 1 "rst";
    .port_info 2 /INPUT 8 "data_in";
    .port_info 3 /INPUT 1 "wi_en";
    .port_info 4 /OUTPUT 1 "full";
    .port_info 5 /OUTPUT 1 "empty";
    .port_info 6 /OUTPUT 1 "tx_out";
L_000002bc7bdf9160 .functor BUFZ 1, L_000002bc7be8b2b0, C4<0>, C4<0>, C4<0>;
v000002bc7be88410_0 .net "clk", 0 0, v000002bc7be87dd0_0;  1 drivers
v000002bc7be88190_0 .net "data_in", 7 0, v000002bc7be884b0_0;  1 drivers
v000002bc7be88910_0 .net "empty", 0 0, L_000002bc7bdf9160;  alias, 1 drivers
v000002bc7be88f50_0 .net "fifo_dout", 7 0, L_000002bc7be8cd90;  1 drivers
v000002bc7be878d0_0 .net "fifo_empty", 0 0, L_000002bc7be8b2b0;  1 drivers
v000002bc7be885f0_0 .net "fifo_rd_en", 0 0, v000002bc7be887d0_0;  1 drivers
v000002bc7be89130_0 .net "full", 0 0, L_000002bc7be8c250;  alias, 1 drivers
v000002bc7be87650_0 .net "rst", 0 0, v000002bc7be880f0_0;  1 drivers
v000002bc7be87470_0 .net "tx_busy", 0 0, v000002bc7be88af0_0;  1 drivers
v000002bc7be88050_0 .net "tx_done", 0 0, v000002bc7be87290_0;  1 drivers
v000002bc7be87510_0 .net "tx_out", 0 0, v000002bc7be873d0_0;  alias, 1 drivers
v000002bc7be88730_0 .net "tx_send", 0 0, v000002bc7be882d0_0;  1 drivers
v000002bc7be87970_0 .net "uart_din", 7 0, v000002bc7be87c90_0;  1 drivers
v000002bc7be875b0_0 .net "wi_en", 0 0, v000002bc7be88690_0;  1 drivers
S_000002bc7be14600 .scope module, "inst" "fifo" 3 22, 4 1 0, S_000002bc7be14470;
 .timescale -9 -12;
    .port_info 0 /INPUT 8 "data_in";
    .port_info 1 /OUTPUT 8 "data_out";
    .port_info 2 /INPUT 1 "clk";
    .port_info 3 /INPUT 1 "rst";
    .port_info 4 /INPUT 1 "wi_en";
    .port_info 5 /INPUT 1 "rd_en";
    .port_info 6 /OUTPUT 1 "full";
    .port_info 7 /OUTPUT 1 "empty";
L_000002bc7bdf9550 .functor OR 1, L_000002bc7be8bcb0, v000002bc7be887d0_0, C4<0>, C4<0>;
L_000002bc7bdf9080 .functor AND 1, v000002bc7be88690_0, L_000002bc7bdf9550, C4<1>, C4<1>;
L_000002bc7bdf9630 .functor OR 1, L_000002bc7be8c7f0, v000002bc7be88690_0, C4<0>, C4<0>;
L_000002bc7bdf9e80 .functor AND 1, v000002bc7be887d0_0, L_000002bc7bdf9630, C4<1>, C4<1>;
L_000002bc7bdf9940 .functor AND 1, L_000002bc7be8b2b0, v000002bc7be88690_0, C4<1>, C4<1>;
v000002bc7bdfaa90_0 .net *"_ivl_1", 0 0, L_000002bc7be8bcb0;  1 drivers
L_000002bc7bf80088 .functor BUFT 1, C4<000>, C4<0>, C4<0>, C4<0>;
v000002bc7bdfab30_0 .net/2u *"_ivl_12", 2 0, L_000002bc7bf80088;  1 drivers
L_000002bc7bf800d0 .functor BUFT 1, C4<111>, C4<0>, C4<0>, C4<0>;
v000002bc7bdfa810_0 .net/2u *"_ivl_16", 2 0, L_000002bc7bf800d0;  1 drivers
v000002bc7bdfa3b0_0 .net *"_ivl_21", 0 0, L_000002bc7bdf9940;  1 drivers
v000002bc7bdfabd0_0 .net *"_ivl_22", 7 0, L_000002bc7be8cbb0;  1 drivers
v000002bc7bdfa450_0 .net *"_ivl_24", 4 0, L_000002bc7be8ced0;  1 drivers
L_000002bc7bf80118 .functor BUFT 1, C4<00>, C4<0>, C4<0>, C4<0>;
v000002bc7bdfaf90_0 .net *"_ivl_27", 1 0, L_000002bc7bf80118;  1 drivers
v000002bc7bdfac70_0 .net *"_ivl_3", 0 0, L_000002bc7bdf9550;  1 drivers
v000002bc7bdfa8b0_0 .net *"_ivl_7", 0 0, L_000002bc7be8c7f0;  1 drivers
v000002bc7bdfad10_0 .net *"_ivl_9", 0 0, L_000002bc7bdf9630;  1 drivers
v000002bc7bdfa4f0_0 .net "clk", 0 0, v000002bc7be87dd0_0;  alias, 1 drivers
v000002bc7bdfa1d0_0 .var "count", 2 0;
v000002bc7bdfae50_0 .net "data_in", 7 0, v000002bc7be884b0_0;  alias, 1 drivers
v000002bc7bdfa270_0 .net "data_out", 7 0, L_000002bc7be8cd90;  alias, 1 drivers
v000002bc7bdfaef0_0 .net "do_read", 0 0, L_000002bc7bdf9e80;  1 drivers
v000002bc7bdfa630_0 .net "do_write", 0 0, L_000002bc7bdf9080;  1 drivers
v000002bc7bdfa590_0 .net "empty", 0 0, L_000002bc7be8b2b0;  alias, 1 drivers
v000002bc7bdfa6d0_0 .net "full", 0 0, L_000002bc7be8c250;  alias, 1 drivers
v000002bc7bdfa770 .array "mem", 7 0, 7 0;
v000002bc7bdfb030_0 .net "rd_en", 0 0, v000002bc7be887d0_0;  alias, 1 drivers
v000002bc7be88eb0_0 .var "rd_ptr", 2 0;
v000002bc7be87d30_0 .net "rst", 0 0, v000002bc7be880f0_0;  alias, 1 drivers
v000002bc7be876f0_0 .net "wi_en", 0 0, v000002bc7be88690_0;  alias, 1 drivers
v000002bc7be87e70_0 .var "wr_ptr", 2 0;
E_000002bc7bdfd620 .event posedge, v000002bc7bdfa4f0_0;
L_000002bc7be8bcb0 .reduce/nor L_000002bc7be8c250;
L_000002bc7be8c7f0 .reduce/nor L_000002bc7be8b2b0;
L_000002bc7be8b2b0 .cmp/eq 3, v000002bc7bdfa1d0_0, L_000002bc7bf80088;
L_000002bc7be8c250 .cmp/eq 3, v000002bc7bdfa1d0_0, L_000002bc7bf800d0;
L_000002bc7be8cbb0 .array/port v000002bc7bdfa770, L_000002bc7be8ced0;
L_000002bc7be8ced0 .concat [ 3 2 0 0], v000002bc7be88eb0_0, L_000002bc7bf80118;
L_000002bc7be8cd90 .functor MUXZ 8, L_000002bc7be8cbb0, v000002bc7be884b0_0, L_000002bc7bdf9940, C4<>;
S_000002bc7be238e0 .scope module, "instt" "uart" 3 25, 5 1 0, S_000002bc7be14470;
 .timescale -9 -12;
    .port_info 0 /INPUT 1 "rst";
    .port_info 1 /INPUT 1 "clk";
    .port_info 2 /OUTPUT 1 "tx_active";
    .port_info 3 /INPUT 1 "tx_start";
    .port_info 4 /OUTPUT 1 "tx_done";
    .port_info 5 /INPUT 8 "tx_data";
    .port_info 6 /OUTPUT 1 "tx_out";
P_000002bc7be23a70 .param/l "data" 1 5 17, C4<10>;
P_000002bc7be23aa8 .param/l "idle" 1 5 15, C4<00>;
P_000002bc7be23ae0 .param/l "start" 1 5 16, C4<01>;
P_000002bc7be23b18 .param/l "stop" 1 5 18, C4<11>;
L_000002bc7bf80160 .functor BUFT 1, C4<1010001010111>, C4<0>, C4<0>, C4<0>;
v000002bc7be889b0_0 .net/2u *"_ivl_0", 12 0, L_000002bc7bf80160;  1 drivers
v000002bc7be88ff0_0 .var "baud_count", 12 0;
v000002bc7be88b90_0 .net "baud_tick", 0 0, L_000002bc7be8cc50;  1 drivers
v000002bc7be88870_0 .net "clk", 0 0, v000002bc7be87dd0_0;  alias, 1 drivers
v000002bc7be88a50_0 .var "index", 3 0;
v000002bc7be87f10_0 .net "rst", 0 0, v000002bc7be880f0_0;  alias, 1 drivers
v000002bc7be89090_0 .var "st", 1 0;
v000002bc7be88af0_0 .var "tx_active", 0 0;
v000002bc7be87790_0 .net "tx_data", 7 0, v000002bc7be87c90_0;  alias, 1 drivers
v000002bc7be87290_0 .var "tx_done", 0 0;
v000002bc7be873d0_0 .var "tx_out", 0 0;
v000002bc7be87ab0_0 .var "tx_shift", 7 0;
v000002bc7be88370_0 .net "tx_start", 0 0, v000002bc7be882d0_0;  alias, 1 drivers
L_000002bc7be8cc50 .cmp/eq 13, v000002bc7be88ff0_0, L_000002bc7bf80160;
S_000002bc7bdd2860 .scope module, "insttt" "handshake_fsm" 3 28, 6 1 0, S_000002bc7be14470;
 .timescale -9 -12;
    .port_info 0 /OUTPUT 1 "fifo_rd_en";
    .port_info 1 /OUTPUT 1 "uart_send";
    .port_info 2 /OUTPUT 8 "uart_din";
    .port_info 3 /INPUT 1 "tx_done";
    .port_info 4 /INPUT 1 "tx_busy";
    .port_info 5 /INPUT 1 "fifo_empty";
    .port_info 6 /INPUT 8 "fifo_dout";
    .port_info 7 /INPUT 1 "clk";
    .port_info 8 /INPUT 1 "rst";
P_000002bc7be23b60 .param/l "load" 1 6 15, C4<10>;
P_000002bc7be23b98 .param/l "pop" 1 6 14, C4<01>;
P_000002bc7be23bd0 .param/l "transmit" 1 6 16, C4<11>;
P_000002bc7be23c08 .param/l "wait_data" 1 6 13, C4<00>;
v000002bc7be87b50_0 .net "clk", 0 0, v000002bc7be87dd0_0;  alias, 1 drivers
v000002bc7be88c30_0 .net "fifo_dout", 7 0, L_000002bc7be8cd90;  alias, 1 drivers
v000002bc7be88cd0_0 .net "fifo_empty", 0 0, L_000002bc7be8b2b0;  alias, 1 drivers
v000002bc7be887d0_0 .var "fifo_rd_en", 0 0;
v000002bc7be88d70_0 .net "rst", 0 0, v000002bc7be880f0_0;  alias, 1 drivers
v000002bc7be87bf0_0 .var "st", 1 0;
v000002bc7be88e10_0 .net "tx_busy", 0 0, v000002bc7be88af0_0;  alias, 1 drivers
v000002bc7be87830_0 .net "tx_done", 0 0, v000002bc7be87290_0;  alias, 1 drivers
v000002bc7be87c90_0 .var "uart_din", 7 0;
v000002bc7be882d0_0 .var "uart_send", 0 0;
S_000002bc7bdd29f0 .scope task, "write_byte" "write_byte" 2 88, 2 88 0, S_000002bc7be142e0;
 .timescale -9 -12;
v000002bc7be87a10_0 .var "val", 7 0;
TD_tb_project.write_byte ;
    %load/vec4 v000002bc7be87a10_0;
    %store/vec4 v000002bc7be884b0_0, 0, 8;
    %pushi/vec4 1, 0, 1;
    %store/vec4 v000002bc7be88690_0, 0, 1;
    %wait E_000002bc7bdfd620;
    %pushi/vec4 0, 0, 1;
    %store/vec4 v000002bc7be88690_0, 0, 1;
    %end;
    .scope S_000002bc7be14600;
T_1 ;
    %wait E_000002bc7bdfd620;
    %load/vec4 v000002bc7be87d30_0;
    %flag_set/vec4 8;
    %jmp/0xz  T_1.0, 8;
    %pushi/vec4 0, 0, 3;
    %store/vec4 v000002bc7be88eb0_0, 0, 3;
    %pushi/vec4 0, 0, 3;
    %store/vec4 v000002bc7be87e70_0, 0, 3;
    %pushi/vec4 0, 0, 3;
    %store/vec4 v000002bc7bdfa1d0_0, 0, 3;
    %jmp T_1.1;
T_1.0 ;
    %load/vec4 v000002bc7bdfa630_0;
    %flag_set/vec4 8;
    %jmp/0xz  T_1.2, 8;
    %load/vec4 v000002bc7be87e70_0;
    %addi 1, 0, 3;
    %assign/vec4 v000002bc7be87e70_0, 0;
    %load/vec4 v000002bc7bdfae50_0;
    %load/vec4 v000002bc7be87e70_0;
    %pad/u 5;
    %ix/vec4 3;
    %ix/load 4, 0, 0; Constant delay
    %assign/vec4/a/d v000002bc7bdfa770, 0, 4;
T_1.2 ;
    %load/vec4 v000002bc7bdfaef0_0;
    %flag_set/vec4 8;
    %jmp/0xz  T_1.4, 8;
    %load/vec4 v000002bc7be88eb0_0;
    %addi 1, 0, 3;
    %assign/vec4 v000002bc7be88eb0_0, 0;
T_1.4 ;
    %load/vec4 v000002bc7bdfa630_0;
    %load/vec4 v000002bc7bdfaef0_0;
    %concat/vec4; draw_concat_vec4
    %dup/vec4;
    %pushi/vec4 1, 0, 2;
    %cmp/u;
    %jmp/1 T_1.6, 6;
    %dup/vec4;
    %pushi/vec4 2, 0, 2;
    %cmp/u;
    %jmp/1 T_1.7, 6;
    %load/vec4 v000002bc7bdfa1d0_0;
    %assign/vec4 v000002bc7bdfa1d0_0, 0;
    %jmp T_1.9;
T_1.6 ;
    %load/vec4 v000002bc7bdfa1d0_0;
    %addi 1, 0, 3;
    %assign/vec4 v000002bc7bdfa1d0_0, 0;
    %jmp T_1.9;
T_1.7 ;
    %load/vec4 v000002bc7bdfa1d0_0;
    %subi 1, 0, 3;
    %assign/vec4 v000002bc7bdfa1d0_0, 0;
    %jmp T_1.9;
T_1.9 ;
    %pop/vec4 1;
T_1.1 ;
    %jmp T_1;
    .thread T_1;
    .scope S_000002bc7be238e0;
T_2 ;
    %wait E_000002bc7bdfd620;
    %load/vec4 v000002bc7be87f10_0;
    %flag_set/vec4 8;
    %jmp/0xz  T_2.0, 8;
    %pushi/vec4 0, 0, 13;
    %assign/vec4 v000002bc7be88ff0_0, 0;
    %jmp T_2.1;
T_2.0 ;
    %load/vec4 v000002bc7be88af0_0;
    %flag_set/vec4 8;
    %jmp/0xz  T_2.2, 8;
    %load/vec4 v000002bc7be88b90_0;
    %flag_set/vec4 8;
    %jmp/0xz  T_2.4, 8;
    %pushi/vec4 0, 0, 13;
    %assign/vec4 v000002bc7be88ff0_0, 0;
    %jmp T_2.5;
T_2.4 ;
    %load/vec4 v000002bc7be88ff0_0;
    %addi 1, 0, 13;
    %assign/vec4 v000002bc7be88ff0_0, 0;
T_2.5 ;
    %jmp T_2.3;
T_2.2 ;
    %pushi/vec4 0, 0, 13;
    %assign/vec4 v000002bc7be88ff0_0, 0;
T_2.3 ;
T_2.1 ;
    %jmp T_2;
    .thread T_2;
    .scope S_000002bc7be238e0;
T_3 ;
    %wait E_000002bc7bdfd620;
    %load/vec4 v000002bc7be87f10_0;
    %flag_set/vec4 8;
    %jmp/0xz  T_3.0, 8;
    %pushi/vec4 0, 0, 2;
    %assign/vec4 v000002bc7be89090_0, 0;
    %pushi/vec4 0, 0, 4;
    %assign/vec4 v000002bc7be88a50_0, 0;
    %pushi/vec4 0, 0, 8;
    %assign/vec4 v000002bc7be87ab0_0, 0;
    %pushi/vec4 0, 0, 1;
    %assign/vec4 v000002bc7be88af0_0, 0;
    %pushi/vec4 0, 0, 1;
    %assign/vec4 v000002bc7be87290_0, 0;
    %pushi/vec4 0, 0, 1;
    %assign/vec4 v000002bc7be873d0_0, 0;
    %jmp T_3.1;
T_3.0 ;
    %load/vec4 v000002bc7be89090_0;
    %dup/vec4;
    %pushi/vec4 0, 0, 2;
    %cmp/u;
    %jmp/1 T_3.2, 6;
    %dup/vec4;
    %pushi/vec4 1, 0, 2;
    %cmp/u;
    %jmp/1 T_3.3, 6;
    %dup/vec4;
    %pushi/vec4 2, 0, 2;
    %cmp/u;
    %jmp/1 T_3.4, 6;
    %dup/vec4;
    %pushi/vec4 3, 0, 2;
    %cmp/u;
    %jmp/1 T_3.5, 6;
    %pushi/vec4 0, 0, 2;
    %assign/vec4 v000002bc7be89090_0, 0;
    %jmp T_3.7;
T_3.2 ;
    %pushi/vec4 1, 0, 1;
    %assign/vec4 v000002bc7be873d0_0, 0;
    %pushi/vec4 0, 0, 1;
    %assign/vec4 v000002bc7be87290_0, 0;
    %load/vec4 v000002bc7be88370_0;
    %flag_set/vec4 8;
    %jmp/0xz  T_3.8, 8;
    %pushi/vec4 1, 0, 1;
    %assign/vec4 v000002bc7be88af0_0, 0;
    %load/vec4 v000002bc7be87790_0;
    %assign/vec4 v000002bc7be87ab0_0, 0;
    %pushi/vec4 1, 0, 2;
    %assign/vec4 v000002bc7be89090_0, 0;
T_3.8 ;
    %jmp T_3.7;
T_3.3 ;
    %pushi/vec4 0, 0, 1;
    %assign/vec4 v000002bc7be873d0_0, 0;
    %load/vec4 v000002bc7be88b90_0;
    %flag_set/vec4 8;
    %jmp/0xz  T_3.10, 8;
    %pushi/vec4 2, 0, 2;
    %assign/vec4 v000002bc7be89090_0, 0;
    %pushi/vec4 0, 0, 4;
    %assign/vec4 v000002bc7be88a50_0, 0;
T_3.10 ;
    %jmp T_3.7;
T_3.4 ;
    %load/vec4 v000002bc7be87ab0_0;
    %parti/s 1, 0, 2;
    %assign/vec4 v000002bc7be873d0_0, 0;
    %load/vec4 v000002bc7be88b90_0;
    %flag_set/vec4 8;
    %jmp/0xz  T_3.12, 8;
    %load/vec4 v000002bc7be88a50_0;
    %cmpi/e 7, 0, 4;
    %jmp/0xz  T_3.14, 4;
    %pushi/vec4 3, 0, 2;
    %assign/vec4 v000002bc7be89090_0, 0;
    %jmp T_3.15;
T_3.14 ;
    %load/vec4 v000002bc7be88a50_0;
    %addi 1, 0, 4;
    %assign/vec4 v000002bc7be88a50_0, 0;
    %pushi/vec4 1, 0, 1;
    %load/vec4 v000002bc7be87ab0_0;
    %parti/s 7, 1, 2;
    %concat/vec4; draw_concat_vec4
    %assign/vec4 v000002bc7be87ab0_0, 0;
T_3.15 ;
T_3.12 ;
    %jmp T_3.7;
T_3.5 ;
    %pushi/vec4 1, 0, 1;
    %assign/vec4 v000002bc7be87290_0, 0;
    %pushi/vec4 1, 0, 1;
    %assign/vec4 v000002bc7be873d0_0, 0;
    %load/vec4 v000002bc7be88b90_0;
    %flag_set/vec4 8;
    %jmp/0xz  T_3.16, 8;
    %pushi/vec4 0, 0, 1;
    %store/vec4 v000002bc7be88af0_0, 0, 1;
    %pushi/vec4 0, 0, 1;
    %store/vec4 v000002bc7be87290_0, 0, 1;
    %pushi/vec4 0, 0, 2;
    %assign/vec4 v000002bc7be89090_0, 0;
T_3.16 ;
    %jmp T_3.7;
T_3.7 ;
    %pop/vec4 1;
T_3.1 ;
    %jmp T_3;
    .thread T_3;
    .scope S_000002bc7bdd2860;
T_4 ;
    %wait E_000002bc7bdfd620;
    %load/vec4 v000002bc7be88d70_0;
    %flag_set/vec4 8;
    %jmp/0xz  T_4.0, 8;
    %pushi/vec4 0, 0, 1;
    %assign/vec4 v000002bc7be887d0_0, 0;
    %pushi/vec4 0, 0, 1;
    %assign/vec4 v000002bc7be882d0_0, 0;
    %pushi/vec4 0, 0, 8;
    %assign/vec4 v000002bc7be87c90_0, 0;
    %pushi/vec4 0, 0, 2;
    %assign/vec4 v000002bc7be87bf0_0, 0;
    %jmp T_4.1;
T_4.0 ;
    %load/vec4 v000002bc7be87bf0_0;
    %dup/vec4;
    %pushi/vec4 0, 0, 2;
    %cmp/u;
    %jmp/1 T_4.2, 6;
    %dup/vec4;
    %pushi/vec4 1, 0, 2;
    %cmp/u;
    %jmp/1 T_4.3, 6;
    %dup/vec4;
    %pushi/vec4 2, 0, 2;
    %cmp/u;
    %jmp/1 T_4.4, 6;
    %dup/vec4;
    %pushi/vec4 3, 0, 2;
    %cmp/u;
    %jmp/1 T_4.5, 6;
    %pushi/vec4 0, 0, 2;
    %assign/vec4 v000002bc7be87bf0_0, 0;
    %jmp T_4.7;
T_4.2 ;
    %load/vec4 v000002bc7be88cd0_0;
    %pad/u 32;
    %pushi/vec4 0, 0, 32;
    %cmp/e;
    %flag_get/vec4 4;
    %load/vec4 v000002bc7be88e10_0;
    %pad/u 32;
    %pushi/vec4 0, 0, 32;
    %cmp/e;
    %flag_get/vec4 4;
    %and;
    %flag_set/vec4 8;
    %jmp/0xz  T_4.8, 8;
    %pushi/vec4 1, 0, 2;
    %assign/vec4 v000002bc7be87bf0_0, 0;
    %jmp T_4.9;
T_4.8 ;
    %pushi/vec4 0, 0, 2;
    %assign/vec4 v000002bc7be87bf0_0, 0;
T_4.9 ;
    %jmp T_4.7;
T_4.3 ;
    %pushi/vec4 1, 0, 1;
    %assign/vec4 v000002bc7be887d0_0, 0;
    %pushi/vec4 2, 0, 2;
    %assign/vec4 v000002bc7be87bf0_0, 0;
    %jmp T_4.7;
T_4.4 ;
    %pushi/vec4 0, 0, 1;
    %assign/vec4 v000002bc7be887d0_0, 0;
    %load/vec4 v000002bc7be88c30_0;
    %assign/vec4 v000002bc7be87c90_0, 0;
    %pushi/vec4 1, 0, 1;
    %assign/vec4 v000002bc7be882d0_0, 0;
    %pushi/vec4 3, 0, 2;
    %assign/vec4 v000002bc7be87bf0_0, 0;
    %jmp T_4.7;
T_4.5 ;
    %load/vec4 v000002bc7be87830_0;
    %flag_set/vec4 8;
    %jmp/0xz  T_4.10, 8;
    %pushi/vec4 0, 0, 2;
    %assign/vec4 v000002bc7be87bf0_0, 0;
    %jmp T_4.11;
T_4.10 ;
    %pushi/vec4 3, 0, 2;
    %assign/vec4 v000002bc7be87bf0_0, 0;
T_4.11 ;
    %jmp T_4.7;
T_4.7 ;
    %pop/vec4 1;
T_4.1 ;
    %jmp T_4;
    .thread T_4;
    .scope S_000002bc7be142e0;
T_5 ;
    %delay 10000, 0;
    %load/vec4 v000002bc7be87dd0_0;
    %inv;
    %store/vec4 v000002bc7be87dd0_0, 0, 1;
    %jmp T_5;
    .thread T_5;
    .scope S_000002bc7be142e0;
T_6 ;
    %vpi_call 2 28 "$dumpfile", "dump.vcd" {0 0 0};
    %vpi_call 2 29 "$dumpvars", 32'sb00000000000000000000000000000000, S_000002bc7be142e0 {0 0 0};
    %pushi/vec4 0, 0, 1;
    %store/vec4 v000002bc7be87dd0_0, 0, 1;
    %pushi/vec4 1, 0, 1;
    %store/vec4 v000002bc7be880f0_0, 0, 1;
    %pushi/vec4 0, 0, 1;
    %store/vec4 v000002bc7be88690_0, 0, 1;
    %pushi/vec4 0, 0, 8;
    %store/vec4 v000002bc7be884b0_0, 0, 8;
    %pushi/vec4 1, 0, 1;
    %force/vec4 v000002bc7be88d70_0;
    %delay 60000, 0;
    %wait E_000002bc7bdfd620;
    %pushi/vec4 0, 0, 1;
    %store/vec4 v000002bc7be880f0_0, 0, 1;
    %wait E_000002bc7bdfd620;
    %vpi_call 2 48 "$display", "[TB] Initiating 10-byte write burst into 8-deep FIFO..." {0 0 0};
    %pushi/vec4 1, 0, 8;
    %store/vec4 v000002bc7be87a10_0, 0, 8;
    %fork TD_tb_project.write_byte, S_000002bc7bdd29f0;
    %join;
    %pushi/vec4 2, 0, 8;
    %store/vec4 v000002bc7be87a10_0, 0, 8;
    %fork TD_tb_project.write_byte, S_000002bc7bdd29f0;
    %join;
    %pushi/vec4 3, 0, 8;
    %store/vec4 v000002bc7be87a10_0, 0, 8;
    %fork TD_tb_project.write_byte, S_000002bc7bdd29f0;
    %join;
    %pushi/vec4 4, 0, 8;
    %store/vec4 v000002bc7be87a10_0, 0, 8;
    %fork TD_tb_project.write_byte, S_000002bc7bdd29f0;
    %join;
    %pushi/vec4 5, 0, 8;
    %store/vec4 v000002bc7be87a10_0, 0, 8;
    %fork TD_tb_project.write_byte, S_000002bc7bdd29f0;
    %join;
    %pushi/vec4 6, 0, 8;
    %store/vec4 v000002bc7be87a10_0, 0, 8;
    %fork TD_tb_project.write_byte, S_000002bc7bdd29f0;
    %join;
    %pushi/vec4 7, 0, 8;
    %store/vec4 v000002bc7be87a10_0, 0, 8;
    %fork TD_tb_project.write_byte, S_000002bc7bdd29f0;
    %join;
    %pushi/vec4 8, 0, 8;
    %store/vec4 v000002bc7be87a10_0, 0, 8;
    %fork TD_tb_project.write_byte, S_000002bc7bdd29f0;
    %join;
    %pushi/vec4 9, 0, 8;
    %store/vec4 v000002bc7be87a10_0, 0, 8;
    %fork TD_tb_project.write_byte, S_000002bc7bdd29f0;
    %join;
    %pushi/vec4 10, 0, 8;
    %store/vec4 v000002bc7be87a10_0, 0, 8;
    %fork TD_tb_project.write_byte, S_000002bc7bdd29f0;
    %join;
    %pushi/vec4 0, 0, 1;
    %store/vec4 v000002bc7be88690_0, 0, 1;
    %pushi/vec4 0, 0, 8;
    %store/vec4 v000002bc7be884b0_0, 0, 8;
    %delay 40000, 0;
    %load/vec4 v000002bc7be87fb0_0;
    %cmpi/e 1, 0, 1;
    %jmp/0xz  T_6.0, 6;
    %vpi_call 2 70 "$display", "[TB SUCCESS] FIFO full flag is successfully asserted!" {0 0 0};
    %jmp T_6.1;
T_6.0 ;
    %vpi_call 2 72 "$display", "[TB ERROR] FIFO is not reporting FULL after 8 writes." {0 0 0};
T_6.1 ;
    %vpi_call 2 76 "$display", "[TB] Releasing FSM reset. Draining pipeline starting..." {0 0 0};
    %release/net v000002bc7be88d70_0, 0, 1;
    %delay 1410065408, 2;
    %vpi_call 2 83 "$display", "[TB SUCCESS] Simulation complete. Verify results in GTKWave!" {0 0 0};
    %vpi_call 2 84 "$finish" {0 0 0};
    %end;
    .thread T_6;
# The file index is used to find the file name in the following table.
:file_names 7;
    "N/A";
    "<interactive>";
    "tb_project.v";
    "./project.v";
    "./fifo.v";
    "./uart.v";
    "./handshake_fsm.v";
